test_multi.library      21-Apr-98 22:42:44  Hunk Section                Page 1-1

 num hunk         size filename         punit    type         base  alv     size
   0 text         44dc lib:libent.o     libent   code            0    0       20
                       libinitr.o       libinitr code           20    5      498
                       test.o           test.c   code          508    1       4c
                       dispatch68k.o    dispatch code          564    1      474
                       testppc.o        testppc. codechip      9e8    2      298
                       dispatchppc.o    dispatch codechip      ca0   14      190
                       work:ppc/lib/scp userlibc code          f10    0        4
                       work:ppc/lib/scp userlibi code          f14    0        4
                       work:ppc/lib/scp _fpinit. codechip      f18    0       a8
                       work:ppc/lib/scp memmove. codechip      fc0    0       80
                       work:ppc/lib/scp _cxvfd.c codechip     1040    0      5f8
                       work:ppc/lib/scp strlen.c codechip     1638    0       30
                       work:ppc/lib/scp strcpy.c codechip     1668    0       38
                       work:ppc/lib/scp _stcd_i. codechip     16a0    0       c0
                       work:ppc/lib/scp _stcl_o. codechip     1760    0       98
                       work:ppc/lib/scp memchr.c codechip     17f8    0       50
                       work:ppc/lib/scp stpcpy.c codechip     1848    0       30
                       work:ppc/lib/scp stcul_d. codechip     1878    0       88
                       work:ppc/lib/scp stcl_h.c codechip     1900    0       98
                       work:ppc/lib/scp _constru codechip     1998    0       88
                       work:ppc/lib/scp _iob.c   codechip     1a20    0      438
                       work:ppc/lib/scp _getbuff codechip     1e58    0       90
                       work:ppc/lib/scp _strupr. codechip     1ee8    0       78
                       work:ppc/lib/scp _ufb.c   codechip     1f60    0      100
                       work:ppc/lib/scp _write.c codechip     2060    0      248
                       work:ppc/lib/scp _lseek.c codechip     22a8    0      140
                       work:ppc/lib/scp _chkufb. codechip     23e8    0       80
                       work:ppc/lib/scp printf.c codechip     2468    0      178
                       work:ppc/lib/scp fwrite.c codechip     25e0    0      1f8
                       work:ppc/lib/scp fflush.c codechip     27d8    0      178
                       work:ppc/lib/scp _pfmt.c  codechip     2950    0     1268
                       work:ppc/lib/scp _pf.c    codechip     3bb8    0       d0
                       work:ppc/lib/scp autoopen codechip     3c88    0      2b0
                       work:ppc/lib/scp syslib.c codechip     3f38    0       18
                       work:ppc/lib/scp doslib.c codechip     3f50    0       f8
                       work:ppc/lib/scp isdigit. codechip     4048    0       28
                       work:ppc/lib/scp io2errno codechip     4070    0       b8
                       work:ppc/lib/scp malloc.c codechip     4128    2      380
                       work:ppc/lib/scp elfentry code         44c8    0       14
   1 <noname>       14 T:JLS2AB.0001    __Libfun code            0    0       14
   2 <noname>       3c T:JLS2AB.0001    __Libfun code            0    0       3c
   3 data          1bc libinitr.o       libinitr data            0    0       10
                       work:ppc/lib/scp _cxvfd.c data           10    0        8
                       work:ppc/lib/scp stcl_h.c data           18    0       14
                       work:ppc/lib/scp sigfunc. data           2c    0       24
                       work:ppc/lib/scp ctype.c  data           50    0      104
                       work:ppc/lib/scp _stdv36. data          154    0       14
                       work:ppc/lib/scp _stdwin. data          168    0       14
                       work:ppc/lib/scp io2errno data          17c    0       40
   4 __MERGED      1d4 lib:libent.o     libent   data            0    0        4
                       test.o           test.c   data            4    0        4
                       dispatch68k.o    dispatch data            8    0       18
                       testppc.o        testppc. data           20    0       40
test_multi.library      21-Apr-98 22:42:44  Hunk Section                Page 1-2

 num hunk         size filename         punit    type         base  alv     size
                       T:JLS2AB.0002    _ctdt.o  data           60    0       24
                       T:JLS2AB.0003    _TOCFD.o data           84    0       10
                       work:ppc/lib/scp _cxvfd.c data           94    0       10
                       work:ppc/lib/scp stcl_h.c data           a4    0        4
                       work:ppc/lib/scp sigfunc. data           a8    0        4
                       work:ppc/lib/scp ctype.c  data           ac    0        4
                       work:ppc/lib/scp _constru data           b0    0        4
                       work:ppc/lib/scp _iob.c   data           b4    0       84
                       work:ppc/lib/scp _buffsiz data          138    0        4
                       work:ppc/lib/scp _ufb.c   data          13c    0        8
                       work:ppc/lib/scp _fmode.c data          144    0        8
                       work:ppc/lib/scp _write.c data          14c    0        4
                       work:ppc/lib/scp printf.c data          150    0        8
                       work:ppc/lib/scp _pfmt.c  data          158    0       20
                       work:ppc/lib/scp autoopen data          178    0       30
                       work:ppc/lib/scp doslib.c data          1a8    0       18
                       work:ppc/lib/scp _stdv36. data          1c0    0        4
                       work:ppc/lib/scp _stdwin. data          1c4    0        4
                       work:ppc/lib/scp io2errno data          1c8    0        c
                       libinitr.o       libinitr bss           1d4    0       1c
                       dispatch68k.o    dispatch bss           1f0    0       a8
                       work:ppc/lib/scp oserr.c  bss           298    0        4
                       work:ppc/lib/scp errno.c  bss           29c    0        4
                       work:ppc/lib/scp _constru bss           2a0    0        4
                       work:ppc/lib/scp _iob.c   bss           2a4    0       34
                       work:ppc/lib/scp _ufb.c   bss           2d8    0        8
                       work:ppc/lib/scp printf.c bss           2e0    0        4
                       work:ppc/lib/scp stdioptr bss           2e4    0        8
                       work:ppc/lib/scp oslibver bss           2ec    0        4
                       work:ppc/lib/scp syslib.c bss           2f0    0        4
                       work:ppc/lib/scp doslib.c bss           2f4    0        8
                       work:ppc/lib/scp malloc.c bss           2fc    0      c90
                       work:ppc/lib/scp elfentry bss           f8c    0        4
test_multi.library     21-Apr-98 22:42:44  Symbol Section               Page 2-1

symbol     offset:hunk symbol     offset:hunk symbol     offset:hunk
DOSBase       2f4:4    errno         29c:4    fflush       27d8:0   
free         4480:0    fwrite       25e0:0    isdigit      4048:0   
malloc       4430:0    memchr       17f8:0    memmove       fc0:0   
PPCAlloc    (4136:0)   PPCAlloc     (ca2:0)   PPCCallO     (9e8:0)  
PPCCreat     (ca4:0)   PPCCreat     (ca3:0)   PPCDelet     (caa:0)  
PPCDelet     (cab:0)   PPCFreeM    (4135:0)   PPCFreeV     (cac:0)  
PPCGetMe     (ca5:0)   PPCGetMe     (ca7:0)   PPCGetTa     (ca1:0)  
PPCReply     (ca8:0)   PPCSendM     (ca9:0)   PPCWaitP     (ca6:0)  
printf       24e0:0    stci_h       198c:0    strcpy       1668:0   
strlen       1638:0    SysBase       2f0:4    test1         b78:0   
test2         bfc:0    _b              4:4    _CallPPC      7b8:0   
_CXFXT5      1220:0    _CXVFD       12cc:0    _Dispatc      ca0:0   
_LinkerD       (0:*)   _NEWDATA       (0:*)   _NUMJMPS       (0:*)  
_OSERR        298:4    _PPCLibB      294:4    _PPCPort      290:4   
_RESBASE       (0:*)   _RESLEN        (0:*)   _Set_Elf     44c8:0   
_Startup      288:4    _Startup      284:4    _STD_110     3fe8:0   
_STD_250     4128:0    _STD_500     1f60:0    _STI_109     3f38:0   
_STI_110     3f98:0    _STI_500     1a64:0    _test1        508:0   
_test2        52c:0    _WBenchM      1ec:4    __autoop     3d10:0   
__BSSBAS       (0:*)   __BSSLEN       (0:*)   __buffsi      138:4   
__chkabo       20:0    __chkufb     23e8:0    __closef      2dc:4   
__constr     1998:0    __CoverL       (0:*)   __CoverS       (0:*)  
__ctors        64:4    __ctype        50:3    __dtors        74:4   
__ElfEnt      f8c:4    __ElfObj        0:*    __firstf      2d8:4   
__fmask       148:4    __fmode       144:4    __fpinit      f18:0   
__fpterm      f70:0    __getbuf     1e58:0    __io2err     4070:0   
__iob          b4:4    __LibClo      374:0    __LibExp      408:0   
__LibFun        0:2    __LibID        30:2    __LibIni       3e:0   
__LibIni        0:3    __Libmer        0:4    __LibNam       1c:2   
__LibOpe      1d8:0    __LibRev       (0:*)   __LibRom        4:0   
__LibVer       (0:*)   __lseek      22a8:0    __nufbs       13c:4   
__ONEXIT      1e4:4    __OSERR       1d4:4    __oslibv      2ec:4   
__pf         3bb8:0    __pfmt       2950:0    __PPC_te       58:4   
__PPC_te       5c:4    __sigfun       2c:3    __StackP      1dc:4   
__stcd_i     16a0:0    __stci_o     17e8:0    __stcl_h     1900:0   
__stcl_o     1760:0    __stcul_     1878:0    __stdinp      2e4:4   
__stdiov      154:3    __stdiow      168:3    __stdout      2e8:4   
__stpcpy     1848:0    __strupr     1ee8:0    __TOCFD_       8c:4   
__TOCFD_       84:4    __TOC___       ac:4    __TOC___       a8:4   
__TOC___      1c0:4    __TOC___      1c4:4    __ufbs        140:4   
__WBench      1e8:4    __write      2060:0    ___base       1d8:4   
___libfp      564:0    ___libfp      908:0    ___stack      1e0:4   
___UserL      f10:0    ___UserL      f14:0   
test_multi.library      21-Apr-98 22:42:44  Xref Section                Page 3-1

symbol   (Def) Module  Off (Ref) Module  Off (Ref) Module  Off (Ref) Module  Off
DOSBase  doslib.c        0 _lseek.c       7a _lseek.c       a6 _lseek.c      11e
                           _write.c       e2 _write.c      13a _write.c      17a
                           _write.c      1de _write.c      216 _ufb.c         ce
                           _iob.c         f2 _iob.c        1fe _iob.c        24a
                           _iob.c        2aa _iob.c        2ea _iob.c        31a
                           _iob.c        342 _iob.c        37a _iob.c        3ba
errno    errno.c         0 _chkufb.       2e _chkufb.       66 _lseek.c       3e
                           _lseek.c       be _write.c       3e _write.c       66
                           _write.c      22e _getbuff       4a
fflush   fflush.c        0 fwrite.c       dc fwrite.c      194 fwrite.c      1bc
free     malloc.c      358 _iob.c        214
fwrite   fwrite.c        0 printf.c       58 printf.c      140
isdigit  isdigit.        0 _stcd_i.       88
malloc   malloc.c      308 _getbuff       30 _iob.c        17c
memchr   memchr.c        0 _write.c       ac _write.c      1a8
memmove  memmove.        0 _pfmt.c       5b0
PPCAlloc malloc.c        e malloc.c       f8 malloc.c      19c malloc.c      210
                           malloc.c     44a8
PPCAlloc dispatch        2 dispatch       28 dispatch      e50
PPCCallO testppc.        0 doslib.c       34 doslib.c       d4 autoopen       30
                           autoopen       74 autoopen       dc autoopen      114
                           autoopen      164 autoopen      19c autoopen      1d0
                           autoopen      200 autoopen      234 autoopen      258
                           autoopen      280 _lseek.c       84 _lseek.c       b0
                           _lseek.c      128 _write.c       ec _write.c      144
                           _write.c      184 _write.c      1e8 _write.c      220
                           _ufb.c         d8 _iob.c         30 _iob.c         fc
                           _iob.c        208 _iob.c        254 _iob.c        2b4
                           _iob.c        2f4 _iob.c        324 _iob.c        34c
                           _iob.c        384 _iob.c        3c4 testppc.       38
                           testppc.       ac testppc.      108 testppc.      178
                           testppc.      c90
PPCCreat dispatch        4 dispatch       74 dispatch      e80
PPCCreat dispatch        3 dispatch       5c dispatch      e30
PPCDelet dispatch        a dispatch      15c dispatch      ef0
PPCDelet dispatch        b dispatch      164 dispatch      ea0
PPCFreeM malloc.c        d malloc.c       3c malloc.c       84 malloc.c      2b0
                           malloc.c     44b8
PPCFreeV dispatch        c dispatch      16c dispatch      eb0
PPCGetMe dispatch        5 dispatch       8c dispatch      140 dispatch      e70
PPCGetMe dispatch        7 dispatch       b8 dispatch      f00
PPCGetTa dispatch        1 dispatch       18 dispatch       40 dispatch      e60
PPCReply dispatch        8 dispatch       d4 dispatch      11c dispatch      e40
PPCSendM dispatch        9 dispatch      138 dispatch      ec0
PPCWaitP dispatch        6 dispatch       a4 dispatch      150 dispatch      e90
printf   printf.c       78 testppc.      1b0 testppc.      c80
strcpy   strcpy.c        0 stcl_h.c       64 stcul_d.       64 _stcl_o.       60
strlen   strlen.c        0 autoopen      16c autoopen      1a4 _pfmt.c       7cc
                           _iob.c        110 _iob.c        150 _iob.c        170
SysBase  syslib.c        0 doslib.c       56 doslib.c       ca autoopen       9e
                           autoopen      15a autoopen      276 autoopen      286
                           _iob.c        15a _iob.c        1be _iob.c        26e
test1    testppc.      190 _TOCFD.o        8 __Libfun        0
test_multi.library      21-Apr-98 22:42:44  Xref Section                Page 3-2

symbol   (Def) Module  Off (Ref) Module  Off (Ref) Module  Off (Ref) Module  Off
test2    testppc.      214 _TOCFD.o        0 __Libfun        a
_b       test.c          0 testppc.      1fe testppc.      27e testppc.      282
_CallPPC dispatch      254 test.c         18 test.c         40 test.c        554
_CXVFD   _cxvfd.c      28c _pfmt.c       ae4 _pfmt.c       b08
_Dispatc dispatch        0 dispatch       fa dispatch      9d8
_LinkerD       (0:*)       elfentry        6 printf.c        4 _TOCFD.o        c
                           _TOCFD.o        4 dispatch        a dispatch      26e
                           dispatch      3ae test.c          8 test.c         2e
_NEWDATA       (0:*)       libinitr      148 libinitr      162 libinitr      230
_NUMJMPS       (0:*)       libinitr       78
_OSERR   oserr.c         0 _chkufb.       12 _lseek.c       4e _lseek.c       b6
                           _write.c       5e _write.c      226
_RESLEN        (0:*)       libinitr        0 libinitr      1da libinitr      304
                           libinitr      396
_Set_Elf elfentry        0 libinitr      112 libinitr      2ca libinitr      4b8
_STD_110 doslib.c       98 _ctdt.o        1c
_STD_250 malloc.c        0 _ctdt.o        18
_STD_500 _ufb.c          0 _ctdt.o        14
_STI_109 syslib.c        0 _ctdt.o         4
_STI_110 doslib.c       48 _ctdt.o         8
_STI_500 _iob.c         44 _ctdt.o         c
_test1   test.c          0 __Libfun        6
_test2   test.c         24 __Libfun       10
_WBenchM libinitr       18 autoopen       ae autoopen      206 _iob.c         ba
                           _iob.c        136
__autoop autoopen       88 doslib.c       78
__buffsi _buffsiz        0 _getbuff       2e _getbuff       56
__chkabo libinitr        0 _lseek.c       20 _write.c       20
__chkufb _chkufb.        0 _lseek.c       28 _write.c       28
__constr _constru        0 _ctdt.o         0
__ctors  _ctdt.o         4 _constru        0 _fpinit.        e _fpinit.       7a
__dtors  _ctdt.o        14 _fpinit.       66
__ElfEnt elfentry        0 elfentry        a
__ElfObj        0:*        libinitr       88
__firstf _ufb.c          0 fflush.c      12a _iob.c         5a
__fmode  _fmode.c        0 _iob.c        3da
__fpinit _fpinit.        0 dispatch       84 dispatch      ed0
__fpterm _fpinit.       58 dispatch       cc dispatch      ee0
__getbuf _getbuff        0 fwrite.c      11c
__io2err io2errno        0 _write.c      228
__iob    _iob.c          0 printf.c       56 printf.c      13e printf.c      146
__LibClo libinitr      354 __Libfun        4
__LibExp libinitr      3e8 __Libfun        8
__LibFun __Libfun        0 libinitr        4
__LibID  __Libfun       30 libinitr       62 libent         16
__LibIni libinitr        0 libent         1a
__Libmer libent          0 libinitr      142
__LibNam __Libfun       1c libinitr       3a libinitr       98 libent         12
__LibOpe libinitr      1b8 __Libfun        0
__LibRev       (0:*)       libinitr       56
__LibRom libent          4 __Libfun        c
__LibVer       (0:*)       libinitr       4a libent          e
__lseek  _lseek.c        0 _write.c       8c
test_multi.library      21-Apr-98 22:42:44  Xref Section                Page 3-3

symbol   (Def) Module  Off (Ref) Module  Off (Ref) Module  Off (Ref) Module  Off
__nufbs  _ufb.c          0 _chkufb.       1e _iob.c        3ce _iob.c        3d6
__oslibv oslibver        0 doslib.c       5a autoopen      13a
__pf     _pf.c           0 printf.c      120
__pfmt   _pfmt.c         0 _pf.c          74
__PPC_te testppc.       38 test.c         10
__PPC_te testppc.       3c test.c         38
__stcd_i _stcd_i.        0 _pfmt.c       1bc _pfmt.c       258
__stcl_h stcl_h.c        0 _pfmt.c       754
__stcl_o _stcl_o.        0 _pfmt.c       720
__stcul_ stcul_d.        0 _pfmt.c       530
__stdinp stdioptr        0 _iob.c         5e
__stdout stdioptr        4 _iob.c         66
__stpcpy stpcpy.c        0 _iob.c        19c _iob.c        1b4 _iob.c        1d8
__strupr _strupr.        0 _pfmt.c       770
__TOCFD_ _TOCFD.o        8 testppc.       38
__TOCFD_ _TOCFD.o        0 testppc.       3c
__TOC___ ctype.c         0 isdigit.        a _strupr.       1a
__TOC___ sigfunc.        0 _ufb.c         12
__TOC___ _stdv36.        0 _iob.c        16e _iob.c        1d2
__TOC___ _stdwin.        0 autoopen       f6 _iob.c        10a _iob.c        116
                           _iob.c        196
__ufbs   _ufb.c          4 _chkufb.       3a _iob.c         86
__WBench libinitr       14 dispatch       e0
__write  _write.c        0 fflush.c       b0 fwrite.c      1cc _ufb.c         54
___libfp dispatch        0 libinitr      2e4 libinitr      4e8
___libfp dispatch      3a4 libinitr      300 libinitr      378 libinitr      4d8
___UserL userlibc        0 libinitr      372 libinitr      4c8
___UserL userlibi        0 libinitr      2f2 libinitr      4f8
