; WLALINK ($VER: wlalink 5.20 (23.6.2023)) listing file
; 2023-06-23 18:06:25

;Line Bank Slot PC   Offset Hex                             Source
                                                            
                                                                    .MEMORYMAP
                                                                       DEFAULTSLOT 0
                                                                       SLOTSIZE $2000
                                                                       SLOT 0 $0000
                                                                       SLOT 1 $2000
                                                                       SLOT 2 $4000
                                                                       SLOT 3 $6000
                                                                    .ENDME
                                                            
                                                                    .ROMBANKMAP
                                                                       BANKSTOTAL 4
                                                                       BANKSIZE $2000
                                                                       BANKS 4
                                                                    .ENDRO
                                                            
                                                                    .EMPTYFILL $00
                                                                    
                                                                    .BANK 0 SLOT 0
                                                                    .ORG 0
                                                            
                                                                    /////////////////////////////////////////////////////////////////////////////
                                                                    // TEST 1
                                                                    /////////////////////////////////////////////////////////////////////////////
                                                                    
                                                                    .SECTION "SectionB" FREE APPENDTO "SectionA" PRIORITY 18
   27 0000 0000 0013 0013   02 03                           label_B:.DB 2, 3
                                                                    .ENDS
                                                            
                                                                    .SECTION "SectionD" FREE APPENDTO "SectionC" PRIORITY 16
   31 0000 0000 0017 0017   06 07                           label_D:.DB 6, 7
   32 0000 0000 0019 0019   3C 30 31                                .DB "<01"
                                                                    .ENDS
                                                                    
                                                                    .SECTION "SectionA" FREE PRIORITY 19
   36 0000 0000 000E 000E   30 31 3E                                .DB "01>"
   37 0000 0000 0011 0011   00 01                           label_A:.DB 0, 1
                                                                    .ENDS
                                                            
                                                                    .SECTION "SectionC" FREE APPENDTO "SectionB" PRIORITY 17
   41 0000 0000 0015 0015   04 05                           label_C .DB 4, 5
                                                                    .ENDS
                                                            
                                                                    /////////////////////////////////////////////////////////////////////////////
                                                                    // TEST 2
                                                                    /////////////////////////////////////////////////////////////////////////////
                                                            
                                                                    .org $100
                                                                    
                                                                    .SECTION "Section2" SEMIFREE
   51 0000 0000 0005 0005   02 03                           label_2:.DB 2, 3
                                                                    .ENDS
                                                            
                                                                    .SECTION "Section4" FREE AFTER "Section3" PRIORITY 26
   55 0000 0000 0009 0009   06 07                           label_4:.DB 6, 7
   56 0000 0000 000B 000B   3C 30 32                                .DB "<02"
                                                                    .ENDS
                                                                    
                                                                    .SECTION "Section1" FREE PRIORITY 29
   60 0000 0000 0000 0000   30 32 3E                                .DB "02>"
   61 0000 0000 0003 0003   00 01                           label_1:.DB 0, 1
                                                                    .ENDS
                                                            
                                                                    .SECTION "Section3" FREE APPENDTO "Section2" PRIORITY 27
   65 0000 0000 0007 0007   04 05                           label_3 .DB 4, 5
                                                                    .ENDS
