; WLALINK ($VER: wlalink 5.20 (23.6.2023)) listing file
; 2023-06-23 15:58:03

;Line Bank Slot PC   Offset Hex                             Source
                                                            
                                                            ; testing listfile generation
                                                            
                                                            .MEMORYMAP
                                                            DEFAULTSLOT 1
                                                            SLOT 0 $0000 $2000
                                                            SLOT 1 STArT $2000 sIzE $2000
                                                            SLOT 2 START $8000 SIZE $2000
                                                            .ENDME
                                                            
                                                            .ROMBANKMAP
                                                            BANKSTOTAL 2
                                                            BANKSIZE $2000
                                                            BANKS 2
                                                            .ENDRO
                                                            
                                                            .EMPTYFILL $FF
                                                                    
                                                            ; @BT linked.gb
                                                                    
                                                                    .BANK 0 SLOT 0
                                                                    .ORGA 0
                                                            
   24 0000 0000 0000 0000   01                              start:  .db $01
   25 0000 0000 0001 0001   02                                      .db $02
                                                            startend:
                                                            
                                                                    .section "Section1" keep free
   29 0000 0000 0002 0002   03                                      .db $03
   30 0000 0000 0003 0003   04                                      .db $04
   31 0000 0000 0004 0004   05                                      .db $05
                                                                    .ends
                                                            
   34 0000 0000 0005 0005   06                                      .db $06
   35 0000 0000 0006 0006   07                                      .db $07
   36 0000 0000 0007 0007   08                                      .db $08
   37 0000 0000 0008 0008   09                                      .db $09
                                                            
                                                                    .include "data.i"
                                                                    
   41 0000 0000 000D 000D   01 01 01 01 01 01 01 01                 .dsb 8, $01
   42 0000 0000 0015 0015   11 22 11 22                             .dsw 2, $2211
   43 0000 0000 0019 0019   11 22 33 11 22 33                       .dsl 2, $332211
                                                            
                                                                    .section "Section2" keep returnorg
   46 0000 0000 0024 0024   0A                                      .db $0A
   47 0000 0000 0025 0025   0B                                      .db $0B
                                                                    .ends
                                                            
   50 0000 0000 001F 001F   0C                                      .db $0C
   51 0000 0000 0020 0020   0D                                      .db $0D
   52 0000 0000 0021 0021   50 51                                   .dw $5150
   53 0000 0000 0023 0023   52                                      .db $52
                                                            
                                                                    .bank 1 slot 2
                                                                    .org 0
                                                            
   58 0001 0002 8000 0000   0E                                      .db $0E
   59 0001 0002 8001 0001   0F                                      .db $0F
                                                            
                                                                    .orga $8100
                                                            
   63 0001 0002 8100 0100   10                                      .db $10
   64 0001 0002 8101 0101   11                                      .db $11
   65 0001 0002 8102 0102   12                                      .db $12
                                                            
                                                                    .section "Section3" keep force
   68 0001 0002 8103 0103   13                                      .db $13
   69 0001 0002 8104 0104   14                                      .db $14
                                                                    .ends
                                                            
   72 0001 0002 8105 0105   15                                      .db $15
   73 0001 0002 8106 0106   16                                      .db $16
   74 0001 0002 8107 0107   17                                      .db $17
                                                                    
