------------------------------------------------------------------------------
MagicUserInterface Application List                                      01/94
------------------------------------------------------------------------------

This is a (maybe incomplete) list of currently available MUI applications.
The first part contains information about application name, latest version,
author name, program status, source availability and a short description. The
second part shows where to find the programs and how to reach their authors.

The list is maintained by Stefan Stuntz (stuntz@informatik.tu-muenchen.de)
and updated about once a month. If you can't find your application here or
have some other information and/or corrections, please contact me.


------------------------------------------------------------------------------
Program      Version  Author          Status Src Description
------------------------------------------------------------------------------
AMan            1.2b  Frederek Althoff    FD  C  Manual browser
AmiMsgWin.lha   1.0   -                   FD  -  Message system for AmiTCP
AMosaic         1.1   Michael Fischer     FD  -  WWW Document Browser
                      Michael Witbrock
                      Mike Meyer
Anubis          beta  Marc Schroeer           -  Mailbox program
AvailMem        1.02  -                          Memory display
AVM             beta  Al Villarica               Advanced VoiceMail
CarCosts        3.03  Rüdiger Dreier      SW  -  Car cost calculator
CassLabel       1.2   Dirk Nehring        FD  -  Print audio cassette labels
Chaos           5.2   Jochen Wiedmann     FD  C  Manage chess tournaments
CDU             0.92  Ioannis Chatziandr. FD  -  DLG BBS CD-ROM Uploader
DFView          1.0   Dirk Federlein      FD  C  Multi purpose file viewer
DModP           2.1a  -                   FD  -  Module player
EditUsers       1.0   -                   FD  -  User/Group editor for MUFS
FindIt          1.0   Glade Diviney       FD  -  File hunter
Font            1.0   Mathias Scheler     FD  C  Replacement for font prefs
Haushaltsb.Del. 1.1   Wolf Software       CO  -  Home budget management
InfoWindow      1.0   Nick MacDonald      FD  -  View ARexx messages
IntuiCalc_MUI   1.0   Rüdiger Dreier      FD  -  Calculator
IntuiNews       1.1   Mathias Scheler     FD  -  UMS message reader
                      Markus Stipp
MousoMeter      3.0   Wolfgang Breyha     FD  -  Mouse movement measuring
                      Michael Matzl
MovieDataBase   2.6   Andre Bernhardt     FD  C  Movie Data Base
MUIBuilder      1.0   Eric Totel          GW  -  Application Builder
MuiEnv          1.2   Michael Suelmann    FD  -  Edit environment variables
MUIProCalc      1.2   Kai Iske            FD  C  Programmer calculator
MUI-Calc        1.0   Robert Poole        FD  -  RPN Calculator
MUI-EMail      37.84  Franz Hemmer        FD  C  UUCP Mail Tool
MUI-Exchange    1.0   Klaus Melchior      FD  C  Replacement for Exchange
MUI-TransAmiga  1.0   Francisco Moraes    FD  -  TransAmiga config utility
NetProbe        3.10  Hakan Tandogan      FD  C  Envoy Information gatherer
Recall          2.0   Ketil Hunn          FD  C  Reminder tool
ScaleIcon       1.5   Frode Fjeld         FD  -  Scale workbench icons
ThorStat        1.63  Eivind Nordseth     SW  -  Stat program for THOR
TransAmigaConf  1.0   -                   FD  -  TransAmiga Configurator
VolFree        37.1   Franz Hemmer        FD  C  Display free volume space
WbMan           1.0   Klaus Melchior      FD  C  Manage WBStartup drawer
WinGnuPlot      1.0   Michael Illgner     FD  C  Amiga GNU Plot port
------------------------------------------------------------------------------
Status.: FD=freely distributable, GW=giftware, SW=shareware, CO=commercial
Src....: C = C source, M = Modula source, O = Oberon source
------------------------------------------------------------------------------


------------------------------------------------------------------------------
Program        Aminet dir/file          Author's e-mail address
------------------------------------------------------------------------------
AMan                                    frederek@techfak.uni-bielefeld.de
AmiMsgWin      comm/net/AmiMsgWin.lha   -
AMosaic                                 amosaic-bugs@max.physics.sunysb.edu
Anubis                                  schroeer@zuse.informatik.uni-dortmund*
AvailMem       os20/wb                  -
AVM                                     rvillari@cat.syr.edu
CarCosts       biz/dbase/carcosts303.l* ruediger.dreier@post.uni-bielefeld.de
CassLabel      text/print/CassLabelMUI* dnehring@techfak.uni-bielefeld.de
Chaos          -                        wiedmann@mailserv.zdv.uni-tuebingen.de
CDU                                     greeky@ouzonix.bo.open.de
DFView         dev/gui/mui14*           dirkf@alcmy.franken.de
DModP          mus/misc/DmodP21a.lha    -
EditUsers      os20/util/EditUsers.lha  -
FindIt         -                        divineg@prism.cs.orst.edu
Font           dev/gui/mui14*           tron@uni-paderborn.de
Haushaltsb.Del -                        -
InfoWindow     util/rexx/InfoWin10.lha  i6t4@jupiter.sun.csd.unb.ca
IntuiCalc_MUI  os20/wb/IntuiCalcMUI.lha ruediger.dreier@post.uni-bielefeld.de
IntuiNews      comm/ums/IntuiNews1_1.l* tron@uni-paderborn.de
                                        corwin@uni-paderborn.de
MousoMeter     os20/cdity/MUIMousoMete* -
MovieDataBase  biz/dbase/mdb2_6*.lha    ujad@rz.uni-karlsruhe.de
MUIBuilder     dev/gui/MUIBuilder.lha   totel@laas.fr
MuiEnv         os20/util/MuiEnv1_2.lha  suelmann@forwiss.uni-passau.de
MUIProCalc     os20/util/MCalc12.lha    kai@iske.adsp.sub.org
MUI-Calc       util/wb/muicalc10.lha    pooler@rpi.edu
MUI-EMail      comm/mail/MUIEmail_V37.* franz@hemsoft.ping.dk
MUI-Exchange   dev/gui/mui14*           kmel@eifel.adsp.sub.org
MUI-TransAmiga comm/bbs/muita.lha       maestro@fee.unicamp.br
NetProbe       comm/envoy               hakan@kahalo.franken.de
Recall         os20/util/RecallV20.lha  hunn@dhmolde.no
ScaleIcon      gfx/misc/ScaleIcon.lha   frodef@stud.cs.uit.no
ThorStat       comm/misc/thor10.lha     eivindno@idt.unit.no
TransamigaConf comm/bbs/muita.lha       -
VolFree        -                        franz@hemsoft.ping.dk
WbMan          dev/gui/mui14*           kmel@eifel.adsp.sub.org
WinGnuPlot     util/gnu/WinGnuPlot.lha  fillg1@uni-paderborn.de
------------------------------------------------------------------------------
