; WLALINK ($VER: wlalink 5.20 (23.6.2023)) listing file
; 2023-06-23 18:15:00

;Line Bank Slot PC   Offset Hex                             Source
                                                            
                                                                    .EMPTYFILL 0
                                                                    
                                                                    .MEMORYMAP
                                                                       DEFAULTSLOT 0
                                                                       SLOTSIZE $2000
                                                                       SLOT 0 $0000
                                                                       SLOT 1 $A000
                                                                       SLOT 2 $E000
                                                                    .ENDME
                                                            
                                                                    .ROMBANKMAP
                                                                       BANKSTOTAL 16
                                                                       BANKSIZE $2000
                                                                       BANKS 16
                                                                    .ENDRO
                                                            
                                                                    .BANK 0 SLOT 0
                                                                    .ORG 0
                                                            
                                                                    
                                                                    .MACRO DEEP2
                                                                    .DB $aa, $bb
                                                                    .ENDM
                                                            
                                                                    .MACRO DEEP1
                                                                    .DB 0, 1
                                                                    DEEP2
                                                                    .DB 2, 3
                                                                    .ENDM
                                                            
                                                                    .MACRO HELLO
                                                                    .DB 9, 8
                                                                    .DB 7, 6
                                                                    .ENDM
                                                                    
                                                                    .SECTION "SectionA" FREE
   38 0000 0000 0016 0016   02 03                           label_A:.DB 2, 3
   39 0000 0000 0018 0018   04 05                                   .DB 4, 5
                                                                    .ENDS
                                                            
   33 0000 0000 0000 0000   09 08                                   .SECTION "SectionX" FREE
   34 0000 0000 0002 0002   07 06 
   33 0000 0000 0004 0004   09 08                                   HELLO
   34 0000 0000 0006 0006   07 06 
   23 0000 0000 000A 000A   AA BB 
   29 0000 0000 000C 000C   02 03 
   27 0000 0000 0008 0008   00 01                                   HELLO
                                                                    DEEP1
                                                            
                                                                    .REPEAT 4 INDEX COUNT
   48 0000 0000 000E 000E   00                                      .DB COUNT
   48 0000 0000 000F 000F   01 
   48 0000 0000 0010 0010   02 
   48 0000 0000 0011 0011   03 
                                                                    .ENDR
                                                                    
   51 0000 0000 0012 0012   01 02                                   .DB 1, 2
   52 0000 0000 0014 0014   03 04                                   .DB 3, 4
                                                                    .ENDS
                                                            
                                                                    .INCLUDE "main_1.inc"
                                                                    .INCLUDE "main_2.inc"
                                                            
                                                                    .SECTION "SectionY" FREE
   59 0000 0000 0022 0022   0A 0B                                   .DB $0a, $0b
                                                                    .ENDS
                                                            
    7 0000 0000 0024 0024   12 34                                   .SECTION "SectionZ" FREE
                                                                    MAIN_1
                                                                    .ENDS
                                                            
                                                            
