ADD_PAUSE_INT			= 0607, G: ADD_PAUSE_INT
CALL_INT_HANDLER		= 008E, L: SMS_CRT0
CLEANUP				= 0128, G: SMS_CRT0
DEFAULTINITIALISEVDP		= 012C, L: SMS_CRT0
DRAWONELINE			= 0745, G: DRAWONELINE
ENDLOOP				= 0129, L: SMS_CRT0
FILLER1				= 0015, L: SMS_CRT0
FILLER2				= 004C, L: SMS_CRT0
FILLER3				= 008F, L: SMS_CRT0
FOUND				= 0619, L: ADD_PAUSE_INT
GET_VCOUNT			= 0FA6, G: GET_VCOUNT
INT_DONE			= 0087, L: SMS_CRT0
INT_HANDLER			= 0073, L: SMS_CRT0
INT_LOOP			= 0076, L: SMS_CRT0
INT_PAUSE			= 0066, L: SMS_CRT0
INT_RASTER			= 0038, L: SMS_CRT0
I_11				= 01EA, L: TEST
I_12				= 0237, L: TEST
I_13				= 022D, L: TEST
I_14				= 0256, L: TEST
I_15				= 02A3, L: TEST
I_16				= 0299, L: TEST
I_17				= 0356, L: TEST
I_18				= 0601, L: TEST
I_19				= 05FE, L: TEST
I_20				= 0382, L: TEST
I_21				= 03A2, L: TEST
I_22				= 03C2, L: TEST
I_23				= 03E2, L: TEST
I_24				= 0402, L: TEST
I_25				= 0422, L: TEST
I_26				= 044E, L: TEST
I_27				= 046E, L: TEST
I_28				= 048E, L: TEST
I_29				= 04AE, L: TEST
I_30				= 04C6, L: TEST
I_31				= 04DE, L: TEST
I_32				= 052C, L: TEST
I_33				= 055A, L: TEST
I_34				= 05AF, L: TEST
I_35				= 05A5, L: TEST
LINELOOP			= 0733, L: SET_BKG_MAP
LOADPALETTE			= 062B, L: LOAD_PALETTE
LOADTILES			= 0650, L: LOAD_TILES
LOAD_PALETTE			= 061D, G: LOAD_PALETTE
LOAD_TILES			= 0637, G: LOAD_TILES
LOOP				= 0FA8, L: GET_VCOUNT
LOOP				= 0F9C, L: WAIT_VBLANK_NOINT
LOOP				= 074D, L: DRAWONELINE
LOOP				= 0611, L: ADD_PAUSE_INT
L_AND				= 06A6, G: L_AND
L_CMP				= 06BE, G: L_CMP
L_COM				= 06CF, G: L_COM
L_DCAL				= 012B, G: SMS_CRT0
L_GCHAR				= 06AD, G: L_GCHAR
L_GINT				= 06B3, G: L_GINT
L_GT				= 06B8, G: L_GT
L_NEG				= 06CA, G: L_NEG
L_PINT				= 06D6, G: L_PINT
L_SXT				= 06AE, L: L_GCHAR
NOTCARRY			= 073F, L: SET_BKG_MAP
READ_JOYPAD1			= 06DC, G: READ_JOYPAD1
READ_JOYPAD2			= 06E3, G: READ_JOYPAD2
SCROLL_BKG			= 06F6, G: SCROLL_BKG
SET_BKG_MAP			= 070B, G: SET_BKG_MAP
SET_SPRITE			= 0766, G: SET_SPRITE
SET_VDP_REG			= 078F, G: SET_VDP_REG
STANDARD_FONT			= 079C, G: STANDARD_FONT
START				= 0100, L: SMS_CRT0
VRAMTOHL			= 075B, G: VRAMTOHL
WAIT_VBLANK_NOINT		= 0F9C, G: WAIT_VBLANK_NOINT
_BG1				= 017C, G: TEST
_BLANKLOOP			= 068B, L: LOAD_TILES
_CHR1				= 016C, G: TEST
_DATA				= 013A, L: SMS_CRT0
_DATALOOP			= 067F, L: LOAD_TILES
_END				= 014C, L: SMS_CRT0
_HELLO				= 019C, G: TEST
_LOOP				= 067E, L: LOAD_TILES
_MAIN				= 02A7, G: TEST
_NOMOREBLANKS			= 0699, L: LOAD_TILES
_PAL1				= 014C, G: TEST
_PAL2				= 015C, G: TEST
_PAUSE_HANDLER			= 023B, G: TEST
_TEST				= 01B6, G: TEST
_TEST2				= 01C5, G: TEST
_TEST3				= 01CB, G: TEST
_VBL_HANDLER			= 01CF, G: TEST
_VFPRINTF			= 014C, G: SMS_CRT0


FILLER1				= 0015, L: SMS_CRT0
INT_RASTER			= 0038, L: SMS_CRT0
FILLER2				= 004C, L: SMS_CRT0
INT_PAUSE			= 0066, L: SMS_CRT0
INT_HANDLER			= 0073, L: SMS_CRT0
INT_LOOP			= 0076, L: SMS_CRT0
INT_DONE			= 0087, L: SMS_CRT0
CALL_INT_HANDLER		= 008E, L: SMS_CRT0
FILLER3				= 008F, L: SMS_CRT0
START				= 0100, L: SMS_CRT0
CLEANUP				= 0128, G: SMS_CRT0
ENDLOOP				= 0129, L: SMS_CRT0
L_DCAL				= 012B, G: SMS_CRT0
DEFAULTINITIALISEVDP		= 012C, L: SMS_CRT0
_DATA				= 013A, L: SMS_CRT0
_VFPRINTF			= 014C, G: SMS_CRT0
_PAL1				= 014C, G: TEST
_END				= 014C, L: SMS_CRT0
_PAL2				= 015C, G: TEST
_CHR1				= 016C, G: TEST
_BG1				= 017C, G: TEST
_HELLO				= 019C, G: TEST
_TEST				= 01B6, G: TEST
_TEST2				= 01C5, G: TEST
_TEST3				= 01CB, G: TEST
_VBL_HANDLER			= 01CF, G: TEST
I_11				= 01EA, L: TEST
I_13				= 022D, L: TEST
I_12				= 0237, L: TEST
_PAUSE_HANDLER			= 023B, G: TEST
I_14				= 0256, L: TEST
I_16				= 0299, L: TEST
I_15				= 02A3, L: TEST
_MAIN				= 02A7, G: TEST
I_17				= 0356, L: TEST
I_20				= 0382, L: TEST
I_21				= 03A2, L: TEST
I_22				= 03C2, L: TEST
I_23				= 03E2, L: TEST
I_24				= 0402, L: TEST
I_25				= 0422, L: TEST
I_26				= 044E, L: TEST
I_27				= 046E, L: TEST
I_28				= 048E, L: TEST
I_29				= 04AE, L: TEST
I_30				= 04C6, L: TEST
I_31				= 04DE, L: TEST
I_32				= 052C, L: TEST
I_33				= 055A, L: TEST
I_35				= 05A5, L: TEST
I_34				= 05AF, L: TEST
I_19				= 05FE, L: TEST
I_18				= 0601, L: TEST
ADD_PAUSE_INT			= 0607, G: ADD_PAUSE_INT
LOOP				= 0611, L: ADD_PAUSE_INT
FOUND				= 0619, L: ADD_PAUSE_INT
LOAD_PALETTE			= 061D, G: LOAD_PALETTE
LOADPALETTE			= 062B, L: LOAD_PALETTE
LOAD_TILES			= 0637, G: LOAD_TILES
LOADTILES			= 0650, L: LOAD_TILES
_LOOP				= 067E, L: LOAD_TILES
_DATALOOP			= 067F, L: LOAD_TILES
_BLANKLOOP			= 068B, L: LOAD_TILES
_NOMOREBLANKS			= 0699, L: LOAD_TILES
L_AND				= 06A6, G: L_AND
L_GCHAR				= 06AD, G: L_GCHAR
L_SXT				= 06AE, L: L_GCHAR
L_GINT				= 06B3, G: L_GINT
L_GT				= 06B8, G: L_GT
L_CMP				= 06BE, G: L_CMP
L_NEG				= 06CA, G: L_NEG
L_COM				= 06CF, G: L_COM
L_PINT				= 06D6, G: L_PINT
READ_JOYPAD1			= 06DC, G: READ_JOYPAD1
READ_JOYPAD2			= 06E3, G: READ_JOYPAD2
SCROLL_BKG			= 06F6, G: SCROLL_BKG
SET_BKG_MAP			= 070B, G: SET_BKG_MAP
LINELOOP			= 0733, L: SET_BKG_MAP
NOTCARRY			= 073F, L: SET_BKG_MAP
DRAWONELINE			= 0745, G: DRAWONELINE
LOOP				= 074D, L: DRAWONELINE
VRAMTOHL			= 075B, G: VRAMTOHL
SET_SPRITE			= 0766, G: SET_SPRITE
SET_VDP_REG			= 078F, G: SET_VDP_REG
STANDARD_FONT			= 079C, G: STANDARD_FONT
WAIT_VBLANK_NOINT		= 0F9C, G: WAIT_VBLANK_NOINT
LOOP				= 0F9C, L: WAIT_VBLANK_NOINT
GET_VCOUNT			= 0FA6, G: GET_VCOUNT
LOOP				= 0FA8, L: GET_VCOUNT
