; WLALINK ($VER: wlalink 5.20 (23.6.2023)) listing file
; 2023-06-23 15:57:21

;Line Base Bank Slot PC   Offset Hex
                                                                 
                                                                 .memorymap
                                                                         slotsize $8000
                                                                         defaultslot 1
                                                                         slot 0 $0000
                                                                         slot 1 $8000
                                                                 .endme                    
                                                                 
                                                                 .lorom
                                                                 
                                                                 .rombanksize $8000
                                                                 .rombanks 3
                                                                 
                                                                 .DEF prev_term $0000
                                                                 
                                                                 .MACRO .term ARGS str
                                                                 __\._\@:
                                                                         .WORD  prev_term
                                                                         .REDEF prev_term CADDR - 2
                                                                         .BYTE  str.length, str, 0
                                                                 .ENDM
                                                                 
                                                                 .DEF prev_test $0000
                                                                         
                                                                 .MACRO .test ARGS str
                                                                 __\._{\@+1}:
                                                                         .PRINT __\._{\@+1}, "\n"
                                                                         .WORD  prev_test
                                                                         .REDEF prev_test __\._{\@+1}
                                                                         .BYTE  str.length, str, 0
                                                                         .DW __\._{\@+1}
                                                                         .DW __\._{\@+1}+1
                                                                 .ENDM
                                                                 
                                                                 .MACRO .storager
                                                                         .DB \@, \@+1, 1+\@+1, \@-1
                                                                 .ENDM
                                                                 
                                                                 ; @BT result.rom
                                                                         
                                                                 .bank 0 slot 1
                                                                 .section "Bank0" force
                                                                 main:
   44 0000 0000 0001 8000 0000   30 31 3E                                .db "01>"       ; @BT TEST-01 01 START
   18 0000 0000 0001 8003 0003   00 00 
   20 0000 0000 0001 8005 0005   03 59 45 53 00 
                                                                         .term "YES"     ; @BT 00 00 03 59 45 53 00
   46 0000 0000 0001 800A 000A   3C 30 31                                .db "<01"       ; @BT END
                                                                 
   48 0000 0000 0001 800D 000D   30 32 3E                                .db "02>"       ; @BT TEST-02 02 START
   18 0000 0000 0001 8010 0010   0E 80 
   20 0000 0000 0001 8012 0012   02 4E 4F 00 
                                                                         .term "NO"      ; @BT 0E 80 02 4E 4F 00
   50 0000 0000 0001 8016 0016   3C 30 32                                .db "<02"       ; @BT END
                                                                 
   52 0000 0000 0001 8019 0019   30 33 3E                                .db "03>"       ; @BT TEST-03 03 START
   18 0000 0000 0001 801C 001C   1A 80 
   20 0000 0000 0001 801E 001E   05 48 45 4C 4C 4F 00 
                                                                         .term "HELLO"   ; @BT 1A 80 05 48 45 4C 4C 4F 00
   54 0000 0000 0001 8025 0025   3C 30 33                                .db "<03"       ; @BT END
                                                                 
   56 0000 0000 0001 8028 0028   30 34 3E                                .db "04>"       ; @BT TEST-04 04 START
   28 0000 0000 0001 802B 002B   00 00 
   30 0000 0000 0001 802D 002D   02 4A 41 00 
   31 0000 0000 0001 8031 0031   2B 80 
   32 0000 0000 0001 8033 0033   2C 80 
                                                                         .test "JA"      ; @BT 00 00 02 4A 41 00 2B 80 2C 80
   58 0000 0000 0001 8035 0035   3C 30 34                                .db "<04"       ; @BT END
                                                                 
   60 0000 0000 0001 8038 0038   30 35 3E                                .db "05>"       ; @BT TEST-05 05 START
   28 0000 0000 0001 803B 003B   2B 80 
   30 0000 0000 0001 803D 003D   04 4E 45 49 4E 00 
   31 0000 0000 0001 8043 0043   3B 80 
   32 0000 0000 0001 8045 0045   3C 80 
                                                                         .test "NEIN"    ; @BT 2B 80 04 4E 45 49 4E 00 3B 80 3C 80
   62 0000 0000 0001 8047 0047   3C 30 35                                .db "<05"       ; @BT END
                                                                 
   64 0000 0000 0001 804A 004A   30 36 3E                                .db "06>"       ; @BT TEST-06 06 START
   28 0000 0000 0001 804D 004D   3B 80 
   30 0000 0000 0001 804F 004F   05 48 41 4C 4C 4F 00 
   31 0000 0000 0001 8056 0056   4D 80 
   32 0000 0000 0001 8058 0058   4E 80 
                                                                         .test "HALLO"   ; @BT 3B 80 05 48 41 4C 4C 4F 00 4D 80 4E 80
   66 0000 0000 0001 805A 005A   3C 30 36                                .db "<06"       ; @BT END
                                                                 
   68 0000 0000 0001 805D 005D   30 37 3E                                .db "07>"       ; @BT TEST-07 07 START
   36 0000 0000 0001 8060 0060   00 01 02 FF 
                                                                         .storager       ; @BT 00 01 02 FF
   70 0000 0000 0001 8064 0064   3C 30 37                                .db "<07"       ; @BT END
                                                                 
                                                                 MIDDLE1 = 1+2+3
                                                                 MIDDLE2= 1+1+1
                                                                         MIDDLE3 = 1+2
                                                                 MIDDLE4 =1+1-1
                                                                 MIDDLE5=2+1+1
                                                                         MIDDLE6=1+1
                                                                         MIDDLE7= 1+1
                                                                         MIDDLE8 =1+1
                                                                 
   81 0000 0000 0001 8067 0067   30 38 3E                                .db "08>"               ; @BT TEST-08 08 START
   82 0000 0000 0001 806A 006A   07                                      .db MIDDLE1 + 1,        ; @BT 07
   83 0000 0000 0001 806B 006B   05                                      .db 1 + MIDDLE2 + 1,    ; @BT 05
   84 0000 0000 0001 806C 006C   04                                      .db MIDDLE3 + 1         ; @BT 04
   85 0000 0000 0001 806D 006D   04                                      .db 2 + MIDDLE4 +1,     ; @BT 04
   86 0000 0000 0001 806E 006E   08                                      .db 3 + MIDDLE5 + 1     ; @BT 08
   87 0000 0000 0001 806F 006F   04                                      .db 1 + MIDDLE6 + 1,    ; @BT 04
   88 0000 0000 0001 8070 0070   06                                      .db 2 + MIDDLE7 + 2,    ; @BT 06
   89 0000 0000 0001 8071 0071   08                                      .db 3 + MIDDLE8 + 3     ; @BT 08
   90 0000 0000 0001 8072 0072   3C 30 38                                .db "<08"               ; @BT END
                                                                 .ends
                                                                 
                                                                 .macro MACROX   
                                                                         .dw Start\1
                                                                         .dw Start\1End
                                                                         .dw \1Start
                                                                         .db :Start\1 + 1
                                                                         .db :Start\1End + 1
                                                                         .db :\1Start + 1
                                                                 .endm
                                                                 
                                                                 .section "TestingMACROX" force
                                                                 StartHello:
                                                                 StartHelloEnd:
                                                                 HelloStart:
  106 0000 0000 0001 8075 0075   30 39 3E                                .db "09>"       ; @BT TEST-09 09 START
   94 0000 0000 0001 8078 0078   75 80 
   95 0000 0000 0001 807A 007A   75 80 
   96 0000 0000 0001 807C 007C   75 80 
   97 0000 0000 0001 807E 007E   01 
   98 0000 0000 0001 807F 007F   01 
   99 0000 0000 0001 8080 0080   01 
                                                                         MACROX Hello    ; @BT 75 80 75 80 75 80 01 01 01
  108 0000 0000 0001 8081 0081   3C 30 39                                .db "<09"       ; @BT END
                                                                 .ends
                                                                 
                                                                 .macro .differentThings1
                                                                         .if \?1 == ARG_NUMBER
                                                                                 .db 1
                                                                         .elif \?1 == ARG_STRING
                                                                                 .db 2
                                                                         .elif \?1 == ARG_LABEL
                                                                                 .db 3
                                                                         .elif \?1 == ARG_PENDING_CALCULATION
                                                                                 .db 4
                                                                         .else
                                                                                 .fail "WLA IS BROKEN!"
                                                                         .endif
                                                                 .endm
                                                                         
                                                                 .section "TestingDifferentThings1"
  126 0000 0000 0001 80AD 00AD   31 30 3E                                .db "10>"                       ; @BT TEST-10 10 START
  113 0000 0000 0001 80B0 00B0   01 
  116 0000 0000 0001 80B1 00B1   02                              TDT1:   .differentThings1 100           ; @BT 01
  119 0000 0000 0001 80B2 00B2   03                                      .differentThings1 "HELLO"       ; @BT 02
  122 0000 0000 0001 80B3 00B3   04                                      .differentThings1 TDT1          ; @BT 03
                                                                         .differentThings1 TDT1+1        ; @BT 04
  131 0000 0000 0001 80B4 00B4   3C 31 30                                .db "<10"                       ; @BT END
                                                                 .ends
                                                                 
                                                                 .macro .differentThings2
                                                                 .if \?2 == ARG_NUMBER
                                                                         .db 1
                                                                 .endif
                                                                 .if \?2 == ARG_STRING
                                                                         .db 2
                                                                 .endif
                                                                 .if \?2 == ARG_LABEL
                                                                         .db 3
                                                                 .endif
                                                                 .if \?2 == ARG_PENDING_CALCULATION
                                                                         .db 4
                                                                 .endif
                                                                 .endm
                                                                 
                                                                 .macro REFERENCE_LABELS
                                                                   .dw LABEL_{\@+1}
                                                                   .dw LABEL_{\@+2}
                                                                   .dw LABEL_{\@+3}
                                                                   .dw LABEL_\@+1
                                                                   .dw LABEL_{\@+1}+1
                                                                 .endm
                                                                 
                                                                 .section "TestingDifferentThings2"
  158 0000 0000 0001 8084 0084   31 31 3E                                .db "11>"                               ; @BT TEST-11 11 START
  136 0000 0000 0001 8087 0087   01 
  139 0000 0000 0001 8088 0088   02                              TDT2:   .differentThings2 TDT2+1, 100           ; @BT 01
  142 0000 0000 0001 8089 0089   03                                      .differentThings2 TDT2, "HELLO"         ; @BT 02
  145 0000 0000 0001 808A 008A   04                                      .differentThings2 "HELLO", TDT2         ; @BT 03
                                                                         .differentThings2 100, TDT2+1           ; @BT 04
  163 0000 0000 0001 808B 008B   3C 31 31                                .db "<11"                               ; @BT END
                                                                 
  165 0000 0000 0001 808E 008E   EA                              LABEL_0 nop
  166 0000 0000 0001 808F 008F   EA                              LABEL_1 nop
  167 0000 0000 0001 8090 0090   EA                              LABEL_2 nop
  168 0000 0000 0001 8091 0091   EA                              LABEL_3 nop
                                                                 
  170 0000 0000 0001 8092 0092   31 32 3E                                .db "12>"               ; @BT TEST-12 12 START
  150 0000 0000 0001 8095 0095   8F 80 
  151 0000 0000 0001 8097 0097   90 80 
  152 0000 0000 0001 8099 0099   91 80 
  153 0000 0000 0001 809B 009B   8F 80 
  154 0000 0000 0001 809D 009D   90 80 
                                                                         REFERENCE_LABELS        ; @BT 8F 80 90 80 91 80 8F 80 90 80
  172 0000 0000 0001 809F 009F   3C 31 32                                .db "<12"               ; @BT END
                                                                 
                                                                 .MACRO  _set
                                                                         lda #\1
                                                                         sta main.w, x
                                                                 .ENDM
                                                                 
                                                                 .DEF SOME_CONST 1
                                                                         
  181 0000 0000 0001 80A2 00A2   31 33 3E                                .db "13>"               ; @BT TEST-13 13 START
  175 0000 0000 0001 80A5 00A5   A9 01 
  176 0000 0000 0001 80A7 00A7   9D 00 80 
                                                                         _set SOME_CONST         ; @BT A9 01 9D 00 80
  183 0000 0000 0001 80AA 00AA   3C 31 33                                .db "<13"               ; @BT END
                                                                 .ends
                                                                 
                                                                         .MACRO TEST
                                                                         .IF NARGS == 0          ; inside a .MACRO NARGS holds the number of arguments
                                                                             .DB 0               ; the .MACRO was called with
                                                                         .ELIF NARGS == 1
                                                                             .DB \1
                                                                         .ELIF NARGS == 2
                                                                             .DB \1, \2
                                                                         .ELIF NARGS == 3
                                                                             .DB \1, \2, \3
                                                                         .ENDIF
                                                                         .ENDM
                                                                 
  198 0000 0000 0001 80B7 00B7   31 34 3E                                .db "14>"               ; @BT TEST-14 14 START
  188 0000 0000 0001 80BA 00BA   00 
  191 0000 0000 0001 80BB 00BB   01                                      TEST                    ; @BT 00
  194 0000 0000 0001 80BC 00BC   02 03                                   TEST 1                  ; @BT 01
  197 0000 0000 0001 80BE 00BE   04 05 06                                TEST 2, 3               ; @BT 02 03
                                                                         TEST 4, 5, 6            ; @BT 04 05 06
  203 0000 0000 0001 80C1 00C1   3C 31 34                                .db "<14"               ; @BT END
                                                                 
                                                                         ///////////////////////////////////////////////////////////////////////////////
                                                                         // .MACRO isolation tests
                                                                         ///////////////////////////////////////////////////////////////////////////////
                                                                 
                                                                         // 1
                                                                         
                                                                         .bank 0 slot 1
                                                                         .orga $A000
                                                                 
                                                                         .macro INSIDEISOLATEDMACRO ISOLATED
                                                                 @Son2:
                                                                         .endm
                                                                         
                                                                         .macro ISOLATIONTEST1 ISOLATED
                                                                 IAmIsolated:
                                                                 @Son2:  .dw IAmIsolated
                                                                 @Son1:
                                                                         INSIDEISOLATEDMACRO
                                                                         .dw IAmIsolated@Son1
                                                                         .dw IAmIsolated@Son2
                                                                         .endm
                                                                 
  227 0000 0000 0001 A000 2000   31 35 3E                                .db "15>"               ; @BT TEST-15 15 START
  223 0000 0000 0001 A005 2005   05 A0 
  224 0000 0000 0001 A007 2007   03 A0 
  220 0000 0000 0001 A003 2003   03 A0                           BaseMaster:
                                                                         ISOLATIONTEST1          ; @BT 03 A0 05 A0 03 A0
  230 0000 0000 0001 A009 2009   09 A0                           @Child1:.dw BaseMaster@Child1   ; @BT 09 A0
  231 0000 0000 0001 A00B 200B   3C 31 35                                .db "<15"               ; @BT END
                                                                         
                                                                         // 2
                                                                 
                                                                         .bank 0 slot 1
                                                                         .orga $A100
                                                                 
                                                                         .macro LOCALREFERENCE1 ISOLATED
                                                                 -       .dw -
                                                                 -       .dw -
                                                                         .endm
                                                                 
  243 0000 0000 0001 A100 2100   31 36 3E                                .db "16>"               ; @BT TEST-16 16 START
  244 0000 0000 0001 A103 2103   00                              -       .db 0                   ; @BT 00
  239 0000 0000 0001 A104 2104   04 A1 
  240 0000 0000 0001 A106 2106   06 A1 
                                                                         LOCALREFERENCE1         ; @BT 04 A1 06 A1
  246 0000 0000 0001 A108 2108   03 A1                                   .dw -                   ; @BT 03 A1
  247 0000 0000 0001 A10A 210A   3C 31 36                                .db "<16"               ; @BT END
                                                                         
                                                                         // 3
                                                                 
                                                                         .bank 0 slot 1
                                                                         .orga $A200
                                                                 
                                                                         .macro LOCALREFERENCE2 ISOLATED
                                                                 __      .dw _b
                                                                         .endm
                                                                 
  258 0000 0000 0001 A200 2200   31 37 3E                                .db "17>"               ; @BT TEST-17 17 START
  259 0000 0000 0001 A203 2203   00                              __      .db 0                   ; @BT 00
  255 0000 0000 0001 A204 2204   04 A2 
                                                                         LOCALREFERENCE2         ; @BT 04 A2
  261 0000 0000 0001 A206 2206   03 A2                                   .dw _b                  ; @BT 03 A2
  262 0000 0000 0001 A208 2208   3C 31 37                                .db "<17"               ; @BT END
                                                                 
                                                                         // 4
                                                                 
                                                                         .bank 0 slot 1
                                                                         .orga $A300
                                                                 
                                                                         .macro LOCALREFERENCE4 ISOLATED
                                                                         .db 2
                                                                 __      .dw _b
                                                                         .endm
                                                                         
                                                                         .macro LOCALREFERENCE3 ISOLATED
                                                                 __      .db 1
                                                                         LOCALREFERENCE4
                                                                         .dw _b
                                                                         .endm
                                                                 
  280 0000 0000 0001 A300 2300   31 38 3E                                .db "18>"               ; @BT TEST-18 18 START
  270 0000 0000 0001 A305 2305   02 
  271 0000 0000 0001 A306 2306   06 A3 
  277 0000 0000 0001 A308 2308   04 A3 
  281 0000 0000 0001 A303 2303   00                              __      .db 0                   ; @BT 00
  275 0000 0000 0001 A304 2304   01 
                                                                         LOCALREFERENCE3         ; @BT 01 02 06 A3 04 A3
  283 0000 0000 0001 A30A 230A   03 A3                                   .dw _b                  ; @BT 03 A3
  284 0000 0000 0001 A30C 230C   3C 31 38                                .db "<18"               ; @BT END
                                                                 
                                                                         // 5
                                                                 
                                                                         .bank 0 slot 1
                                                                         .orga $A400
                                                                 
                                                                         .macro LOCALREFERENCE5
                                                                 __      .db 1
                                                                         .dw _b
                                                                         .endm
                                                                 
  296 0000 0000 0001 A400 2400   31 39 3E                                .db "19>"               ; @BT TEST-19 19 START
  297 0000 0000 0001 A403 2403   00                              __      .db 0                   ; @BT 00
  292 0000 0000 0001 A404 2404   01 
  293 0000 0000 0001 A405 2405   04 A4 
                                                                         LOCALREFERENCE5()       ; @BT 01 04 A4
  299 0000 0000 0001 A407 2407   04 A4                                   .dw _b                  ; @BT 04 A4
  300 0000 0000 0001 A409 2409   3C 31 39                                .db "<19"               ; @BT END
                                                                 
                                                                         // 6
                                                                 
                                                                         .bank 0 slot 1
                                                                         .orga $A500
                                                                 
                                                                         .macro MAZE1 ISOLATED
                                                                 --      .db 0
                                                                 -       .db 0
                                                                         .dw -
                                                                         .dw --
                                                                         .endm
                                                                 
                                                                         .macro MAZE2 ISOLATED
                                                                         .dw ++
                                                                         .dw +
                                                                 +       .db 0
                                                                 ++      .db 0
                                                                         .endm
                                                                 
  321 0000 0000 0001 A500 2500   32 30 3E                                .db "20>"               ; @BT TEST-20 20 START
  322 0000 0000 0001 A503 2503   00                              --      .db 0                   ; @BT 00
  323 0000 0000 0001 A504 2504   00                              -       .db 0                   ; @BT 00
  308 0000 0000 0001 A505 2505   00 
  309 0000 0000 0001 A506 2506   00 
  310 0000 0000 0001 A507 2507   06 A5 
  311 0000 0000 0001 A509 2509   05 A5 
                                                                         MAZE1                   ; @BT 00 00 06 A5 05 A5
  325 0000 0000 0001 A50B 250B   04 A5                                   .dw -                   ; @BT 04 A5
  326 0000 0000 0001 A50D 250D   03 A5                                   .dw --                  ; @BT 03 A5
  327 0000 0000 0001 A50F 250F   1A A5                                   .dw ++                  ; @BT 1A A5
  328 0000 0000 0001 A511 2511   19 A5                                   .dw +                   ; @BT 19 A5
  315 0000 0000 0001 A513 2513   18 A5 
  316 0000 0000 0001 A515 2515   17 A5 
  317 0000 0000 0001 A517 2517   00 
  318 0000 0000 0001 A518 2518   00 
                                                                         MAZE2                   ; @BT 18 A5 17 A5 00 00
  330 0000 0000 0001 A519 2519   00                              +       .db 0                   ; @BT 00
  331 0000 0000 0001 A51A 251A   00                              ++      .db 0                   ; @BT 00
  332 0000 0000 0001 A51B 251B   3C 32 30                                .db "<20"               ; @BT END
                                                                 
                                                                         // 7
                                                                         
                                                                         .bank 0 slot 1
                                                                         .orga $A600
                                                                         
                                                                         .macro MASK ISOLATEUNNAMED
                                                                 __      .db 0
                                                                         .endm
                                                                         
  343 0000 0000 0001 A600 2600   32 31 3E                                .db "21>"               ; @BT TEST-21 21 START
  344 0000 0000 0001 A603 2603   00                              __      .db 0                   ; @BT 00
  340 0000 0000 0001 A604 2604   00 
                                                                         MASK                    ; @BT 00
  346 0000 0000 0001 A605 2605   13 A6                                   .dw _b + $10            ; @BT 13 A6
  347 0000 0000 0001 A607 2607   3C 32 31                                .db "<21"               ; @BT END
                                                                 
                                                                         // 8
                                                                         
                                                                         .bank 0 slot 1
                                                                         .orga $A700
                                                                 
                                                                         .macro KAMEN2 ISOLATED
                                                                 __      .db 0
                                                                         .dw _b + $20
                                                                         .endm
                                                                         
                                                                         .macro KAMEN1 ISOLATED
                                                                 __      .db 0
                                                                         KAMEN2
                                                                         .dw _b + $10
                                                                         .endm
                                                                         
  365 0000 0000 0001 A700 2700   32 32 3E                                .db "22>"               ; @BT TEST-22 22 START
  355 0000 0000 0001 A705 2705   00 
  356 0000 0000 0001 A706 2706   25 A7 
  362 0000 0000 0001 A708 2708   14 A7 
  366 0000 0000 0001 A703 2703   00                              __      .db 0                   ; @BT 00
  360 0000 0000 0001 A704 2704   00 
                                                                         KAMEN1                  ; @BT 00 00 25 A7 14 A7
  368 0000 0000 0001 A70A 270A   3C 32 32                                .db "<22"               ; @BT END
                                                                 
                                                                         // 9
                                                                         
                                                                         .bank 0 slot 1
                                                                         .orga $A800
                                                                 
                                                                         .macro KAMEN2B ISOLATEUNNAMED
                                                                 __      .db 0
                                                                         .dw _b + $20
                                                                         .endm
                                                                         
                                                                         .macro KAMEN1B
                                                                 __      .db 0
                                                                         KAMEN2B
                                                                         .dw _b + $10
                                                                         .endm
                                                                         
  386 0000 0000 0001 A800 2800   32 33 3E                                .db "23>"               ; @BT TEST-23 23 START
  376 0000 0000 0001 A805 2805   00 
  377 0000 0000 0001 A806 2806   25 A8 
  383 0000 0000 0001 A808 2808   14 A8 
  387 0000 0000 0001 A803 2803   00                              __      .db 0                   ; @BT 00
  381 0000 0000 0001 A804 2804   00 
                                                                         KAMEN1B                 ; @BT 00 00 25 A8 14 A8
  389 0000 0000 0001 A80A 280A   3C 32 33                                .db "<23"               ; @BT END
                                                                 
                                                                         // 10 (JUST CHECKING)
                                                                 
                                                                         .bank 0 slot 1
                                                                         .orga $A900
                                                                 
  396 0000 0000 0001 A900 2900   32 34 3E                        A900:   .db "24>"               ; @BT TEST-24 24 START
  397 0000 0000 0001 A903 2903   00                                      .db :A900               ; @BT 00
  398 0000 0000 0001 A904 2904   02                                      .db 1 + :A900 + 1       ; @BT 02
  399 0000 0000 0001 A905 2905   3C 32 34                                .db "<24"               ; @BT END
                                                                 
                                                                         // 11
                                                                 
                                                                         .bank 0 slot 1
                                                                         .orga $AA00
                                                                 
                                                                         .macro ISOLATEDMACRO ISOLATED
                                                                 AA03:   .db 0
                                                                 @child: .db 1
                                                                         .dw @child
                                                                         .endm
                                                                         
  412 0000 0000 0001 AA00 2A00   32 35 3E                        AA00:   .db "25>"               ; @BT TEST-25 25 START
  407 0000 0000 0001 AA03 2A03   00 
  408 0000 0000 0001 AA04 2A04   01 
  409 0000 0000 0001 AA05 2A05   04 AA 
                                                                 @child: ISOLATEDMACRO           ; @BT 00 01 04 AA
  414 0000 0000 0001 AA07 2A07   03 AA                                   .dw @child              ; @BT 03 AA
  415 0000 0000 0001 AA09 2A09   3C 32 35                                .db "<25"               ; @BT END
                                                                 
                                                                         // 12
                                                                 
                                                                         .bank 0 slot 1
                                                                         .orga $AB00
                                                                 
                                                                         .macro VERYISOLATED1 ISOLATELOCAL
                                                                 _hello: .db 0
                                                                         .dw _hello
                                                                         .endm
                                                                 
  427 0000 0000 0001 AB00 2B00   32 36 3E                        _hello: .db "26>"               ; @BT TEST-26 26 START
  428 0000 0000 0001 AB03 2B03   00 01 02                                .db 0, 1, 2             ; @BT 00 01 02
  423 0000 0000 0001 AB06 2B06   00 
  424 0000 0000 0001 AB07 2B07   06 AB 
                                                                         VERYISOLATED1           ; @BT 00 06 AB 
  430 0000 0000 0001 AB09 2B09   00 AB                                   .dw _hello              ; @BT 00 AB
  431 0000 0000 0001 AB0B 2B0B   3C 32 36                                .db "<26"               ; @BT END
                                                                         
                                                                         // 13
                                                                 
                                                                         .bank 0 slot 1
                                                                         .orga $AC00
                                                                 
                                                                         .macro VERYISOLATED2 ISOLATELOCAL
                                                                 _hello2:.db 0
                                                                         .dw _hello2 + 1
                                                                         .endm
                                                                 
  443 0000 0000 0001 AC00 2C00   32 37 3E                        _hello2: .db "27>"              ; @BT TEST-27 27 START
  444 0000 0000 0001 AC03 2C03   00 01 02                                .db 0, 1, 2             ; @BT 00 01 02
  439 0000 0000 0001 AC06 2C06   00 
  440 0000 0000 0001 AC07 2C07   07 AC 
                                                                         VERYISOLATED2           ; @BT 00 07 AC 
  446 0000 0000 0001 AC09 2C09   02 AC                                   .dw _hello2 + 2         ; @BT 02 AC
  447 0000 0000 0001 AC0B 2C0B   3C 32 37                                .db "<27"               ; @BT END
