Commodities/broker
Commodities/broker.c
Commodities/divert
Commodities/divert.c
Commodities/hotkey
Commodities/HotKey.c
Commodities/popshell
Commodities/PopShell.c
Expansion/autoboot.asm
Expansion/findboards
Expansion/findboards.c
IFFParse/clipftxt
IFFParse/clipftxt.c
IFFParse/sift
IFFParse/sift.c
Keymap/appkeymap.c
Keymap/d
Keymap/d.asm
Keymap/mapansi
Keymap/mapansi.c
Keymap/maprawkey
Keymap/maprawkey.c
Math/dpieee
Math/dpieee.c
Math/dptrans
Math/dptrans.c
Math/ffpbasic
Math/ffpbasic.c
Math/ffpexample
Math/ffpexample.c
Math/ffptrans
Math/ffptrans.c
Math/mathsupport
Math/mathsupport.c
Math/spieee
Math/spieee.c
Math/sptrans
Math/sptrans.c
SampleLibrary/lib/sample.lib
SampleLibrary/lib/sample_lvos.asm
SampleLibrary/lib/sample_stubs.asm
SampleLibrary/library/sample.library
SampleLibrary/library/sample.library.asm
SampleLibrary/sampleinclude/asmsupp.i
SampleLibrary/sampleinclude/sample_pragmas.h
SampleLibrary/sampleinclude/sample_protos.h
SampleLibrary/sampleinclude/sample_rev.i
SampleLibrary/sampleinclude/samplebase.h
SampleLibrary/sampleinclude/samplebase.i
SampleLibrary/test/alibtest
SampleLibrary/test/alibtest.asm
SampleLibrary/test/clibtest
SampleLibrary/test/clibtest.c
Utility/a2d
Utility/a2d.c
Utility/hooks1
Utility/hooks1.c
Utility/istr
Utility/istr.c
Utility/tag1
Utility/tag1.c
Utility/uptime
Utility/uptime.c
