; WLALINK ($VER: wlalink 5.17 (24.6.2022)) listing file
; 2022-06-24 14:14:14

;Line Base Bank Slot PC   Offset Hex
                                                                 
                                                                         .memorymap
                                                                           slotsize $8000
                                                                           defaultslot 1
                                                                           slot 0 $0000
                                                                           slot 1 $8000
                                                                         .endme
                                                                 
                                                                         .lorom
                                                                 
                                                                         .rombanksize $8000
                                                                         .rombanks 3
                                                                 
                                                                         .bank 0 slot 0
                                                                         .org 0
                                                                 
                                                                         ; @BT result.rom
                                                                 
                                                                         .section "Section1" force
   20 0000 0000 0000 0000 0000   30 31 3E                                .DB "01>"                       ; @BT TEST-01 01 START
   21 0000 0000 0000 0003 0003   29 20                                   AND #<$1020                     ; @BT 29 20
   22 0000 0000 0000 0005 0005   35 20                                   AND <$1020,X                    ; @BT 35 20
   23 0000 0000 0000 0007 0007   29 10                                   AND #>$1020                     ; @BT 29 10
   24 0000 0000 0000 0009 0009   35 10                                   AND >$1020,X                    ; @BT 35 10
   25 0000 0000 0000 000B 000B   29 20                                   AND #($1020 & $FF)              ; @BT 29 20
   26 0000 0000 0000 000D 000D   35 20                                   AND ($1020 & $FF),X             ; @BT 35 20
   27 0000 0000 0000 000F 000F   29 20                                   AND #($1020 # $100)             ; @BT 29 20
   28 0000 0000 0000 0011 0011   35 20                                   AND ($1020 # $100),X            ; @BT 35 20
   29 0000 0000 0000 0013 0013   3C 30 31                                .DB "<01"                       ; @BT END
                                                                         .ends
                                                                 
                                                                         .org $100
                                                                 
                                                                         .section "Section2" force
   35 0000 0000 0000 0100 0100   30 32 3E                                .DB "02>"                       ; @BT TEST-02 02 START
   36 0000 0000 0000 0103 0103   29 21                                   AND #<($1020 + 1)               ; @BT 29 21
   37 0000 0000 0000 0105 0105   35 21                                   AND <($1020 + 1),X              ; @BT 35 21
   38 0000 0000 0000 0107 0107   29 10                                   AND #>($1020 + 1)               ; @BT 29 10
   39 0000 0000 0000 0109 0109   35 10                                   AND >($1020 + 1),X              ; @BT 35 10
   40 0000 0000 0000 010B 010B   29 21                                   AND #(($1020 + 1) & $FF)        ; @BT 29 21
   41 0000 0000 0000 010D 010D   35 21                                   AND (($1020 + 1) & $FF),X       ; @BT 35 21
   42 0000 0000 0000 010F 010F   29 21                                   AND #(($1020 + 1) # $100)       ; @BT 29 21
   43 0000 0000 0000 0111 0111   35 21                                   AND (($1020 + 1) # $100),X      ; @BT 35 21
   44 0000 0000 0000 0113 0113   3C 30 32                                .DB "<02"                       ; @BT END
                                                                         .ends
                                                                         
                                                                         .org $200
                                                                         
                                                                         .section "Section3" force
   50 0000 0000 0000 0200 0200   30 33 3E                                .DB "03>"                       ; @BT TEST-03 03 START
   51 0000 0000 0000 0203 0203   29 05                                   AND #<label_205                 ; @BT 29 05
                                                                 label_205:
   53 0000 0000 0000 0205 0205   35 05                                   AND <label_205,X                ; @BT 35 05
   54 0000 0000 0000 0207 0207   29 02                                   AND #>label_205                 ; @BT 29 02
   55 0000 0000 0000 0209 0209   35 02                                   AND >label_205,X                ; @BT 35 02
   56 0000 0000 0000 020B 020B   29 05                                   AND #(label_205 & $FF)          ; @BT 29 05
   57 0000 0000 0000 020D 020D   35 05                                   AND (label_205 & $FF),X         ; @BT 35 05
   58 0000 0000 0000 020F 020F   29 05                                   AND #(label_205 # $100)         ; @BT 29 05
   59 0000 0000 0000 0211 0211   35 05                                   AND (label_205 # $100),X        ; @BT 35 05
   60 0000 0000 0000 0213 0213   3C 30 33                                .DB "<03"                       ; @BT END
                                                                         .ends
                                                                         
                                                                 label_216:
   64 0000 0000 0000 0216 0216   30 34 3E                                .db "04>"                       ; @BT TEST-04 04 START
   65 0000 0000 0000 0219 0219   16 02 05 02                             .dw label_216, label_205,       ; @BT 16 02 05 02
   66 0000 0000 0000 021D 021D   17 02 06 02                             .dw label_216+1, label_205+1    ; @BT 17 02 06 02
   67 0000 0000 0000 0221 0221   3C 30 34                                .db "<04"                       ; @BT END
                                                                 
                                                                         .section "Section4" force
                                                                 label_224:
   71 0000 0000 0000 0224 0224   30 35 3E                                .db "05>"                       ; @BT TEST-05 05 START
   72 0000 0000 0000 0227 0227   08 03 02                                .db 2 ^ 3, 1 | 2, 1 << 1,       ; @BT 08 03 02
   73 0000 0000 0000 022A 022A   01 FE                                   .db 2 >> 1, ~1                  ; @BT 01 FE
   74 0000 0000 0000 022C 022C   3C 30 35                                .db "<05"                       ; @BT END
                                                                         .ends
                                                                 
   77 0000 0000 0000 022F 022F   30 36 3E                                .db "06>"                       ; @BT TEST-06 06 START
   78 0000 0000 0000 0232 0232   24                                      .db (label_216 & 15) ^ 2,       ; @BT 24
   79 0000 0000 0000 0233 0233   07                                      .db (label_216 & 15) | 1,       ; @BT 07
   80 0000 0000 0000 0234 0234   0C                                      .db (label_216 & 15) << 1,      ; @BT 0C
   81 0000 0000 0000 0235 0235   03                                      .db (label_216 & 15) >> 1,      ; @BT 03
   82 0000 0000 0000 0236 0236   F9                                      .db ~(label_216 & 15)           ; @BT F9
   83 0000 0000 0000 0237 0237   3C 30 36                                .db "<06"                       ; @BT END
                                                                 
                                                                         .section "extrabits" appendto "Section1"
   86 0000 0000 0000 0016 0016   30 37 3E                                .db "07>"                                                       ; @BT TEST-07 07 START
   87 0000 0000 0000 0019 0019   FE FF FF FF FF FF FE FF 01 00           .db $fe,$ff,$ff,$ff,$ff,$ff,$fe,$ff,$1,$0,$fe,$ff,$2,$0,$ff,$ff ; @BT FE FF FF FF FF FF FE FF 01 00 FE FF 02 00 FF FF
FE FF 02 00 FF FF 
   88 0000 0000 0000 0029 0029   3C 30 37                                .db "<07"                                                       ; @BT END
                                                                         .ends
