Exec_Library/DeviceIO/DeviceUse
Exec_Library/DeviceIO/deviceuse.c
Exec_Library/Interrupts/rbf
Exec_Library/Interrupts/rbf.c
Exec_Library/Interrupts/rbfhandler.asm
Exec_Library/Interrupts/timersoftint
Exec_Library/Interrupts/timersoftint.c
Exec_Library/Interrupts/vertb
Exec_Library/Interrupts/vertb.c
Exec_Library/Interrupts/vertbserver.asm
Exec_Library/Lists/buildlist
Exec_Library/Lists/buildlist.c
Exec_Library/Memory/allocate
Exec_Library/Memory/allocate.c
Exec_Library/Memory/allocentry
Exec_Library/Memory/allocentry.c
Exec_Library/Ports/port1
Exec_Library/Ports/port1.c
Exec_Library/Ports/port2
Exec_Library/Ports/port2.c
Exec_Library/Semaphores/semaphore
Exec_Library/Semaphores/semaphore.c
Exec_Library/Signals/signals
Exec_Library/Signals/signals.c
Exec_Library/Tasks/simpletask
Exec_Library/Tasks/simpletask.c
Exec_Library/Tasks/tasklist
Exec_Library/Tasks/tasklist.c
Exec_Library/Tasks/trap
Exec_Library/Tasks/trap_a.asm
Exec_Library/Tasks/trap_c.c
Graphics_Libraries/Layers/clipping
Graphics_Libraries/Layers/clipping.c
Graphics_Libraries/Layers/layers
Graphics_Libraries/Layers/layers.c
Graphics_Libraries/Primitives/genlockdemo
Graphics_Libraries/Primitives/genlockdemo.c
Graphics_Libraries/Primitives/RGBBoxes
Graphics_Libraries/Primitives/RGBBoxes.c
Graphics_Libraries/Primitives/UserCopperExample
Graphics_Libraries/Primitives/UserCopperExample.c
Graphics_Libraries/Primitives/WBClone
Graphics_Libraries/Primitives/WBClone.c
Graphics_Libraries/Sprites_Bobs/anim
Graphics_Libraries/Sprites_Bobs/anim.c
Graphics_Libraries/Sprites_Bobs/anim_images.h
Graphics_Libraries/Sprites_Bobs/animtools.c
Graphics_Libraries/Sprites_Bobs/animtools.h
Graphics_Libraries/Sprites_Bobs/animtools_proto.h
Graphics_Libraries/Sprites_Bobs/bob
Graphics_Libraries/Sprites_Bobs/bob.c
Graphics_Libraries/Sprites_Bobs/collide
Graphics_Libraries/Sprites_Bobs/collide.c
Graphics_Libraries/Sprites_Bobs/ssprite
Graphics_Libraries/Sprites_Bobs/ssprite.c
Graphics_Libraries/Sprites_Bobs/vsprite
Graphics_Libraries/Sprites_Bobs/vsprite.c
Graphics_Libraries/Text/AvailFonts
Graphics_Libraries/Text/availfonts.c
Graphics_Libraries/Text/cliptext
Graphics_Libraries/Text/cliptext.c
Graphics_Libraries/Text/MeasureText
Graphics_Libraries/Text/MeasureText.c
Graphics_Libraries/Text/suits8
Graphics_Libraries/Text/Suits8.asm
