test_multi.library      21-Apr-98 22:41:37  Hunk Section                Page 1-1

 num hunk         size filename         punit    type         base  alv     size
   0 text         3f3c lib:libent.o     libent   code            0    0       20
                       libinitr.o       libinitr code           20    3      638
                       test.o           test.c   code          688    0       30
                       testppc.o        testppc. codechip      6b8    2      298
                       work:ppc/lib/scp userlibc code          970    0        4
                       work:ppc/lib/scp userlibi code          974    0        4
                       work:ppc/lib/scp _fpinit. codechip      978    0       a8
                       work:ppc/lib/scp memmove. codechip      a20    0       80
                       work:ppc/lib/scp _cxvfd.c codechip      aa0    0      5f8
                       work:ppc/lib/scp strlen.c codechip     1098    0       30
                       work:ppc/lib/scp strcpy.c codechip     10c8    0       38
                       work:ppc/lib/scp _stcd_i. codechip     1100    0       c0
                       work:ppc/lib/scp _stcl_o. codechip     11c0    0       98
                       work:ppc/lib/scp memchr.c codechip     1258    0       50
                       work:ppc/lib/scp stpcpy.c codechip     12a8    0       30
                       work:ppc/lib/scp stcul_d. codechip     12d8    0       88
                       work:ppc/lib/scp stcl_h.c codechip     1360    0       98
                       work:ppc/lib/scp _constru codechip     13f8    0       88
                       work:ppc/lib/scp _iob.c   codechip     1480    0      438
                       work:ppc/lib/scp _getbuff codechip     18b8    0       90
                       work:ppc/lib/scp _strupr. codechip     1948    0       78
                       work:ppc/lib/scp _ufb.c   codechip     19c0    0      100
                       work:ppc/lib/scp _write.c codechip     1ac0    0      248
                       work:ppc/lib/scp _lseek.c codechip     1d08    0      140
                       work:ppc/lib/scp _chkufb. codechip     1e48    0       80
                       work:ppc/lib/scp printf.c codechip     1ec8    0      178
                       work:ppc/lib/scp fwrite.c codechip     2040    0      1f8
                       work:ppc/lib/scp fflush.c codechip     2238    0      178
                       work:ppc/lib/scp _pfmt.c  codechip     23b0    0     1268
                       work:ppc/lib/scp _pf.c    codechip     3618    0       d0
                       work:ppc/lib/scp autoopen codechip     36e8    0      2b0
                       work:ppc/lib/scp syslib.c codechip     3998    0       18
                       work:ppc/lib/scp doslib.c codechip     39b0    0       f8
                       work:ppc/lib/scp isdigit. codechip     3aa8    0       28
                       work:ppc/lib/scp io2errno codechip     3ad0    0       b8
                       work:ppc/lib/scp malloc.c codechip     3b88    2      380
                       work:ppc/lib/scp elfentry code         3f28    0       14
   1 <noname>       14 T:1PE3AB.0001    __Libfun code            0    0       14
   2 <noname>       3c T:1PE3AB.0001    __Libfun code            0    0       3c
   3 data          1bc libinitr.o       libinitr data            0    0       10
                       work:ppc/lib/scp _cxvfd.c data           10    0        8
                       work:ppc/lib/scp stcl_h.c data           18    0       14
                       work:ppc/lib/scp sigfunc. data           2c    0       24
                       work:ppc/lib/scp ctype.c  data           50    0      104
                       work:ppc/lib/scp _stdv36. data          154    0       14
                       work:ppc/lib/scp _stdwin. data          168    0       14
                       work:ppc/lib/scp io2errno data          17c    0       40
   4 __MERGED      1bc lib:libent.o     libent   data            0    0        4
                       test.o           test.c   data            4    0        4
                       testppc.o        testppc. data            8    0       40
                       T:1PE3AB.0002    _ctdt.o  data           48    0       24
                       T:1PE3AB.0003    _TOCFD.o data           6c    0       10
                       work:ppc/lib/scp _cxvfd.c data           7c    0       10
test_multi.library      21-Apr-98 22:41:37  Hunk Section                Page 1-2

 num hunk         size filename         punit    type         base  alv     size
                       work:ppc/lib/scp stcl_h.c data           8c    0        4
                       work:ppc/lib/scp sigfunc. data           90    0        4
                       work:ppc/lib/scp ctype.c  data           94    0        4
                       work:ppc/lib/scp _constru data           98    0        4
                       work:ppc/lib/scp _iob.c   data           9c    0       84
                       work:ppc/lib/scp _buffsiz data          120    0        4
                       work:ppc/lib/scp _ufb.c   data          124    0        8
                       work:ppc/lib/scp _fmode.c data          12c    0        8
                       work:ppc/lib/scp _write.c data          134    0        4
                       work:ppc/lib/scp printf.c data          138    0        8
                       work:ppc/lib/scp _pfmt.c  data          140    0       20
                       work:ppc/lib/scp autoopen data          160    0       30
                       work:ppc/lib/scp doslib.c data          190    0       18
                       work:ppc/lib/scp _stdv36. data          1a8    0        4
                       work:ppc/lib/scp _stdwin. data          1ac    0        4
                       work:ppc/lib/scp io2errno data          1b0    0        c
                       libinitr.o       libinitr bss           1bc    0       1c
                       work:ppc/lib/scp oserr.c  bss           1d8    0        4
                       work:ppc/lib/scp errno.c  bss           1dc    0        4
                       work:ppc/lib/scp _constru bss           1e0    0        4
                       work:ppc/lib/scp _iob.c   bss           1e4    0       34
                       work:ppc/lib/scp _ufb.c   bss           218    0        8
                       work:ppc/lib/scp printf.c bss           220    0        4
                       work:ppc/lib/scp stdioptr bss           224    0        8
                       work:ppc/lib/scp oslibver bss           22c    0        4
                       work:ppc/lib/scp syslib.c bss           230    0        4
                       work:ppc/lib/scp doslib.c bss           234    0        8
                       work:ppc/lib/scp malloc.c bss           23c    0      c90
                       work:ppc/lib/scp elfentry bss           ecc    0        4
test_multi.library     21-Apr-98 22:41:37  Symbol Section               Page 2-1

symbol     offset:hunk symbol     offset:hunk symbol     offset:hunk
DOSBase       234:4    errno         1dc:4    fflush       2238:0   
free         3ee0:0    fwrite       2040:0    isdigit      3aa8:0   
malloc       3e90:0    memchr       1258:0    memmove       a20:0   
PPCAlloc    (3b8a:0)   PPCCallO     (6b8:0)   PPCFreeM    (3b89:0)  
printf       1f40:0    stci_h       13ec:0    strcpy       10c8:0   
strlen       1098:0    SysBase       230:4    test1         848:0   
test2         8cc:0    _b              4:4    _CreateP       4a:0   
_CXFXT5       c80:0    _CXVFD        d2c:0    _LinkerD       (0:*)  
_NEWDATA       (0:*)   _NUMJMPS       (0:*)   _OSERR        1d8:4   
_RESBASE       (0:*)   _RESLEN        (0:*)   _Set_Elf     3f28:0   
_STD_110     3a48:0    _STD_250     3b88:0    _STD_500     19c0:0   
_STI_109     3998:0    _STI_110     39f8:0    _STI_500     14c4:0   
_test1        688:0    _test2        69c:0    _WBenchM      1d4:4   
__autoop     3770:0    __BSSBAS       (0:*)   __BSSLEN       (0:*)  
__buffsi      120:4    __chkabo       20:0    __chkufb     1e48:0   
__closef      21c:4    __constr     13f8:0    __CoverL       (0:*)  
__CoverS       (0:*)   __ctors        4c:4    __ctype        50:3   
__dtors        5c:4    __ElfEnt      ecc:4    __ElfObj        0:*   
__firstf      218:4    __fmask       130:4    __fmode       12c:4   
__fpinit      978:0    __fpterm      9d0:0    __getbuf     18b8:0   
__io2err     3ad0:0    __iob          9c:4    __LibClo      512:0   
__LibExp      5a6:0    __LibFun        0:2    __LibID        30:2   
__LibIni      1dc:0    __LibIni        0:3    __Libmer        0:4   
__LibNam       1c:2    __LibOpe      376:0    __LibRev       (0:*)  
__LibRom        4:0    __LibVer       (0:*)   __lseek      1d08:0   
__nufbs       124:4    __ONEXIT      1cc:4    __OSERR       1bc:4   
__oslibv      22c:4    __pf         3618:0    __pfmt       23b0:0   
__PPC_te       40:4    __PPC_te       44:4    __sigfun       2c:3   
__StackP      1c4:4    __stcd_i     1100:0    __stci_o     1248:0   
__stcl_h     1360:0    __stcl_o     11c0:0    __stcul_     12d8:0   
__stdinp      224:4    __stdiov      154:3    __stdiow      168:3   
__stdout      228:4    __stpcpy     12a8:0    __strupr     1948:0   
__TOCFD_       74:4    __TOCFD_       6c:4    __TOC___       94:4   
__TOC___       90:4    __TOC___      1a8:4    __TOC___      1ac:4   
__ufbs        128:4    __WBench      1d0:4    __write      1ac0:0   
___base       1c0:4    ___libfp      184:0    ___libfp      1b0:0   
___stack      1c8:4    ___UserL      970:0    ___UserL      974:0   
test_multi.library      21-Apr-98 22:41:37  Xref Section                Page 3-1

symbol   (Def) Module  Off (Ref) Module  Off (Ref) Module  Off (Ref) Module  Off
DOSBase  doslib.c        0 _lseek.c       7a _lseek.c       a6 _lseek.c      11e
                           _write.c       e2 _write.c      13a _write.c      17a
                           _write.c      1de _write.c      216 _ufb.c         ce
                           _iob.c         f2 _iob.c        1fe _iob.c        24a
                           _iob.c        2aa _iob.c        2ea _iob.c        31a
                           _iob.c        342 _iob.c        37a _iob.c        3ba
errno    errno.c         0 _chkufb.       2e _chkufb.       66 _lseek.c       3e
                           _lseek.c       be _write.c       3e _write.c       66
                           _write.c      22e _getbuff       4a
fflush   fflush.c        0 fwrite.c       dc fwrite.c      194 fwrite.c      1bc
free     malloc.c      358 _iob.c        214
fwrite   fwrite.c        0 printf.c       58 printf.c      140
isdigit  isdigit.        0 _stcd_i.       88
malloc   malloc.c      308 _getbuff       30 _iob.c        17c
memchr   memchr.c        0 _write.c       ac _write.c      1a8
memmove  memmove.        0 _pfmt.c       5b0
PPCAlloc malloc.c        2 malloc.c       f8 malloc.c      19c malloc.c      210
                           malloc.c     3f08
PPCCallO testppc.        0 doslib.c       34 doslib.c       d4 autoopen       30
                           autoopen       74 autoopen       dc autoopen      114
                           autoopen      164 autoopen      19c autoopen      1d0
                           autoopen      200 autoopen      234 autoopen      258
                           autoopen      280 _lseek.c       84 _lseek.c       b0
                           _lseek.c      128 _write.c       ec _write.c      144
                           _write.c      184 _write.c      1e8 _write.c      220
                           _ufb.c         d8 _iob.c         30 _iob.c         fc
                           _iob.c        208 _iob.c        254 _iob.c        2b4
                           _iob.c        2f4 _iob.c        324 _iob.c        34c
                           _iob.c        384 _iob.c        3c4 testppc.       38
                           testppc.       ac testppc.      108 testppc.      178
                           testppc.      960
PPCFreeM malloc.c        1 malloc.c       3c malloc.c       84 malloc.c      2b0
                           malloc.c     3f18
printf   printf.c       78 testppc.      1b0 testppc.      950
strcpy   strcpy.c        0 stcl_h.c       64 stcul_d.       64 _stcl_o.       60
strlen   strlen.c        0 autoopen      16c autoopen      1a4 _pfmt.c       7cc
                           _iob.c        110 _iob.c        150 _iob.c        170
SysBase  syslib.c        0 doslib.c       56 doslib.c       ca autoopen       9e
                           autoopen      15a autoopen      276 autoopen      286
                           _iob.c        15a _iob.c        1be _iob.c        26e
test1    testppc.      190 _TOCFD.o        8 __Libfun        0
test2    testppc.      214 _TOCFD.o        0 __Libfun        a
_b       test.c          0 testppc.      1fe testppc.      27e testppc.      282
_CXVFD   _cxvfd.c      28c _pfmt.c       ae4 _pfmt.c       b08
_LinkerD       (0:*)       elfentry        6 printf.c        4 _TOCFD.o        c
                           _TOCFD.o        4 test.c          6 test.c         1e
                           libinitr      16e libinitr      19a
_NEWDATA       (0:*)       libinitr      2e6 libinitr      300 libinitr      3ce
_NUMJMPS       (0:*)       libinitr      216
_OSERR   oserr.c         0 _chkufb.       12 _lseek.c       4e _lseek.c       b6
                           _write.c       5e _write.c      226
_RESLEN        (0:*)       libinitr        0 libinitr      378 libinitr      4a2
                           libinitr      534
test_multi.library      21-Apr-98 22:41:37  Xref Section                Page 3-2

symbol   (Def) Module  Off (Ref) Module  Off (Ref) Module  Off (Ref) Module  Off
_Set_Elf elfentry        0 libinitr      2b0 libinitr      468 libinitr      658
_STD_110 doslib.c       98 _ctdt.o        1c
_STD_250 malloc.c        0 _ctdt.o        18
_STD_500 _ufb.c          0 _ctdt.o        14
_STI_109 syslib.c        0 _ctdt.o         4
_STI_110 doslib.c       48 _ctdt.o         8
_STI_500 _iob.c         44 _ctdt.o         c
_test1   test.c          0 __Libfun        6
_test2   test.c         14 __Libfun       10
_WBenchM libinitr       18 autoopen       ae autoopen      206 _iob.c         ba
                           _iob.c        136
__autoop autoopen       88 doslib.c       78
__buffsi _buffsiz        0 _getbuff       2e _getbuff       56
__chkabo libinitr        0 _lseek.c       20 _write.c       20
__chkufb _chkufb.        0 _lseek.c       28 _write.c       28
__constr _constru        0 _ctdt.o         0
__ctors  _ctdt.o         4 _constru        0 _fpinit.        e _fpinit.       7a
__dtors  _ctdt.o        14 _fpinit.       66
__ElfEnt elfentry        0 elfentry        a
__ElfObj        0:*        libinitr      226
__firstf _ufb.c          0 fflush.c      12a _iob.c         5a
__fmode  _fmode.c        0 _iob.c        3da
__fpinit _fpinit.        0 libinitr      176
__fpterm _fpinit.       58 libinitr      1a2
__getbuf _getbuff        0 fwrite.c      11c
__io2err io2errno        0 _write.c      228
__iob    _iob.c          0 printf.c       56 printf.c      13e printf.c      146
__LibClo libinitr      4f2 __Libfun        4
__LibExp libinitr      586 __Libfun        8
__LibFun __Libfun        0 libinitr        4
__LibID  __Libfun       30 libinitr      200 libent         16
__LibIni libinitr        0 libent         1a
__Libmer libent          0 libinitr      2e0
__LibNam __Libfun       1c libinitr      1d8 libinitr      236 libent         12
__LibOpe libinitr      356 __Libfun        0
__LibRev       (0:*)       libinitr      1f4
__LibRom libent          4 __Libfun        c
__LibVer       (0:*)       libinitr      1e8 libent          e
__lseek  _lseek.c        0 _write.c       8c
__nufbs  _ufb.c          0 _chkufb.       1e _iob.c        3ce _iob.c        3d6
__oslibv oslibver        0 doslib.c       5a autoopen      13a
__pf     _pf.c           0 printf.c      120
__pfmt   _pfmt.c         0 _pf.c          74
__stcd_i _stcd_i.        0 _pfmt.c       1bc _pfmt.c       258
__stcl_h stcl_h.c        0 _pfmt.c       754
__stcl_o _stcl_o.        0 _pfmt.c       720
__stcul_ stcul_d.        0 _pfmt.c       530
__stdinp stdioptr        0 _iob.c         5e
__stdout stdioptr        4 _iob.c         66
__stpcpy stpcpy.c        0 _iob.c        19c _iob.c        1b4 _iob.c        1d8
__strupr _strupr.        0 _pfmt.c       770
__TOCFD_ _TOCFD.o        8 testppc.       38
__TOCFD_ _TOCFD.o        0 testppc.       3c
test_multi.library      21-Apr-98 22:41:37  Xref Section                Page 3-3

symbol   (Def) Module  Off (Ref) Module  Off (Ref) Module  Off (Ref) Module  Off
__TOC___ ctype.c         0 isdigit.        a _strupr.       1a
__TOC___ sigfunc.        0 _ufb.c         12
__TOC___ _stdv36.        0 _iob.c        16e _iob.c        1d2
__TOC___ _stdwin.        0 autoopen       f6 _iob.c        10a _iob.c        116
                           _iob.c        196
__ufbs   _ufb.c          4 _chkufb.       3a _iob.c         86
__write  _write.c        0 fflush.c       b0 fwrite.c      1cc _ufb.c         54
___UserL userlibc        0 libinitr      510 libinitr      668
___UserL userlibi        0 libinitr      490 libinitr      678
