Archive member included       because of file (symbol)

../lib/.libs/libcurl.a(libcurl_la-formdata.o)
                              tool_formparse.o (curl_formadd)
../lib/.libs/libcurl.a(libcurl_la-sendf.o)
                              ../lib/.libs/libcurl.a(libcurl_la-formdata.o) (Curl_failf)
../lib/.libs/libcurl.a(libcurl_la-version.o)
                              tool_help.o (curl_version)
../lib/.libs/libcurl.a(libcurl_la-getenv.o)
                              tool_cb_prg.o (curl_getenv)
../lib/.libs/libcurl.a(libcurl_la-escape.o)
                              tool_getparam.o (curl_easy_escape)
../lib/.libs/libcurl.a(libcurl_la-mprintf.o)
                              tool_cb_dbg.o (curl_msnprintf)
../lib/.libs/libcurl.a(libcurl_la-strcase.o)
                              ../lib/.libs/libcurl.a(libcurl_la-formdata.o) (Curl_strcasecompare)
../lib/.libs/libcurl.a(libcurl_la-easy.o)
                              ../lib/.libs/libcurl.a(libcurl_la-formdata.o) (Curl_cmalloc)
../lib/.libs/libcurl.a(libcurl_la-connect.o)
                              ../lib/.libs/libcurl.a(libcurl_la-easy.o) (Curl_getconnectinfo)
../lib/.libs/libcurl.a(libcurl_la-multi.o)
                              ../lib/.libs/libcurl.a(libcurl_la-easy.o) (Curl_multi_handle)
../lib/.libs/libcurl.a(libcurl_la-inet_pton.o)
                              ../lib/.libs/libcurl.a(libcurl_la-connect.o) (Curl_inet_pton)
../lib/.libs/libcurl.a(libcurl_la-strerror.o)
                              tool_operate.o (curl_easy_strerror)
../lib/.libs/libcurl.a(libcurl_la-inet_ntop.o)
                              ../lib/.libs/libcurl.a(libcurl_la-connect.o) (Curl_inet_ntop)
../lib/.libs/libcurl.a(libcurl_la-parsedate.o)
                              tool_getparam.o (curl_getdate)
../lib/.libs/libcurl.a(libcurl_la-select.o)
                              ../lib/.libs/libcurl.a(libcurl_la-easy.o) (Curl_ack_eintr)
../lib/.libs/libcurl.a(libcurl_la-splay.o)
                              ../lib/.libs/libcurl.a(libcurl_la-multi.o) (Curl_splay)
../lib/.libs/libcurl.a(libcurl_la-strdup.o)
                              ../lib/.libs/libcurl.a(libcurl_la-formdata.o) (Curl_memdup)
../lib/.libs/libcurl.a(libcurl_la-slist.o)
                              slist_wc.o (curl_slist_append)
../lib/.libs/libcurl.a(libcurl_la-rand.o)
                              ../lib/.libs/libcurl.a(libcurl_la-formdata.o) (Curl_rand)
../lib/.libs/libcurl.a(libcurl_la-conncache.o)
                              ../lib/.libs/libcurl.a(libcurl_la-multi.o) (Curl_conncache_init)
../lib/.libs/libcurl.a(libcurl_la-pipeline.o)
                              ../lib/.libs/libcurl.a(libcurl_la-multi.o) (Curl_add_handle_to_pipeline)
../lib/.libs/libcurl.a(libcurl_la-vtls.o)
                              ../lib/.libs/libcurl.a(libcurl_la-easy.o) (Curl_ssl_init)
../lib/.libs/libcurl.a(libcurl_la-timeval.o)
                              ../lib/.libs/libcurl.a(libcurl_la-easy.o) (curlx_tvnow)
../lib/.libs/libcurl.a(libcurl_la-base64.o)
                              ../lib/.libs/libcurl.a(libcurl_la-vtls.o) (Curl_base64_decode)
../lib/.libs/libcurl.a(libcurl_la-hostip.o)
                              ../lib/.libs/libcurl.a(libcurl_la-multi.o) (Curl_global_host_cache_init)
../lib/.libs/libcurl.a(libcurl_la-progress.o)
                              ../lib/.libs/libcurl.a(libcurl_la-multi.o) (Curl_pgrsDone)
../lib/.libs/libcurl.a(libcurl_la-cookie.o)
                              ../lib/.libs/libcurl.a(libcurl_la-easy.o) (Curl_cookie_init)
../lib/.libs/libcurl.a(libcurl_la-http.o)
                              ../lib/.libs/libcurl.a(libcurl_la-multi.o) (Curl_http_connect)
../lib/.libs/libcurl.a(libcurl_la-url.o)
                              ../lib/.libs/libcurl.a(libcurl_la-easy.o) (Curl_freeset)
../lib/.libs/libcurl.a(libcurl_la-dict.o)
                              ../lib/.libs/libcurl.a(libcurl_la-url.o) (Curl_handler_dict)
../lib/.libs/libcurl.a(libcurl_la-if2ip.o)
                              ../lib/.libs/libcurl.a(libcurl_la-connect.o) (Curl_ipv6_scope)
../lib/.libs/libcurl.a(libcurl_la-speedcheck.o)
                              ../lib/.libs/libcurl.a(libcurl_la-url.o) (Curl_speedinit)
../lib/.libs/libcurl.a(libcurl_la-telnet.o)
                              ../lib/.libs/libcurl.a(libcurl_la-url.o) (Curl_handler_telnet)
../lib/.libs/libcurl.a(libcurl_la-netrc.o)
                              ../lib/.libs/libcurl.a(libcurl_la-url.o) (Curl_parsenetrc)
../lib/.libs/libcurl.a(libcurl_la-getinfo.o)
                              ../lib/.libs/libcurl.a(libcurl_la-easy.o) (Curl_initinfo)
../lib/.libs/libcurl.a(libcurl_la-transfer.o)
                              ../lib/.libs/libcurl.a(libcurl_la-http.o) (Curl_readrewind)
../lib/.libs/libcurl.a(libcurl_la-wildcard.o)
                              ../lib/.libs/libcurl.a(libcurl_la-transfer.o) (Curl_wildcard_init)
../lib/.libs/libcurl.a(libcurl_la-http_chunks.o)
                              ../lib/.libs/libcurl.a(libcurl_la-http.o) (Curl_httpchunk_init)
[...]
Memory Configuration

Name             Origin             Length             Attributes
*default*        0x00000000         0xffffffff

Linker script and memory map

LOAD /gg/ppc-morphos/lib/libnix/crt0.o
LOAD slist_wc.o
LOAD tool_binmode.o
LOAD tool_bname.o
LOAD tool_cb_dbg.o
LOAD tool_cb_hdr.o
LOAD tool_cb_prg.o
LOAD tool_cb_rea.o
LOAD tool_cb_see.o
LOAD tool_cb_wrt.o
LOAD tool_cfgable.o
LOAD tool_convert.o
LOAD tool_dirhie.o
LOAD tool_doswin.o
LOAD tool_easysrc.o
LOAD tool_formparse.o
LOAD tool_getparam.o
LOAD tool_getpass.o
LOAD tool_help.o
LOAD tool_helpers.o
LOAD tool_homedir.o
LOAD tool_hugehelp.o
LOAD tool_libinfo.o
LOAD tool_main.o
LOAD tool_metalink.o
LOAD tool_mfiles.o
LOAD tool_msgs.o
LOAD tool_operate.o
LOAD tool_operhlp.o
LOAD tool_panykey.o
LOAD tool_paramhlp.o
LOAD tool_parsecfg.o
LOAD tool_strdup.o
LOAD tool_setopt.o
LOAD tool_sleep.o
LOAD tool_urlglob.o
LOAD tool_util.o
LOAD tool_vms.o
LOAD tool_writeenv.o
LOAD tool_writeout.o
LOAD tool_xattr.o
LOAD ../lib/strtoofft.o
LOAD ../lib/nonblock.o
LOAD ../lib/warnless.o
LOAD ../lib/.libs/libcurl.a
LOAD /usr/local/lib/libssl.a
LOAD /usr/local/lib/libcrypto.a
LOAD /usr/local/lib/libz.a
LOAD /usr/local/lib/libgen.a
LOAD /gg/lib/gcc-lib/ppc-morphos/2.95.3/libnix/libgcc.a
LOAD /gg/ppc-morphos/lib/libnix/libc.a
LOAD /gg/ppc-morphos/lib/libabox.a
LOAD /gg/ppc-morphos/lib/libaboxstubs.a
LOAD /gg/ppc-morphos/lib/libnix/libc.a
LOAD /gg/ppc-morphos/lib/libnix/libauto.a
LOAD /gg/lib/gcc-lib/ppc-morphos/2.95.3/libnix/libgcc.a
                0x00000000                PROVIDE (__stack, 0x0)
                0x00000001                PROVIDE (__machtype, 0x1)
                0x00000074                .=SIZEOF_HEADERS

.interp
 *(.interp)

.hash
 *(.hash)

.dynsym
 *(.dynsym)

.dynstr
 *(.dynstr)

.gnu.version
 *(.gnu.version)

.gnu.version_d
 *(.gnu.version_d)

.gnu.version_r
 *(.gnu.version_r)

.rela.text
 *(.rela.text)
 *(.rela.text.*)
 *(.rela.gnu.linkonce.t*)

.rela.data
 *(.rela.data)
 *(.rela.data.*)
 *(.rela.gnu.linkonce.d*)

.rela.rodata
 *(.rela.rodata)
 *(.rela.rodata.*)
 *(.rela.gnu.linkonce.r*)

.rela.got
 *(.rela.got)

.rela.got1
 *(.rela.got1)

.rela.got2
 *(.rela.got2)

.rela.ctors
 *(.rela.ctors)

.rela.dtors
 *(.rela.dtors)

.rela.init
 *(.rela.init)

.rela.fini
 *(.rela.fini)

.rela.bss
 *(.rela.bss)
 *(.rela.bss.*)
 *(.rela.gnu.linkonce.b.*)

.rela.plt
 *(.rela.plt)

.rela.sdata
 *(.rela.sdata)
 *(.rela.sdata.*)
 *(.rela.gnu.linkonce.s.*)

.rela.sbss
 *(.rela.sbss)
 *(.rela.sbss.*)
 *(.rela.gnu.linkonce.sb.*)

.rela.sdata2
 *(.rela.sdata2)
 *(.rela.sdata2.*)

.rela.sbss2
 *(.rela.sbss2)
 *(.rela.sbss2.*)

.text           0x00000000   0x13b30c
                0x00000000                PROVIDE (__text_start, .)
 *(.text)
 .text          0x00000000      0x650 /gg/ppc-morphos/lib/libnix/crt0.o
                0x00000000                __start
                0x000004fc                exit
                0x000004fc                _exit
 .text          0x00000650      0x13c slist_wc.o
                0x00000650                slist_wc_append
                0x00000738                slist_wc_free_all
 .text          0x0000078c       0xdc tool_bname.o
                0x0000078c                tool_basename
 .text          0x00000868      0xa58 tool_cb_dbg.o
                0x00000868                tool_debug_cb
 .text          0x000012c0      0x680 tool_cb_hdr.o
                0x000012c0                tool_header_cb
 .text          0x00001940      0x580 tool_cb_prg.o
                0x00001940                tool_progress_cb
                0x00001d9c                progressbarinit
 .text          0x00001ec0       0xd4 tool_cb_rea.o
                0x00001ec0                tool_read_cb
 .text          0x00001f94      0x1d8 tool_cb_see.o
                0x00001f94                tool_seek_cb
 .text          0x0000216c      0x358 tool_cb_wrt.o
                0x0000232c                tool_write_cb
                0x0000216c                tool_create_output_file
 .text          0x000024c4      0xaa0 tool_cfgable.o
                0x000024c4                config_init
                0x00002ef4                config_free
 .text          0x00002f64      0x360 tool_dirhie.o
                0x00003080                create_dir_hierarchy
 .text          0x000032c4      0x960 tool_easysrc.o
                0x00003368                easysrc_add
                0x0000356c                easysrc_perform
                0x000038d4                dumpeasysrc
                0x00003824                easysrc_cleanup
                0x000033f0                easysrc_addf
                0x000034f8                easysrc_init
 .text          0x00003c24      0xd7c tool_formparse.o
                0x00003efc                formparse
 .text          0x000049a0     0x5f0c tool_getparam.o
                0x00004d48                getparameter
                0x0000a51c                parse_args
 .text          0x0000a8ac      0x194 tool_getpass.o
                0x0000a900                getpass_r
 .text          0x0000aa40      0x2bc tool_help.o
                0x0000aac8                tool_version_info
                0x0000ac40                tool_list_engines
                0x0000aa40                tool_help
 .text          0x0000acfc      0x324 tool_helpers.o
                0x0000af14                customrequest_helper
                0x0000ae1c                SetHTTPrequest
                0x0000acfc                param2text
 .text          0x0000b020      0x128 tool_homedir.o
                0x0000b0b0                homedir
 .text          0x0000b148      0x228 tool_hugehelp.o
                0x0000b1d8                hugehelp
 .text          0x0000b370      0x124 tool_libinfo.o
                0x0000b370                get_libcurl_info
 .text          0x0000b494      0x420 tool_main.o
                0x0000b7f8                main
 .text          0x0000b8b4      0x298 tool_mfiles.o
                0x0000b920                AddMultiFiles
                0x0000baa8                FreeMultiInfo
 .text          0x0000bb4c      0x46c tool_msgs.o
                0x0000bdf8                warnf
                0x0000bec4                helpf
                0x0000bd1c                notef
 .text          0x0000bfb8     0x61c0 tool_operate.o
                0x00011e74                operate
 .text          0x00012178      0x564 tool_operhlp.o
                0x0001231c                stdin_upload
                0x00012178                clean_getout
                0x000125b4                get_url_file_name
                0x000123a8                add_file_name_to_url
                0x00012260                output_expected
 .text          0x000126dc     0x1238 tool_paramhlp.o
                0x000126dc                new_getout
                0x0001290c                file2memory
                0x000137b0                get_args
                0x00012b84                str2num
                0x000134cc                add2list
                0x00013608                ftpcccmethod
                0x00013154                str2offset
                0x00012d50                str2udouble
                0x00013544                ftpfilemethod
                0x00012ddc                proto2num
                0x000136a8                delegation
                0x000130a8                check_protocol
                0x00012cac                str2double
                0x00012c2c                str2unum
                0x00012b28                cleanarg
                0x00012788                file2string
 .text          0x00013914      0xba4 tool_parsecfg.o
                0x00013914                parseconfig
 .text          0x000144b8     0x1c24 tool_setopt.o
                0x00015358                tool_setopt_slist
                0x00014714                tool_setopt_enum
                0x00015630                tool_setopt
                0x00014b14                tool_setopt_bitmask
                0x00014d74                tool_setopt_httppost
                0x000148b4                tool_setopt_flags
 .text          0x000160dc      0x18c tool_sleep.o
                0x000160dc                tool_go_sleep
 .text          0x00016268     0x200c tool_urlglob.o
                0x00017844                glob_cleanup
                0x000179e4                glob_next_url
                0x00017e24                glob_match_url
                0x0001764c                glob_url
 .text          0x00018274      0x1d8 tool_util.o
                0x000182dc                tool_tvdiff
                0x00018420                tool_tvlong
                0x00018274                tool_tvnow
                0x00018338                tool_tvdiff_secs
 .text          0x0001844c      0xc3c tool_writeout.o
                0x0001844c                ourWriteOut
 .text          0x00019088       0x2c tool_xattr.o
                0x00019088                fwrite_xattr
 .text          0x000190b4      0x4d8 ../lib/strtoofft.o
                0x000190b4                curlx_strtoll
 .text          0x0001958c       0xb4 ../lib/nonblock.o
                0x0001958c                curlx_nonblock
 .text          0x00019640      0x3bc ../lib/warnless.o
                0x00019640                curlx_ultous
                0x00019990                curlx_uitosi
                0x00019764                curlx_uztoul
                0x00019870                curlx_uztosz
                0x0001972c                curlx_uztosi
                0x000198e8                curlx_sztosi
                0x00019958                curlx_uitouc
                0x00019828                curlx_sltous
                0x00019920                curlx_uitous
                0x000196b0                curlx_ultosi
                0x00019790                curlx_uztoui
                0x000197f4                curlx_sltoui
                0x00019678                curlx_ultouc
                0x000197bc                curlx_sltosi
                0x000198a8                curlx_sotouz
                0x000196e8                curlx_uztoso
                0x000199c8                curlx_sitouz
 .text          0x000199fc     0x20e4 ../lib/.libs/libcurl.a(libcurl_la-formdata.o)
                0x0001ad30                Curl_formclean
                0x0001a930                curl_formadd
                0x0001ba50                Curl_formpostheader
                0x0001af14                curl_formfree
                0x0001b200                Curl_getformdata
                0x0001b918                Curl_FormReader
                0x0001b7f8                Curl_FormInit
                0x0001adc8                curl_formget
 .text          0x0001bae0     0x1050 ../lib/.libs/libcurl.a(libcurl_la-sendf.o)
                0x0001c228                Curl_recv_plain
                0x0001bec8                Curl_sendf
                0x0001c6d8                Curl_read_plain
                0x0001c0dc                Curl_send_plain
                0x0001bd94                Curl_failf
                0x0001c630                Curl_client_write
                0x0001c9f4                Curl_debug
                0x0001bc98                Curl_recv_has_postponed_data
                0x0001bca0                Curl_infof
                0x0001c048                Curl_write
                0x0001c3c4                Curl_client_chop_write
                0x0001c758                Curl_read
                0x0001c1d0                Curl_write_plain
 .text          0x0001cb30      0x1a8 ../lib/.libs/libcurl.a(libcurl_la-version.o)
                0x0001cb58                curl_version
                0x0001cc4c                curl_version_info
                0x0001cb30                Curl_version_init
 .text          0x0001ccd8       0x6c ../lib/.libs/libcurl.a(libcurl_la-getenv.o)
                0x0001cd24                curl_getenv
 .text          0x0001cd44      0x5d4 ../lib/.libs/libcurl.a(libcurl_la-escape.o)
                0x0001d250                curl_easy_unescape
                0x0001d064                Curl_urldecode
                0x0001cecc                curl_escape
                0x0001cf28                curl_easy_escape
                0x0001cef8                curl_unescape
                0x0001d2ec                curl_free
 .text          0x0001d318     0x1fdc ../lib/.libs/libcurl.a(libcurl_la-mprintf.o)
                0x0001f0f4                curl_mprintf
                0x0001ec34                curl_mvsnprintf
                0x0001ee34                curl_maprintf
                0x0001ef64                curl_mvaprintf
                0x0001f2c4                curl_mvfprintf
                0x0001f288                curl_mvprintf
                0x0001f040                curl_msprintf
                0x0001f1a4                curl_mfprintf
                0x0001ecac                curl_msnprintf
                0x0001f244                curl_mvsprintf
 .text          0x0001f2f4      0x274 ../lib/.libs/libcurl.a(libcurl_la-strcase.o)
                0x0001f528                curl_strequal
                0x0001f3f4                Curl_strncasecompare
                0x0001f3a4                Curl_safe_strcasecompare
                0x0001f30c                Curl_strcasecompare
                0x0001f2f4                Curl_raw_toupper
                0x0001f548                curl_strnequal
                0x0001f4bc                Curl_strntoupper
 .text          0x0001f568      0xcf8 ../lib/.libs/libcurl.a(libcurl_la-easy.o)
                0x000201a4                curl_easy_send
                0x0001f694                curl_global_init_mem
                0x0001fbe8                curl_easy_getinfo
                0x0001f82c                curl_easy_setopt
                0x0001ffb0                curl_easy_pause
                0x0001f758                curl_global_cleanup
                0x00020118                curl_easy_recv
                0x0001fb9c                curl_easy_perform
                0x0001f7d4                curl_easy_init
                0x0001fee8                curl_easy_reset
                0x0001f670                curl_global_init
                0x0001fcb0                curl_easy_duphandle
                0x0001fbc0                curl_easy_cleanup
 .text          0x00020260     0x18cc ../lib/.libs/libcurl.a(libcurl_la-connect.o)
                0x000218a0                Curl_closesocket
                0x00020dcc                Curl_is_connected
                0x00021a4c                Curl_conncontrol
                0x0002194c                Curl_socket
                0x000202e0                Curl_timeleft
                0x00021230                Curl_tcpnodelay
                0x00021aa0                Curl_conn_data_pending
                0x00020bf0                Curl_updateconninfo
                0x00020a8c                Curl_persistconninfo
                0x000215dc                Curl_connecthost
                0x00021764                Curl_getconnectinfo
                0x00021830                Curl_connalive
 .text          0x00021b2c     0x4088 ../lib/.libs/libcurl.a(libcurl_la-multi.o)
                0x00022a4c                curl_multi_wait
                0x00025994                Curl_expire_clear
                0x00024968                Curl_multi_closed
                0x000226b8                Curl_multi_handlePipeBreak
                0x00025718                Curl_expire
                0x00025b18                Curl_multi_pipelining_server_bl
                0x0002442c                curl_multi_cleanup
                0x00025300                curl_multi_socket_action
                0x00025b10                Curl_multi_pipelining_site_bl
                0x00022e20                Curl_multi_add_perform
                0x0002549c                curl_multi_timeout
                0x00021ef4                curl_multi_init
                0x00025a98                Curl_multi_max_host_connections
                0x00021f1c                curl_multi_add_handle
                0x00025ab0                Curl_multi_max_total_connections
                0x00022448                curl_multi_remove_handle
                0x00022690                Curl_pipeline_wanted
                0x00021d78                Curl_multi_handle
                0x000258b0                Curl_expire_latest
                0x00025a50                curl_multi_assign
                0x00025aec                Curl_multi_chunk_length_penalty_size
                0x00024d9c                curl_multi_setopt
                0x0002535c                curl_multi_socket_all
                0x0002426c                curl_multi_perform
                0x000228d8                curl_multi_fdset
                0x00022df8                Curl_multi_connchanged
                0x00025b20                Curl_multi_process_pending_handles
                0x00024588                curl_multi_info_read
                0x00025ac8                Curl_multi_content_length_penalty_size
                0x000252a8                curl_multi_socket
 .text          0x00025bb4      0x17c ../lib/.libs/libcurl.a(libcurl_la-inet_pton.o)
                0x00025bb4                Curl_inet_pton
 .text          0x00025d30      0x804 ../lib/.libs/libcurl.a(libcurl_la-strerror.o)
                0x0002643c                Curl_strerror
                0x00025d30                curl_easy_strerror
                0x000263a0                curl_share_strerror
                0x000262d0                curl_multi_strerror
 .text          0x00026534      0x104 ../lib/.libs/libcurl.a(libcurl_la-inet_ntop.o)
                0x000265f0                Curl_inet_ntop
 .text          0x00026638      0xacc ../lib/.libs/libcurl.a(libcurl_la-parsedate.o)
                0x00027094                Curl_gmtime
                0x0002704c                curl_getdate
 .text          0x00027104      0xa38 ../lib/.libs/libcurl.a(libcurl_la-select.o)
                0x00027104                select
                0x0002712c                Curl_wait_ms
                0x000276f8                Curl_poll
                0x00027288                Curl_socket_check
 .text          0x00027b3c      0x538 ../lib/.libs/libcurl.a(libcurl_la-splay.o)
                0x00027b3c                Curl_splay
                0x00027dc8                Curl_splaygetbest
                0x00027f20                Curl_splayremovebyaddr
                0x00027c94                Curl_splayinsert
 .text          0x00028074       0xf8 ../lib/.libs/libcurl.a(libcurl_la-strdup.o)
                0x000280ec                Curl_saferealloc
                0x00028074                Curl_memdup
 .text          0x0002816c      0x234 ../lib/.libs/libcurl.a(libcurl_la-slist.o)
                0x000282a0                Curl_slist_duplicate
                0x0002819c                Curl_slist_append_nodup
                0x00028310                curl_slist_free_all
                0x00028224                curl_slist_append
 .text          0x000283a0      0x198 ../lib/.libs/libcurl.a(libcurl_la-rand.o)
                0x00028498                Curl_rand
 .text          0x00028538      0x754 ../lib/.libs/libcurl.a(libcurl_la-conncache.o)
                0x00028830                Curl_conncache_find_bundle
                0x00028760                Curl_conncache_init
                0x00028b50                Curl_conncache_foreach
                0x00028ae0                Curl_conncache_remove_conn
                0x00028798                Curl_conncache_destroy
                0x00028c10                Curl_conncache_find_first_connection
                0x000289bc                Curl_conncache_add_conn
 .text          0x00028c8c      0x924 ../lib/.libs/libcurl.a(libcurl_la-pipeline.o)
                0x00029478                Curl_recvpipe_head
                0x000295a4                Curl_pipeline_leave_read
                0x00028ed4                Curl_add_handle_to_pipeline
                0x00028fe8                Curl_pipeline_site_blacklisted
                0x000290b0                Curl_pipeline_set_site_blacklist
                0x00028d28                Curl_pipeline_penalized
                0x00028f60                Curl_move_handle_from_send_to_recv_pipe
                0x0002952c                Curl_pipeline_checkget_read
                0x00029598                Curl_pipeline_leave_write
                0x0002949c                Curl_sendpipe_head
                0x0002931c                Curl_pipeline_set_server_blacklist
                0x00029248                Curl_pipeline_server_blacklisted
                0x000294c0                Curl_pipeline_checkget_write
 .text          0x000295b0     0x17ec ../lib/.libs/libcurl.a(libcurl_la-vtls.o)
                0x00029b98                Curl_ssl_sessionid_lock
                0x00029ad4                Curl_ssl_connect_nonblocking
                0x00029bdc                Curl_ssl_sessionid_unlock
                0x0002a444                Curl_ssl_initsessions
                0x00029e9c                Curl_ssl_kill_session
                0x0002ad50                Curl_ssl_md5sum
                0x000298bc                Curl_ssl_backend
                0x0002ad74                Curl_ssl_cert_status_request
                0x0002a648                Curl_ssl_push_certinfo_len
                0x00029904                Curl_ssl_cleanup
                0x000298c4                Curl_ssl_init
                0x0002a340                Curl_ssl_close
                0x0002a5d0                Curl_ssl_init_certinfo
                0x000295b0                Curl_ssl_config_matches
                0x0002a3e4                Curl_ssl_set_engine
                0x0002a424                Curl_ssl_engines_list
                0x0002a4c8                Curl_ssl_version
                0x00029a24                Curl_ssl_connect
                0x0002a4e8                Curl_ssl_check_cxn
                0x0002a528                Curl_ssl_free_certinfo
                0x0002a244                Curl_ssl_close_all
                0x0002a800                Curl_ssl_random
                0x00029c1c                Curl_ssl_getsessionid
                0x00029f2c                Curl_ssl_delsessionid
                0x0002966c                Curl_clone_primary_ssl_config
                0x0002a404                Curl_ssl_set_engine_default
                0x0002a978                Curl_pin_peer_pubkey
                0x0002a508                Curl_ssl_data_pending
                0x00029f84                Curl_ssl_addsessionid
                0x0002ad94                Curl_ssl_false_start
                0x000297f4                Curl_free_primary_ssl_config
                0x0002a360                Curl_ssl_shutdown
                0x0002a784                Curl_ssl_push_certinfo
                0x0002a2f8                Curl_ssl_getsock
 .text          0x0002ad9c      0x160 ../lib/.libs/libcurl.a(libcurl_la-timeval.o)
                0x0002adec                curlx_tvdiff
                0x0002ad9c                curlx_tvnow
                0x0002aef4                Curl_tvlong
                0x0002ae44                curlx_tvdiff_secs
 .text          0x0002aefc      0x574 ../lib/.libs/libcurl.a(libcurl_la-base64.o)
                0x0002b000                Curl_base64_decode
                0x0002b424                Curl_base64url_encode
                0x0002b3d8                Curl_base64_encode
 .text          0x0002b470      0xc5c ../lib/.libs/libcurl.a(libcurl_la-hostip.o)
                0x0002bbe4                Curl_resolv_timeout
                0x0002b6d0                Curl_hostcache_prune
                0x0002b564                Curl_printable_address
                0x0002bd48                Curl_mk_dnscache
                0x0002b850                Curl_fetch_addr
                0x0002bc74                Curl_resolv_unlock
                0x0002be00                Curl_loadhostpairs
                0x0002b8f8                Curl_cache_addr
                0x0002bd84                Curl_hostcache_clean
                0x0002ba34                Curl_resolv
                0x0002b540                Curl_num_addresses
                0x0002b470                Curl_global_host_cache_init
                0x0002b4f8                Curl_global_host_cache_dtor
 .text          0x0002c0cc     0x1420 ../lib/.libs/libcurl.a(libcurl_la-progress.o)
                0x0002c64c                Curl_pgrsResetTimesSizes
                0x0002cb98                Curl_pgrsUpdate
                0x0002c6c8                Curl_pgrsTime
                0x0002cb18                Curl_pgrsSetDownloadSize
                0x0002ca58                Curl_pgrsSetUploadCounter
                0x0002cb58                Curl_pgrsSetUploadSize
                0x0002c848                Curl_pgrsStartNow
                0x0002c998                Curl_pgrsSetDownloadCounter
                0x0002c5d8                Curl_pgrsDone
                0x0002c8c0                Curl_pgrsLimitWaitTime
 .text          0x0002d4ec     0x22d0 ../lib/.libs/libcurl.a(libcurl_la-cookie.o)
                0x0002d8b8                Curl_cookie_loadfiles
                0x0002ea00                Curl_cookie_init
                0x0002dadc                Curl_cookie_add
                0x0002f234                Curl_cookie_clearsess
                0x0002f5ec                Curl_cookie_list
                0x0002f1a4                Curl_cookie_clearall
                0x0002f1e4                Curl_cookie_freelist
                0x0002ef30                Curl_cookie_getlist
                0x0002f2fc                Curl_cookie_cleanup
                0x0002f6b4                Curl_flush_cookies
 .text          0x0002f7bc     0x522c ../lib/.libs/libcurl.a(libcurl_la-http.o)
                0x00030938                Curl_add_buffer_free
                0x0002f7bc                Curl_http_setup_conn
                0x00030bf0                Curl_add_bufferf
                0x00030d0c                Curl_add_buffer
                0x0002fedc                Curl_http_auth_act
                0x00030454                Curl_http_input_auth
                0x000302d0                Curl_http_output_auth
                0x00030f9c                Curl_http_connect
                0x00030e64                Curl_compareheader
                0x000310e4                Curl_http_done
                0x000316ec                Curl_add_timecondition
                0x00030904                Curl_add_buffer_init
                0x00031860                Curl_http
                0x0002f8a0                Curl_checkProxyheaders
                0x0003375c                Curl_http_readwrite_headers
                0x0002f944                Curl_copy_header_value
                0x0003098c                Curl_add_buffer_send
                0x0002f818                Curl_checkheaders
                0x000313d4                Curl_add_custom_headers
 .text          0x000349e8     0xa4f8 ../lib/.libs/libcurl.a(libcurl_la-url.o)
                0x000352cc                Curl_setopt
                0x00035178                Curl_open
                0x00034fec                Curl_init_userdefined
                0x00034c90                Curl_dupset
                0x000349e8                Curl_freeset
                0x0003ebac                Curl_init_do
                0x0003ba88                Curl_free_request_state
                0x0003a928                Curl_protocol_getsock
                0x000399e4                Curl_getoff_all_pipelines
                0x0003aa64                Curl_protocol_connect
                0x00039728                Curl_disconnect
                0x0003a760                Curl_connected_proxy
                0x00039968                Curl_removeHandleFromPipeline
                0x0003eac8                Curl_connect
                0x0003a9ac                Curl_protocol_connecting
                0x0003aa08                Curl_protocol_doing
                0x0003e94c                Curl_setup_conn
                0x0003a89c                Curl_verboseconnect
                0x00034d98                Curl_close
                0x00039b44                Curl_oldest_idle_connection
                0x0003a968                Curl_doing_getsock
 .text          0x0003eee0      0x524 ../lib/.libs/libcurl.a(libcurl_la-dict.o)
 .text          0x0003f404       0x18 ../lib/.libs/libcurl.a(libcurl_la-if2ip.o)
                0x0003f40c                Curl_if_is_interface_name
                0x0003f404                Curl_ipv6_scope
                0x0003f414                Curl_if2ip
 .text          0x0003f41c      0x134 ../lib/.libs/libcurl.a(libcurl_la-speedcheck.o)
                0x0003f44c                Curl_speedcheck
                0x0003f41c                Curl_speedinit
 .text          0x0003f550     0x2014 ../lib/.libs/libcurl.a(libcurl_la-telnet.o)
 .text          0x00041564      0x434 ../lib/.libs/libcurl.a(libcurl_la-netrc.o)
                0x00041564                Curl_parsenetrc
 .text          0x00041998      0xafc ../lib/.libs/libcurl.a(libcurl_la-getinfo.o)
                0x00042250                Curl_getinfo
                0x00041998                Curl_initinfo
 .text          0x00042494     0x24d4 ../lib/.libs/libcurl.a(libcurl_la-transfer.o)
                0x00043cf4                Curl_init_CONNECT
                0x000426bc                Curl_readrewind
                0x0004380c                Curl_readwrite
                0x00042494                Curl_fillreadbuffer
                0x000447f4                Curl_setup_transfer
                0x00042870                Curl_meets_timecondition
                0x000446ac                Curl_retry_request
                0x00043d08                Curl_pretransfer
                0x0004439c                Curl_follow
                0x00043c30                Curl_single_getsock
                0x00043eb0                Curl_posttransfer
 .text          0x00044968      0x110 ../lib/.libs/libcurl.a(libcurl_la-wildcard.o)
                0x000449bc                Curl_wildcard_dtor
                0x00044968                Curl_wildcard_init
 .text          0x00044a78      0x684 ../lib/.libs/libcurl.a(libcurl_la-http_chunks.o)
                0x00044abc                Curl_httpchunk_init
                0x00044ad4                Curl_httpchunk_read
                0x00045060                Curl_chunked_strerror
 .text          0x000450fc      0x3ac ../lib/.libs/libcurl.a(libcurl_la-llist.o)
                0x00045114                Curl_llist_alloc
                0x00045174                Curl_llist_insert_next
                0x00045260                Curl_llist_remove
                0x000453bc                Curl_llist_count
                0x000453c4                Curl_llist_move
                0x00045350                Curl_llist_destroy
 .text          0x000454a8      0x8b8 ../lib/.libs/libcurl.a(libcurl_la-hash.o)
                0x00045b00                Curl_hash_clean
                0x00045c24                Curl_hash_str
                0x00045a58                Curl_hash_destroy
                0x0004576c                Curl_hash_add
                0x00045b28                Curl_hash_clean_with_criterium
                0x00045ca4                Curl_hash_start_iterate
                0x000458b8                Curl_hash_delete
                0x00045c60                Curl_str_key_compare
                0x00045538                Curl_hash_init
                0x00045994                Curl_hash_pick
                0x00045cb8                Curl_hash_next_element
 .text          0x00045d60      0x8a4 ../lib/.libs/libcurl.a(libcurl_la-content_encoding.o)
                0x00046290                Curl_unencode_gzip_write
                0x00046094                Curl_unencode_deflate_write
                0x000465c8                Curl_unencode_cleanup
 .text          0x00046604      0x5dc ../lib/.libs/libcurl.a(libcurl_la-share.o)
                0x000469e8                curl_share_cleanup
                0x00046684                curl_share_setopt
                0x00046604                curl_share_init
                0x00046b80                Curl_share_unlock
                0x00046b20                Curl_share_lock
 .text          0x00046be0      0x344 ../lib/.libs/libcurl.a(libcurl_la-http_digest.o)
                0x00046be0                Curl_input_digest
                0x00046edc                Curl_digest_cleanup
                0x00046ca8                Curl_output_digest
 .text          0x00046f24      0x124 ../lib/.libs/libcurl.a(libcurl_la-hostip4.o)
                0x00046fac                Curl_ipv4_resolve_r
                0x00046f38                Curl_getaddrinfo
                0x00046f24                Curl_ipvalid
 .text          0x00047048       0x20 ../lib/.libs/libcurl.a(libcurl_la-hostsyn.o)
                0x00047060                Curl_set_dns_local_ip6
                0x00047050                Curl_set_dns_interface
                0x00047048                Curl_set_dns_servers
                0x00047058                Curl_set_dns_local_ip4
 .text          0x00047068     0x1d04 ../lib/.libs/libcurl.a(libcurl_la-tftp.o)
 .text          0x00048d6c      0xf00 ../lib/.libs/libcurl.a(libcurl_la-socks.o)
                0x00049368                Curl_SOCKS5
                0x00048d6c                Curl_blockread_all
                0x00048e68                Curl_SOCKS4
 .text          0x00049c6c      0x408 ../lib/.libs/libcurl.a(libcurl_la-curl_addrinfo.o)
                0x00049ce8                Curl_he2ai
                0x00049c6c                Curl_freeaddrinfo
                0x00049ec0                Curl_ip2addr
                0x0004a004                Curl_str2addr
 .text          0x0004a074       0x44 ../lib/.libs/libcurl.a(libcurl_la-curl_memrchr.o)
                0x0004a074                Curl_memrchr
 .text          0x0004a0b8     0x2f90 ../lib/.libs/libcurl.a(libcurl_la-imap.o)
 .text          0x0004d048     0x1cac ../lib/.libs/libcurl.a(libcurl_la-pop3.o)
                0x0004ea74                Curl_pop3_write
 .text          0x0004ecf4     0x210c ../lib/.libs/libcurl.a(libcurl_la-smtp.o)
                0x00050b6c                Curl_smtp_escape_eob
 .text          0x00050e00      0xa64 ../lib/.libs/libcurl.a(libcurl_la-pingpong.o)
                0x000510d0                Curl_pp_init
                0x00050ef0                Curl_pp_statemach
                0x000512b0                Curl_pp_sendf
                0x0005171c                Curl_pp_flushsend
                0x0005182c                Curl_pp_moredata
                0x000516dc                Curl_pp_getsock
                0x00050e00                Curl_pp_state_timeout
                0x00051344                Curl_pp_readresp
                0x0005113c                Curl_pp_vsendf
                0x000517d4                Curl_pp_disconnect
 .text          0x00051864     0x1254 ../lib/.libs/libcurl.a(libcurl_la-rtsp.o)
                0x000518d8                Curl_rtsp_connisdead
                0x00052860                Curl_rtsp_parseheader
 .text          0x00052ab8       0x80 ../lib/.libs/libcurl.a(libcurl_la-curl_gethostname.o)
                0x00052ab8                Curl_gethostname
 .text          0x00052b38      0x244 ../lib/.libs/libcurl.a(libcurl_la-gopher.o)
 .text          0x00052d7c      0xdc8 ../lib/.libs/libcurl.a(libcurl_la-http_proxy.o)
                0x00052ddc                Curl_proxy_connect
                0x00052f2c                Curl_proxyCONNECT
 .text          0x00053b44      0x40c ../lib/.libs/libcurl.a(libcurl_la-http_ntlm.o)
                0x00053ccc                Curl_output_ntlm
                0x00053f08                Curl_http_ntlm_cleanup
                0x00053b44                Curl_input_ntlm
 .text          0x00053f50      0xcd0 ../lib/.libs/libcurl.a(libcurl_la-curl_sasl.o)
                0x00053f7c                Curl_sasl_decode_mech
                0x000541f4                Curl_sasl_can_authenticate
                0x000541bc                Curl_sasl_init
                0x0005421c                Curl_sasl_start
                0x000540ec                Curl_sasl_parse_url_auth_option
                0x000546b0                Curl_sasl_continue
                0x00053f50                Curl_sasl_cleanup
 .text          0x00054c20      0x2d8 ../lib/.libs/libcurl.a(libcurl_la-dotdot.o)
                0x00054c20                Curl_dedotdotify
 .text          0x00054ef8     0x1750 ../lib/.libs/libcurl.a(libcurl_la-smb.o)
 .text          0x00056648      0x460 ../lib/.libs/libcurl.a(libcurl_la-curl_endian.o)
                0x00056a0c                Curl_write16_le
                0x00056648                Curl_read16_le
                0x00056840                Curl_read16_be
                0x00056a3c                Curl_write64_le
                0x0005665c                Curl_read32_le
                0x00056688                Curl_read64_le
                0x00056a1c                Curl_write32_le
                0x00056854                Curl_read32_be
                0x00056880                Curl_read64_be
 .text          0x00056aa8      0x24c ../lib/.libs/libcurl.a(libcurl_la-cleartext.o)
                0x00056c18                Curl_auth_create_login_message
                0x00056aa8                Curl_auth_create_plain_message
                0x00056cd4                Curl_auth_create_external_message
 .text          0x00056cf4      0x23c ../lib/.libs/libcurl.a(libcurl_la-cram.o)
                0x00056d78                Curl_auth_create_cram_md5_message
                0x00056cf4                Curl_auth_decode_cram_md5_message
 .text          0x00056f30     0x167c ../lib/.libs/libcurl.a(libcurl_la-digest.o)
                0x00058050                Curl_auth_create_digest_http_message
                0x00057598                Curl_auth_is_digest_supported
                0x00057bac                Curl_auth_decode_digest_http_message
                0x000584d8                Curl_auth_digest_cleanup
                0x000575a0                Curl_auth_create_digest_md5_message
                0x00056f30                Curl_auth_digest_get_pair
 .text          0x000585ac      0xadc ../lib/.libs/libcurl.a(libcurl_la-ntlm.o)
                0x00058898                Curl_auth_create_ntlm_type1_message
                0x000589ac                Curl_auth_create_ntlm_type3_message
                0x000586b4                Curl_auth_is_ntlm_supported
                0x00059030                Curl_auth_ntlm_cleanup
                0x000586bc                Curl_auth_decode_ntlm_type2_message
 .text          0x00059088      0x114 ../lib/.libs/libcurl.a(libcurl_la-oauth2.o)
                0x00059088                Curl_auth_create_oauth_bearer_message
 .text          0x0005919c     0x4d94 ../lib/.libs/libcurl.a(libcurl_la-openssl.o)
                0x0005a000                Curl_ossl_set_engine_default
                0x0005a418                Curl_ossl_close_all
                0x0005d8f0                Curl_ossl_connect
                0x0005a1d8                Curl_ossl_shutdown
                0x00059da0                Curl_ossl_init
                0x0005dcac                Curl_ossl_version
                0x0005d934                Curl_ossl_data_pending
                0x00059e20                Curl_ossl_check_cxn
                0x0005a17c                Curl_ossl_close
                0x0005d8c8                Curl_ossl_connect_nonblocking
                0x0005a094                Curl_ossl_engines_list
                0x0005de28                Curl_ossl_md5sum
                0x0005dda0                Curl_ossl_random
                0x00059ef4                Curl_ossl_set_engine
                0x0005a3f8                Curl_ossl_session_free
                0x0005dea8                Curl_ossl_sha256sum
                0x00059df0                Curl_ossl_cleanup
                0x0005df28                Curl_ossl_cert_status_request
 .text          0x0005df30      0xc68 ../lib/.libs/libcurl.a(libcurl_la-file.o)
 .text          0x0005eb98     0x6534 ../lib/.libs/libcurl.a(libcurl_la-ftp.o)
                0x0005f4ac                Curl_GetFTPResponse
                0x0006452c                Curl_ftpsend
 .text          0x000650cc       0xc8 ../lib/.libs/libcurl.a(libcurl_la-fileinfo.o)
                0x000650cc                Curl_fileinfo_alloc
                0x0006512c                Curl_fileinfo_dtor
 .text          0x00065194     0x15a0 ../lib/.libs/libcurl.a(libcurl_la-ftplistparser.o)
                0x00065194                Curl_ftp_parselist_data_alloc
                0x0006521c                Curl_ftp_parselist_geterror
                0x000651c8                Curl_ftp_parselist_data_free
                0x00065640                Curl_ftp_parselist
 .text          0x00066734      0x1d4 ../lib/.libs/libcurl.a(libcurl_la-md5.o)
                0x00066734                Curl_md5it
                0x000667b4                Curl_MD5_init
                0x00066888                Curl_MD5_final
                0x00066854                Curl_MD5_update
 .text          0x00066908      0x2a8 ../lib/.libs/libcurl.a(libcurl_la-hmac.o)
                0x00066b08                Curl_HMAC_final
                0x00066908                Curl_HMAC_init
                0x00066ad4                Curl_HMAC_update
 .text          0x00066bb0      0x858 ../lib/.libs/libcurl.a(libcurl_la-curl_ntlm_core.o)
                0x00067064                Curl_ntlm_core_mk_ntlmv2_hash
                0x00066fd4                Curl_hmac_md5
                0x00066ef4                Curl_ntlm_core_mk_nt_hash
                0x00066cb8                Curl_ntlm_core_lm_resp
                0x00067354                Curl_ntlm_core_mk_lmv2_resp
                0x00067160                Curl_ntlm_core_mk_ntlmv2_resp
                0x00066d70                Curl_ntlm_core_mk_lm_hash
 .text          0x00067408      0x298 ../lib/.libs/libcurl.a(libcurl_la-hostcheck.o)
                0x000675b8                Curl_cert_hostcheck
 .text          0x000676a0      0x134 ../lib/.libs/libcurl.a(libcurl_la-vauth.o)
                0x00067738                Curl_auth_user_contains_domain
                0x000676a0                Curl_auth_build_spn
 .text          0x000677d4      0xcd8 ../lib/.libs/libcurl.a(libcurl_la-curl_fnmatch.o)
                0x00068468                Curl_fnmatch
 .text          0x000684ac     0x39fc /usr/local/lib/libssl.a(s3_clnt.o)
                0x0006bcc8                ssl_do_client_cert_cb
                0x0006bc34                ssl3_get_server_done
                0x0006b8f4                ssl3_check_cert_and_algorithm
                0x00068fec                ssl3_get_server_hello
                0x0006b70c                ssl3_send_client_certificate
                0x0006b4d0                ssl3_send_client_verify
                0x00069540                ssl3_get_server_certificate
                0x0006a8f8                ssl3_get_new_session_ticket
                0x0006ab08                ssl3_get_cert_status
                0x00068d08                ssl3_client_hello
                0x000699fc                ssl3_get_key_exchange
                0x0006acf4                ssl3_send_client_key_exchange
                0x000684ac                ssl3_connect
                0x0006a564                ssl3_get_certificate_request
                0x0006bc28                SSLv3_client_method
 .text          0x0006bea8     0x1608 /usr/local/lib/libssl.a(s3_lib.o)
                0x0006cb54                sslv3_base_method
                0x0006cb60                ssl3_get_cipher_by_char
                0x0006d3ec                ssl3_ctx_callback_ctrl
                0x0006d238                ssl3_shutdown
                0x0006ccf0                ssl3_renegotiate
                0x0006ccc8                ssl3_get_cipher
                0x0006cc04                ssl3_get_req_cert_type
                0x0006cec0                ssl3_new
                0x0006cf48                ssl3_read
                0x0006ccc0                ssl3_num_ciphers
                0x0006d474                ssl3_pending
                0x0006bea8                ssl3_free
                0x0006c0b4                ssl3_ctrl
                0x0006bf90                ssl3_clear
                0x0006d110                ssl3_write
                0x0006c66c                ssl3_ctx_ctrl
                0x0006cbcc                ssl3_put_cipher_by_char
                0x0006d4a8                ssl3_default_timeout
                0x0006d02c                ssl3_peek
                0x0006cdc4                ssl3_choose_cipher
                0x0006d328                ssl3_callback_ctrl
                0x0006cd2c                ssl3_renegotiate_check
 .text          0x0006d4b0     0x1278 /usr/local/lib/libssl.a(s3_enc.o)
                0x0006e098                ssl3_generate_master_secret
                0x0006e404                ssl3_init_finished_mac
                0x0006e4d0                ssl3_final_finish_mac
                0x0006e5b4                ssl3_record_sequence_update
                0x0006e538                ssl3_cert_verify_mac
                0x0006e1d4                ssl3_alert_code
                0x0006df10                ssl3_mac
                0x0006d6a8                ssl3_change_cipher_state
                0x0006dd3c                ssl3_enc
                0x0006db9c                ssl3_setup_key_block
                0x0006e46c                ssl3_cleanup_key_block
                0x0006e564                ssl3_finish_mac
 .text          0x0006e728     0x198c /usr/local/lib/libssl.a(s3_pkt.o)
                0x0006fde4                ssl3_send_alert
                0x0006f208                ssl3_read_bytes
                0x0006fec4                ssl3_write_bytes
                0x00070050                ssl3_do_uncompress
                0x0006fba4                ssl3_do_change_cipher_spec
                0x0006ffec                ssl3_do_compress
                0x0006e728                ssl3_read_n
                0x0006fcdc                ssl3_dispatch_alert
                0x0006f0ac                ssl3_write_pending
 .text          0x000700b4      0xe18 /usr/local/lib/libssl.a(s3_both.o)
                0x00070554                ssl3_get_message
                0x00070d0c                ssl3_do_write
                0x000700b4                ssl3_send_finished
                0x0007021c                ssl3_output_cert_chain
                0x00070c20                ssl3_send_change_cipher_spec
                0x00070b0c                ssl3_get_finished
                0x000709d0                ssl_verify_alarm_type
                0x00070de8                ssl3_setup_buffers
                0x00070934                ssl_cert_type
 .text          0x00070ecc      0xc48 /usr/local/lib/libssl.a(s23_clnt.o)
                0x00071ab8                SSLv23_client_method
                0x00070ecc                ssl23_connect
 .text          0x00071b14      0x330 /usr/local/lib/libssl.a(s23_lib.o)
                0x00071dac                ssl23_put_cipher_by_char
                0x00071c4c                ssl23_peek
                0x00071cfc                ssl23_write
                0x00071b20                ssl23_num_ciphers
                0x00071b54                ssl23_get_cipher
                0x00071e3c                ssl23_default_timeout
                0x00071dd4                ssl23_get_cipher_by_char
                0x00071b14                sslv23_base_method
                0x00071b9c                ssl23_read
 .text          0x00071e44      0x108 /usr/local/lib/libssl.a(s23_pkt.o)
                0x00071ec8                ssl23_write_bytes
                0x00071e44                ssl23_read_bytes
 .text          0x00071f4c       0x3c /usr/local/lib/libssl.a(t1_clnt.o)
                0x00071f4c                TLSv1_client_method
 .text          0x00071f88     0x120c /usr/local/lib/libssl.a(t1_lib.o)
                0x000730e0                tls1_new
                0x00072a60                ssl_check_clienthello_tlsext
                0x00072d1c                tls1_process_ticket
                0x00073154                tls1_clear
                0x00072870                ssl_parse_serverhello_tlsext
                0x00073188                tlsv1_base_method
                0x00073134                tls1_free
                0x00072458                ssl_parse_clienthello_tlsext
                0x00071f88                ssl_add_clienthello_tlsext
                0x0007231c                ssl_add_serverhello_tlsext
                0x000730d8                tls1_default_timeout
                0x00072bbc                ssl_check_serverhello_tlsext
 .text          0x00073194     0x1700 /usr/local/lib/libssl.a(t1_enc.o)
                0x00074834                tls1_cert_verify_mac
                0x00073de4                tls1_enc
                0x000734e8                tls1_change_cipher_state
                0x0007445c                tls1_alert_code
                0x000742e4                tls1_generate_master_secret
                0x000746e4                tls1_final_finish_mac
                0x00073c14                tls1_setup_key_block
                0x000740d0                tls1_mac
 .text          0x00074894     0x40ac /usr/local/lib/libssl.a(ssl_lib.o)
                0x00078028                SSL_CTX_set_tmp_rsa_callback
                0x000780f8                SSL_CTX_set_tmp_ecdh_callback
                0x00077358                SSL_check_private_key
                0x00077f10                SSL_set_ex_data
                0x00076d80                SSL_get_rbio
                0x00075cd4                check_srvr_ecc_cert_and_alg
                0x0007805c                SSL_set_tmp_rsa_callback
                0x00076c00                SSL_set_fd
                0x00077cd4                SSL_set_connect_state
                0x000756f8                SSL_CTX_free
                0x00076810                SSL_get_peer_finished
                0x00077ef8                SSL_state
                0x00077b88                SSL_shutdown
                0x00077958                SSL_CTX_callback_ctrl
                0x000760d0                SSL_dup
                0x0007826c                ssl_cipher_id_cmp
                0x00077e04                SSL_CTX_set_default_verify_paths
                0x00077ddc                SSL_set_quiet_shutdown
                0x00077424                SSL_CTX_set_session_id_context
                0x00076744                SSL_get_servername
                0x00075ef4                SSL_get_error
                0x00076fac                SSL_SESSION_cmp
                0x00076968                SSL_get_fd
                0x00077694                SSL_peek
                0x00077df4                SSL_get_shutdown
                0x00077614                SSL_read
                0x00078730                ssl_get_ciphers_by_id
                0x00074a28                SSL_new
                0x00076774                SSL_get_servername_type
                0x00074894                SSL_clear
                0x000753a4                SSL_CTX_new
                0x00076734                SSL_set_msg_callback
                0x00074eb8                SSL_set_wfd
                0x00075820                ssl_set_cert_masks
                0x00076e0c                SSL_get_verify_mode
                0x000767a8                SSL_get_finished
                0x00077f9c                SSL_CTX_set_ex_data
                0x000772b4                SSL_CTX_set_default_passwd_cb
                0x000769d4                SSL_get_wfd
                0x000770bc                SSL_has_matching_session_id
                0x00077e54                SSL_set_SSL_CTX
                0x00077dcc                SSL_CTX_set_quiet_shutdown
                0x00076f80                SSL_SESSION_hash
                0x00077270                SSL_CTX_get_verify_callback
                0x0007817c                SSL_get_current_expansion
                0x00077e28                SSL_CTX_load_verify_locations
                0x00076bd4                SSL_pending
                0x000779e4                SSL_CTX_set_ssl_version
                0x00077278                SSL_CTX_set_verify
                0x00077558                SSL_set_trust
                0x00076a20                SSL_get_cipher_list
                0x00076e40                SSL_set_verify
                0x00077dac                SSL_get_privatekey
                0x00077dd4                SSL_CTX_get_quiet_shutdown
                0x00077510                SSL_set_purpose
                0x000782c4                ssl_bytes_to_cipher_list
                0x000780c4                SSL_set_tmp_dh_callback
                0x00077b78                SSL_renegotiate_pending
                0x00076ce4                SSL_set_bio
                0x00077998                SSL_get_version
                0x00076988                SSL_get_rfd
                0x00075e00                ssl_get_server_send_cert
                0x00078294                ssl_cipher_ptr_id_cmp
                0x00077fe4                SSL_CTX_get_ex_new_index
                0x00077918                SSL_callback_ctrl
                0x00078864                ssl_free_wbio_buffer
                0x00077de4                SSL_get_quiet_shutdown
                0x00077488                SSL_set_session_id_context
                0x00077d8c                SSL_get_certificate
                0x00078694                ssl_get_sign_pkey
                0x00076d90                SSL_set_cipher_list
                0x000772a8                SSL_CTX_set_cert_verify_callback
                0x00076878                SSL_CTX_set_cipher_list
                0x00076d88                SSL_get_wbio
                0x00077dec                SSL_set_shutdown
                0x0007812c                SSL_set_tmp_ecdh_callback
                0x00077b38                SSL_renegotiate
                0x00077e4c                SSL_get_SSL_CTX
                0x00075048                SSL_set_rfd
                0x00078658                ssl_undefined_const_function
                0x00077ef0                SSL_get_info_callback
                0x00076e14                SSL_get_verify_depth
                0x00077c14                SSL_get_ssl_method
                0x000784c0                ssl_update_cache
                0x000781d4                ssl_clear_cipher_ctx
                0x00078410                ssl_cipher_list_to_bytes
                0x00076e54                SSL_set_verify_depth
                0x0007757c                SSL_accept
                0x00077534                SSL_CTX_set_trust
                0x000751d0                SSL_CTX_ctrl
                0x00077dfc                SSL_version
                0x000774ec                SSL_CTX_set_purpose
                0x00076bcc                SSL_get_read_ahead
                0x00076e04                SSL_set_read_ahead
                0x0007861c                ssl_undefined_void_function
                0x00077d60                SSL_get_default_timeout
                0x000768ec                SSL_CTX_get_cert_store
                0x00077a90                SSL_do_handshake
                0x0007672c                SSL_CTX_set_msg_callback
                0x000785e0                ssl_undefined_function
                0x00077790                SSL_ctrl
                0x00077f34                SSL_get_ex_data
                0x00078764                ssl_init_wbio_buffer
                0x0007705c                SSL_set_generate_session_id
                0x00077d18                SSL_set_accept_state
                0x00076ffc                SSL_CTX_set_generate_session_id
                0x0007673c                SSL_CTX_sessions
                0x0007693c                SSL_get_current_cipher
                0x00077f58                SSL_get_ex_new_index
                0x00078160                SSL_get_current_compression
                0x00076934                SSL_want
                0x000772c4                SSL_CTX_check_private_key
                0x00078090                SSL_CTX_set_tmp_dh_callback
                0x00077a5c                SSL_get_ciphers
                0x00077ee8                SSL_set_info_callback
                0x000775c8                SSL_connect
                0x00076e38                SSL_get_verify_callback
                0x00074cec                SSL_free
                0x00076e78                SSL_copy_session_id
                0x00076ac8                SSL_get_shared_ciphers
                0x000772bc                SSL_CTX_set_default_passwd_cb_userdata
                0x000768f4                SSL_CTX_set_cert_store
                0x000788bc                ssl_ok
                0x000771a0                SSL_get_peer_certificate
                0x00077f08                SSL_get_verify_result
                0x00077f00                SSL_set_verify_result
                0x00077284                SSL_CTX_set_verify_depth
                0x0007724c                SSL_CTX_get_verify_depth
                0x00078198                ssl_bad_method
                0x00077c1c                SSL_set_ssl_method
                0x00077fc0                SSL_CTX_get_ex_data
                0x00077214                SSL_get_peer_cert_chain
                0x00077704                SSL_write
                0x00077244                SSL_CTX_get_verify_mode
 .text          0x00078940       0x24 /usr/local/lib/libssl.a(ssl_err2.o)
                0x00078940                SSL_load_error_strings
 .text          0x00078964     0x1130 /usr/local/lib/libssl.a(ssl_cert.o)
                0x00078964                ssl_cert_dup
                0x00078e78                SSL_load_client_CA_file
                0x00079428                SSL_CTX_get_client_CA_list
                0x00079340                SSL_set_client_CA_list
                0x000791b4                SSL_add_dir_cert_subjects_to_stack
                0x00079050                SSL_add_file_cert_subjects_to_stack
                0x00079550                SSL_dup_CA_list
                0x00079914                ssl_sess_cert_new
                0x00079760                ssl_cert_inst
                0x0007999c                ssl_sess_cert_free
                0x000794c0                SSL_CTX_add_client_CA
                0x000795e4                SSL_get_ex_data_X509_STORE_CTX_idx
                0x00079a60                ssl_set_peer_cert_type
                0x00079430                SSL_add_client_CA
                0x00079850                ssl_cert_free
                0x000796d8                ssl_cert_new
                0x00078c68                ssl_verify_cert_chain
                0x00079388                SSL_CTX_set_client_CA_list
                0x000793d0                SSL_get_client_CA_list
 .text          0x00079a94     0x14ac /usr/local/lib/libssl.a(ssl_sess.o)
                0x0007a6e8                SSL_CTX_set_info_callback
                0x0007a708                SSL_CTX_set_client_cert_engine
                0x0007a6e0                SSL_CTX_sess_get_get_cb
                0x0007a148                SSL_CTX_add_session
                0x0007a8e8                SSL_SESSION_new
                0x0007a6d0                SSL_CTX_sess_get_remove_cb
                0x00079dfc                ssl_get_prev_session
                0x00079a94                ssl_get_new_session
                0x0007aac8                SSL_get_session
                0x0007abcc                ssl_clear_bad_session
                0x0007ab40                SSL_SESSION_set_ex_data
                0x0007ab88                SSL_SESSION_get_ex_new_index
                0x0007a7b8                SSL_CTX_set_timeout
                0x0007a898                SSL_SESSION_set_time
                0x0007a7ec                SSL_CTX_flush_sessions
                0x0007a9bc                SSL_SESSION_free
                0x0007a9a4                SSL_SESSION_get_id
                0x0007a880                SSL_SESSION_get_time
                0x0007a6b8                SSL_CTX_sess_set_new_cb
                0x0007a8cc                SSL_SESSION_set_timeout
                0x0007a6c8                SSL_CTX_sess_set_remove_cb
                0x0007a7a8                SSL_CTX_set_cookie_generate_cb
                0x0007a700                SSL_CTX_get_client_cert_cb
                0x0007aad0                SSL_get1_session
                0x0007a7b0                SSL_CTX_set_cookie_verify_cb
                0x0007a7d4                SSL_CTX_get_timeout
                0x0007a2a8                SSL_set_session
                0x0007a6d8                SSL_CTX_sess_set_get_cb
                0x0007a8b4                SSL_SESSION_get_timeout
                0x0007a6f0                SSL_CTX_get_info_callback
                0x0007ab64                SSL_SESSION_get_ex_data
                0x0007aaa4                SSL_CTX_remove_session
                0x0007a6c0                SSL_CTX_sess_get_new_cb
                0x0007a6f8                SSL_CTX_set_client_cert_cb
 .text          0x0007af40     0x1a9c /usr/local/lib/libssl.a(ssl_ciph.o)
                0x0007bd98                ssl_create_cipher_list
                0x0007c8fc                SSL_COMP_get_name
                0x0007c914                SSL_COMP_get_compression_methods
                0x0007c180                SSL_CIPHER_description
                0x0007c734                SSL_COMP_add_compression_method
                0x0007b18c                ssl_cipher_get_evp
                0x0007c8e0                SSL_CIPHER_get_name
                0x0007c93c                ssl3_comp_find
                0x0007af40                ssl_load_ciphers
                0x0007c894                SSL_CIPHER_get_version
                0x0007c870                SSL_CIPHER_get_bits
 .text          0x0007c9dc     0x1778 /usr/local/lib/libssl.a(ssl_rsa.o)
                0x0007c9dc                SSL_use_certificate_file
                0x0007cca8                SSL_use_RSAPrivateKey_file
                0x0007e010                SSL_CTX_use_certificate
                0x0007db00                SSL_use_PrivateKey_ASN1
                0x0007ce80                SSL_use_PrivateKey_file
                0x0007da74                SSL_use_PrivateKey
                0x0007d30c                SSL_CTX_use_RSAPrivateKey_file
                0x0007d974                SSL_use_RSAPrivateKey_ASN1
                0x0007e09c                SSL_CTX_use_certificate_ASN1
                0x0007df5c                SSL_CTX_use_PrivateKey_ASN1
                0x0007ddd0                SSL_CTX_use_RSAPrivateKey_ASN1
                0x0007ded0                SSL_CTX_use_PrivateKey
                0x0007d898                SSL_use_RSAPrivateKey
                0x0007dbb4                SSL_use_certificate
                0x0007dc40                SSL_use_certificate_ASN1
                0x0007d668                SSL_CTX_use_certificate_chain_file
                0x0007d4e0                SSL_CTX_use_PrivateKey_file
                0x0007d168                SSL_CTX_use_certificate_file
                0x0007dcf4                SSL_CTX_use_RSAPrivateKey
 .text          0x0007e154     0x1544 /usr/local/lib/libssl.a(ssl_asn1.o)
                0x0007e804                d2i_SSL_SESSION
                0x0007e154                i2d_SSL_SESSION
 .text          0x0007f698      0x150 /usr/local/lib/libssl.a(ssl_algs.o)
                0x0007f698                SSL_library_init
 .text          0x0007f7e8      0xe24 /usr/local/lib/libssl.a(bio_ssl.o)
                0x00080300                BIO_new_buffer_ssl_connect
                0x00080384                BIO_ssl_copy_session_id
                0x00080410                BIO_ssl_shutdown
                0x000801d8                BIO_new_ssl
                0x000801cc                BIO_f_ssl
                0x00080270                BIO_new_ssl_connect
 .text          0x0008060c       0x58 /usr/local/lib/libssl.a(ssl_err.o)
                0x0008060c                ERR_load_SSL_strings
 .text          0x00080664     0x1abc /usr/local/lib/libssl.a(s2_clnt.o)
                0x00081f40                SSLv2_client_method
                0x00081d68                ssl2_set_certificate
                0x00080664                ssl2_connect
 .text          0x00082120      0x5ec /usr/local/lib/libssl.a(s2_lib.o)
                0x00082348                ssl2_put_cipher_by_char
                0x00082120                ssl2_generate_key_material
                0x00082624                ssl2_clear
                0x000824c8                ssl2_new
                0x000826a8                ssl2_ctx_ctrl
                0x000824a0                ssl2_get_cipher
                0x000822d0                ssl2_get_cipher_by_char
                0x000823c0                ssl2_write_error
                0x000822c4                sslv2_base_method
                0x00082690                ssl2_ctrl
                0x000826b8                ssl2_ctx_callback_ctrl
                0x00082388                ssl2_return_error
                0x000826b0                ssl2_callback_ctrl
                0x00082614                ssl2_shutdown
                0x000826c0                ssl2_pending
                0x000825a8                ssl2_free
                0x00082704                ssl2_default_timeout
                0x00082498                ssl2_num_ciphers
 .text          0x0008270c      0x3a4 /usr/local/lib/libssl.a(s2_enc.o)
                0x0008270c                ssl2_enc_init
                0x000829c4                ssl2_mac
                0x00082950                ssl2_enc
 .text          0x00082ab0      0xfe4 /usr/local/lib/libssl.a(s2_pkt.o)
                0x00083654                ssl2_do_write
                0x000838c8                ssl2_read
                0x000838ec                ssl2_peek
                0x00083910                ssl2_write
                0x00083810                ssl2_part_read
 .text          0x00083a94      0x340 /usr/local/lib/libcrypto.a(cryptlib.o)
                0x00083d74                int_CRYPTO_set_do_dynlock_callback
                0x00083b3c                CRYPTO_num_locks
                0x00083bcc                CRYPTO_set_id_callback
                0x00083a94                OPENSSL_showfatal
                0x00083db8                OPENSSL_isservice
                0x00083b44                CRYPTO_lock
                0x00083be4                CRYPTO_thread_id
                0x00083c48                CRYPTO_add_lock
                0x00083dc4                OPENSSL_stderr
                0x00083bb4                CRYPTO_set_add_lock_callback
                0x00083bd8                CRYPTO_get_id_callback
                0x00083d80                OpenSSLDie
                0x00083b9c                CRYPTO_set_locking_callback
                0x00083dc0                OPENSSL_cpuid_setup
                0x00083db0                OPENSSL_ia32cap_loc
                0x00083bc0                CRYPTO_get_add_lock_callback
                0x00083ba8                CRYPTO_get_locking_callback
 .text          0x00083dd4      0xd64 /usr/local/lib/libcrypto.a(mem.o)
                0x00084a78                CRYPTO_remove_all_info
                0x00084598                CRYPTO_get_mem_ex_functions
                0x000846cc                CRYPTO_malloc_locked
                0x000844b0                CRYPTO_set_mem_info_functions
                0x0008498c                CRYPTO_set_mem_debug_options
                0x00084464                CRYPTO_set_mem_debug_functions
                0x000847b8                CRYPTO_free_locked
                0x00084918                CRYPTO_free
                0x000849fc                CRYPTO_push_info_
                0x0008411c                CRYPTO_remalloc
                0x00084370                CRYPTO_set_mem_ex_functions
                0x00083f5c                CRYPTO_realloc_clean
                0x000844cc                CRYPTO_get_mem_functions
                0x00084618                CRYPTO_get_locked_mem_ex_functions
                0x0008425c                CRYPTO_set_mem_functions
                0x000849c0                CRYPTO_get_mem_debug_options
                0x00084a3c                CRYPTO_pop_info
                0x00084664                CRYPTO_get_mem_debug_functions
                0x0008454c                CRYPTO_get_locked_mem_functions
                0x00084310                CRYPTO_set_locked_mem_functions
                0x0008440c                CRYPTO_set_locked_mem_ex_functions
                0x0008482c                CRYPTO_malloc
                0x00083dd4                CRYPTO_realloc
 .text          0x00084b38       0x84 /usr/local/lib/libcrypto.a(mem_clr.o)
                0x00084b38                OPENSSL_cleanse
 .text          0x00084bbc     0x10f0 /usr/local/lib/libcrypto.a(mem_dbg.o)
                0x00085a88                CRYPTO_mem_leaks_fp
                0x00085150                CRYPTO_dbg_malloc
                0x00085a7c                CRYPTO_dbg_get_options
                0x00085a70                CRYPTO_dbg_set_options
                0x00085b08                CRYPTO_mem_leaks_cb
                0x00084ea8                CRYPTO_dbg_pop_info
                0x00085388                CRYPTO_dbg_free
                0x0008580c                CRYPTO_malloc_debug_init
                0x00085954                CRYPTO_dbg_realloc
                0x00084d58                CRYPTO_dbg_push_info
                0x000856dc                CRYPTO_mem_leaks
                0x00084ff8                CRYPTO_dbg_remove_all_info
                0x00085870                CRYPTO_is_mem_check_on
                0x00084bbc                CRYPTO_mem_ctrl
                0x00085900                CRYPTO_strdup
 .text          0x00085cac       0xfc /usr/local/lib/libcrypto.a(cversion.o)
                0x00085cac                SSLeay_version
                0x00085d9c                SSLeay
 .text          0x00085da8      0xf64 /usr/local/lib/libcrypto.a(ex_data.o)
                0x0008641c                CRYPTO_get_ex_data_implementation
                0x000864a0                CRYPTO_set_ex_data_implementation
                0x00086930                CRYPTO_get_ex_data
                0x000865a4                CRYPTO_get_ex_new_index
                0x0008670c                CRYPTO_dup_ex_data
                0x0008685c                CRYPTO_set_ex_data
                0x00086990                CRYPTO_cleanup_all_ex_data
                0x00086664                CRYPTO_new_ex_data
                0x000867b4                CRYPTO_free_ex_data
                0x00086514                CRYPTO_ex_data_new_class
 .text          0x00086d0c      0x190 /usr/local/lib/libcrypto.a(o_dir.o)
                0x00086d0c                OPENSSL_DIR_read
                0x00086e28                OPENSSL_DIR_end
 .text          0x00086e9c      0x900 /usr/local/lib/libcrypto.a(o_names.o)
                0x00087014                OBJ_NAME_get
                0x000870fc                OBJ_NAME_add
                0x00087358                OBJ_NAME_remove
                0x00087494                OBJ_NAME_do_all
                0x00087400                OBJ_NAME_cleanup
                0x000874d4                OBJ_NAME_do_all_sorted
                0x00086e9c                OBJ_NAME_new_index
                0x000872ec                OBJ_NAME_init
 .text          0x0008779c     0x15d4 /usr/local/lib/libcrypto.a(obj_dat.o)
                0x000889ec                OBJ_create
                0x0008877c                OBJ_ln2nid
                0x00088528                OBJ_nid2sn
                0x000889d4                OBJ_new_nid
                0x00088818                OBJ_sn2nid
                0x00087c20                OBJ_obj2txt
                0x000886b0                OBJ_txt2nid
                0x00088140                OBJ_create_objects
                0x00088368                OBJ_nid2obj
                0x00088444                OBJ_nid2ln
                0x00088608                OBJ_obj2nid
                0x000888b4                OBJ_bsearch
                0x00087a74                OBJ_txt2obj
                0x00088ae8                OBJ_cleanup
                0x00087878                OBJ_add_object
                0x000888d8                OBJ_bsearch_ex
 .text          0x00088d70      0x1e8 /usr/local/lib/libcrypto.a(obj_lib.o)
                0x00088d70                OBJ_dup
                0x00088f1c                OBJ_cmp
 .text          0x00088f58      0xbc0 /usr/local/lib/libcrypto.a(md4_dgst.o)
                0x00088f58                MD4_Update
                0x000890a8                MD4_Final
                0x00089af4                MD4_Transform
                0x00089220                md4_block_data_order
                0x00089aa8                MD4_Init
 .text          0x00089b18      0xec0 /usr/local/lib/libcrypto.a(md5_dgst.o)
                0x00089de0                md5_block_data_order
                0x0008a968                MD5_Init
                0x0008a9b4                MD5_Transform
                0x00089c68                MD5_Final
                0x00089b18                MD5_Update
 .text          0x0008a9d8     0x1e6c /usr/local/lib/libcrypto.a(sha256.o)
                0x0008c594                SHA224_Update
                0x0008c5d4                SHA224
                0x0008a9d8                SHA256_Update
                0x0008c500                SHA224_Init
                0x0008ab28                SHA256_Final
                0x0008c820                SHA256_Transform
                0x0008c5b4                SHA224_Final
                0x0008c6b0                SHA256_Init
                0x0008c744                SHA256
 .text          0x0008c844      0x4ec /usr/local/lib/libcrypto.a(hmac.o)
                0x0008cb48                HMAC_Final
                0x0008c844                HMAC_Init_ex
                0x0008cbc4                HMAC
                0x0008cce4                HMAC_CTX_set_flags
                0x0008ca68                HMAC_CTX_cleanup
                0x0008cabc                HMAC_Init
                0x0008cb24                HMAC_Update
                0x0008ca28                HMAC_CTX_init
 .text          0x0008cd30      0x488 /usr/local/lib/libcrypto.a(set_key.o)
                0x0008cfa8                DES_set_odd_parity
                0x0008cd30                DES_set_key_unchecked
                0x0008cfd4                DES_check_key_parity
                0x0008d010                DES_is_weak_key
                0x0008d074                DES_set_key
                0x0008d0ec                DES_set_key_checked
                0x0008d0b0                DES_key_sched
 .text          0x0008d1b8       0xe8 /usr/local/lib/libcrypto.a(ecb_enc.o)
                0x0008d1b8                DES_ecb_encrypt
 .text          0x0008d2a0     0x37e4 /usr/local/lib/libcrypto.a(des_enc.o)
                0x00090770                DES_encrypt3
                0x000908f8                DES_decrypt3
                0x0008d2a0                DES_encrypt1
                0x0008e5d4                DES_encrypt2
                0x0008fd10                DES_ede3_cbc_encrypt
                0x0008f7d8                DES_ncbc_encrypt
 .text          0x00090a84     0x12d8 /usr/local/lib/libcrypto.a(bn_lib.o)
                0x000918d8                BN_clear_bit
                0x00091b44                bn_dup_expand
                0x00091598                BN_set_negative
                0x00091384                BN_num_bits_word
                0x00090de4                BN_bin2bn
                0x000912dc                BN_value_one
                0x00090ff8                BN_bn2bin
                0x00091674                BN_get_word
                0x000915c4                BN_set_word
                0x000912e8                BN_num_bits
                0x00091984                BN_set_params
                0x0009151c                BN_swap
                0x000911c8                BN_set_bit
                0x00091824                BN_clear
                0x000916a0                BN_free
                0x0009170c                BN_is_bit_set
                0x00091ae0                bn_expand2
                0x00091760                BN_mask_bits
                0x00090cbc                BN_copy
                0x00090bc4                BN_dup
                0x00091c80                bn_cmp_part_words
                0x00091a88                BN_get_params
                0x00091474                BN_init
                0x00091874                BN_ucmp
                0x000914a0                BN_clear_free
                0x000913f4                BN_new
                0x00091c20                bn_cmp_words
                0x000910f0                BN_cmp
 .text          0x00091d5c      0x664 /usr/local/lib/libcrypto.a(bn_ctx.o)
                0x00091e78                BN_CTX_new
                0x0009200c                BN_CTX_get
                0x000920a4                BN_CTX_end
                0x00091f84                BN_CTX_start
                0x00091efc                BN_CTX_init
                0x00091f40                BN_CTX_free
 .text          0x000923c0      0x944 /usr/local/lib/libcrypto.a(bn_print.o)
                0x00092ba0                BN_print_fp
                0x00092c10                BN_print
                0x00092754                BN_hex2bn
                0x000924dc                BN_bn2dec
                0x00092984                BN_dec2bn
                0x000923c0                BN_bn2hex
 .text          0x00092d04      0x560 /usr/local/lib/libcrypto.a(bn_shift.o)
                0x00092fc0                BN_rshift
                0x00092d04                BN_rshift1
                0x00093158                BN_lshift1
                0x00092e1c                BN_lshift
 .text          0x00093264      0x498 /usr/local/lib/libcrypto.a(bn_word.o)
                0x0009364c                BN_mul_word
                0x000933a0                BN_sub_word
                0x00093564                BN_div_word
                0x000934d8                BN_mod_word
                0x00093264                BN_add_word
 .text          0x000936fc     0x77a8 /usr/local/lib/libcrypto.a(bn_asm.o)
                0x00093a0c                bn_mul_words
                0x00094128                bn_mul_comba8
                0x000936fc                bn_mul_add_words
                0x00093dd4                bn_div_words
                0x00094040                bn_sub_words
                0x000984b4                bn_sqr_comba8
                0x0009a670                bn_sqr_comba4
                0x00093c78                bn_sqr_words
                0x000978cc                bn_mul_comba4
                0x00093f48                bn_add_words
 .text          0x0009aea4     0x1f0c /usr/local/lib/libcrypto.a(ec_lib.o)
                0x0009ca9c                EC_EX_DATA_set_data
                0x0009ba48                EC_GROUP_get_asn1_flag
                0x0009b990                EC_GROUP_get_order
                0x0009c798                EC_POINT_cmp
                0x0009bff0                EC_POINT_set_Jprojective_coordinates_GFp
                0x0009cce8                EC_EX_DATA_free_all_data
                0x0009c070                EC_POINT_get_Jprojective_coordinates_GFp
                0x0009c718                EC_POINT_is_on_curve
                0x0009b988                EC_GROUP_get0_generator
                0x0009ca48                EC_GROUP_have_precompute_mult
                0x0009c990                EC_POINT_mul
                0x0009c824                EC_POINT_make_affine
                0x0009ba30                EC_GROUP_set_curve_name
                0x0009cb80                EC_EX_DATA_get_data
                0x0009c698                EC_POINT_is_at_infinity
                0x0009b7c8                EC_GROUP_dup
                0x0009cc58                EC_EX_DATA_clear_free_data
                0x0009b684                EC_GROUP_free
                0x0009cbc8                EC_EX_DATA_free_data
                0x0009be58                EC_POINT_clear_free
                0x0009c588                EC_POINT_dbl
                0x0009ba70                EC_GROUP_set_seed
                0x0009aea4                EC_GROUP_new
                0x0009ba38                EC_GROUP_get_curve_name
                0x0009c470                EC_POINT_oct2point
                0x0009bd28                EC_POINT_new
                0x0009ba68                EC_GROUP_get_seed_len
                0x0009c3f0                EC_POINT_point2oct
                0x0009be08                EC_POINT_free
                0x0009c1f0                EC_POINT_set_compressed_coordinates_GFp
                0x0009c370                EC_POINT_set_compressed_coordinates_GF2m
                0x0009bf70                EC_POINT_set_to_infinity
                0x0009bc78                EC_GROUP_get_degree
                0x0009c0f0                EC_POINT_set_affine_coordinates_GFp
                0x0009bbc8                EC_GROUP_set_curve_GF2m
                0x0009cd4c                EC_EX_DATA_clear_free_all_data
                0x0009c954                EC_POINTs_mul
                0x0009ba58                EC_GROUP_get_point_conversion_form
                0x0009c2f0                EC_POINT_get_affine_coordinates_GF2m
                0x0009ba50                EC_GROUP_set_point_conversion_form
                0x0009bb70                EC_GROUP_get_curve_GFp
                0x0009bf68                EC_POINT_method_of
                0x0009c614                EC_POINT_invert
                0x0009b1d0                EC_GROUP_cmp
                0x0009afb0                EC_GROUP_copy
                0x0009bed8                EC_POINT_copy
                0x0009c170                EC_POINT_get_affine_coordinates_GFp
                0x0009c4f0                EC_POINT_add
                0x0009b888                EC_GROUP_method_of
                0x0009b70c                EC_GROUP_clear_free
                0x0009ba40                EC_GROUP_set_asn1_flag
                0x0009bc20                EC_GROUP_get_curve_GF2m
                0x0009ba60                EC_GROUP_get0_seed
                0x0009b9e0                EC_GROUP_get_cofactor
                0x0009b898                EC_GROUP_set_generator
                0x0009bb18                EC_GROUP_set_curve_GFp
                0x0009b4c0                EC_POINT_dup
                0x0009bcd0                EC_GROUP_check_discriminant
                0x0009c9f4                EC_GROUP_precompute_mult
                0x0009c270                EC_POINT_set_affine_coordinates_GF2m
                0x0009b890                EC_METHOD_get_field_type
                0x0009c8a4                EC_POINTs_make_affine
 .text          0x0009cdb0     0x1600 /usr/local/lib/libcrypto.a(ec_mult.o)
                0x0009d0b0                ec_wNAF_mul
                0x0009dc3c                ec_wNAF_precompute_mult
                0x0009e1e8                ec_wNAF_have_precompute_mult
 .text          0x0009e3b0      0x53c /usr/local/lib/libcrypto.a(ec_curve.o)
                0x0009e850                EC_get_builtin_curves
                0x0009e7a0                EC_GROUP_new_by_curve_name
 .text          0x0009e8ec      0xb74 /usr/local/lib/libcrypto.a(ec_key.o)
                0x0009f040                EC_KEY_new_by_curve_name
                0x0009eaa0                EC_KEY_dup
                0x0009f244                EC_KEY_set_private_key
                0x0009f2a0                EC_KEY_set_public_key
                0x0009f1e8                EC_KEY_set_group
                0x0009ed60                EC_KEY_check_key
                0x0009efb0                EC_KEY_new
                0x0009e8ec                EC_KEY_copy
                0x0009f298                EC_KEY_get0_public_key
                0x0009f310                EC_KEY_set_conv_form
                0x0009f308                EC_KEY_get_conv_form
                0x0009f400                EC_KEY_set_asn1_flag
                0x0009f300                EC_KEY_set_enc_flags
                0x0009ebd4                EC_KEY_generate_key
                0x0009f19c                EC_KEY_up_ref
                0x0009f344                EC_KEY_get_key_method_data
                0x0009f1e0                EC_KEY_get0_group
                0x0009f2f8                EC_KEY_get_enc_flags
                0x0009f100                EC_KEY_free
                0x0009f368                EC_KEY_insert_key_method_data
                0x0009f23c                EC_KEY_get0_private_key
                0x0009f42c                EC_KEY_precompute_mult
 .text          0x0009f460      0x47c /usr/local/lib/libcrypto.a(rsa_lib.o)
                0x0009f7b0                RSA_public_decrypt
                0x0009f7dc                RSA_private_decrypt
                0x0009f758                RSA_public_encrypt
                0x0009f808                RSA_blinding_on
                0x0009f88c                RSA_blinding_off
                0x0009f784                RSA_private_encrypt
                0x0009f460                RSA_setup_blinding
                0x0009f720                RSA_size
 .text          0x0009f8dc      0x55c /usr/local/lib/libcrypto.a(rsa_sign.o)
                0x0009f8dc                RSA_sign
                0x0009fb0c                RSA_verify
 .text          0x0009fe38      0x170 /usr/local/lib/libcrypto.a(rsa_asn1.o)
                0x0009febc                i2d_RSAPrivateKey
                0x0009fe94                d2i_RSAPrivateKey
                0x0009fe38                RSAPrivateKey_asn1_meth
                0x0009fe6c                i2d_RSAPublicKey
                0x0009ff10                RSAPrivateKey_dup
                0x0009fee4                RSAPublicKey_dup
                0x0009fe44                d2i_RSAPublicKey
 .text          0x0009ffa8      0x66c /usr/local/lib/libcrypto.a(rsa_eng.o)
                0x000a050c                RSA_set_method
                0x000a0458                RSA_up_ref
                0x000a0588                RSA_get_ex_new_index
                0x000a0434                RSA_new
                0x0009ffa8                RSA_new_method
                0x000a04c4                RSA_get_default_method
                0x000a05cc                RSA_set_ex_data
                0x000a02c8                RSA_memory_lock
                0x000a0184                RSA_free
                0x000a04b8                RSA_set_default_method
                0x000a05f0                RSA_get_ex_data
                0x000a049c                RSA_flags
                0x000a0504                RSA_get_method
 .text          0x000a0614      0x3a8 /usr/local/lib/libcrypto.a(dsa_asn1.o)
                0x000a0664                DSA_size
                0x000a0748                DSA_verify
                0x000a0830                d2i_DSAparams
                0x000a06d4                DSA_sign
                0x000a0614                i2d_DSA_SIG
                0x000a0880                i2d_DSAPrivateKey
                0x000a0808                d2i_DSAPrivateKey
                0x000a0858                i2d_DSAPublicKey
                0x000a07e0                d2i_DSAPublicKey
                0x000a063c                d2i_DSA_SIG
                0x000a08a8                i2d_DSAparams
 .text          0x000a09bc       0x2c /usr/local/lib/libcrypto.a(dsa_vrf.o)
                0x000a09bc                DSA_do_verify
 .text          0x000a09e8       0x58 /usr/local/lib/libcrypto.a(dsa_sign.o)
                0x000a0a14                DSA_sign_setup
                0x000a09e8                DSA_do_sign
 .text          0x000a0a40       0xa4 /usr/local/lib/libcrypto.a(dsa_utl.o)
                0x000a0a40                DSA_SIG_new
                0x000a0a90                DSA_SIG_free
 .text          0x000a0ae4      0x1e4 /usr/local/lib/libcrypto.a(ecs_sign.o)
                0x000a0bec                ECDSA_sign
                0x000a0c18                ECDSA_sign_ex
                0x000a0ae4                ECDSA_do_sign
                0x000a0b84                ECDSA_sign_setup
                0x000a0b10                ECDSA_do_sign_ex
 .text          0x000a0cc8       0xbc /usr/local/lib/libcrypto.a(dh_asn1.o)
                0x000a0cf0                i2d_DHparams
                0x000a0cc8                d2i_DHparams
 .text          0x000a0d84      0x4d8 /usr/local/lib/libcrypto.a(dh_key.o)
                0x000a1138                DH_OpenSSL
                0x000a1144                DH_generate_key
                0x000a1170                DH_compute_key
 .text          0x000a125c      0x4d8 /usr/local/lib/libcrypto.a(dh_lib.o)
                0x000a16ec                DH_set_ex_data
                0x000a1540                DH_set_default_method
                0x000a154c                DH_get_default_method
                0x000a1670                DH_size
                0x000a1608                DH_new
                0x000a16a8                DH_get_ex_new_index
                0x000a1710                DH_get_ex_data
                0x000a142c                DH_free
                0x000a162c                DH_up_ref
                0x000a158c                DH_set_method
                0x000a125c                DH_new_method
 .text          0x000a1734      0x250 /usr/local/lib/libcrypto.a(dh_check.o)
                0x000a18cc                DH_check_pub_key
                0x000a1734                DH_check
 .text          0x000a1984       0x74 /usr/local/lib/libcrypto.a(ech_key.o)
                0x000a1984                ECDH_compute_key
 .text          0x000a19f8      0x5d0 /usr/local/lib/libcrypto.a(eng_lib.o)
                0x000a1bf4                ENGINE_set_ctrl_function
                0x000a1bdc                ENGINE_set_init_function
                0x000a1be8                ENGINE_set_finish_function
                0x000a1a88                ENGINE_free
                0x000a1de0                engine_cleanup_add_last
                0x000a1ca4                ENGINE_cleanup
                0x000a1b30                ENGINE_set_id
                0x000a1d04                ENGINE_get_destroy_function
                0x000a1e7c                engine_free_util
                0x000a1d0c                ENGINE_get_init_function
                0x000a1cfc                ENGINE_get_name
                0x000a19f8                ENGINE_new
                0x000a1bd0                ENGINE_set_destroy_function
                0x000a1c00                ENGINE_set_flags
                0x000a1c80                ENGINE_get_ex_data
                0x000a1cf4                ENGINE_get_id
                0x000a1d1c                ENGINE_get_ctrl_function
                0x000a1c18                ENGINE_get_ex_new_index
                0x000a1d2c                ENGINE_get_flags
                0x000a1d24                ENGINE_get_cmd_defns
                0x000a1c0c                ENGINE_set_cmd_defns
                0x000a1d34                ENGINE_get_static_state
                0x000a1d14                ENGINE_get_finish_function
                0x000a1c5c                ENGINE_set_ex_data
                0x000a1f40                engine_set_all_null
                0x000a1d40                engine_cleanup_add_first
                0x000a1b80                ENGINE_set_name
 .text          0x000a1fc8      0x974 /usr/local/lib/libcrypto.a(eng_list.o)
                0x000a24d0                ENGINE_get_first
                0x000a2540                ENGINE_get_last
                0x000a288c                ENGINE_up_ref
                0x000a2650                ENGINE_get_prev
                0x000a27dc                ENGINE_remove
                0x000a25b0                ENGINE_get_next
                0x000a224c                ENGINE_by_id
                0x000a26f0                ENGINE_add
 .text          0x000a293c      0x380 /usr/local/lib/libcrypto.a(eng_init.o)
                0x000a293c                ENGINE_finish
                0x000a2bcc                engine_unlocked_finish
                0x000a2a8c                ENGINE_init
                0x000a2b5c                engine_unlocked_init
 .text          0x000a2cbc      0x924 /usr/local/lib/libcrypto.a(eng_ctrl.o)
                0x000a34f0                ENGINE_ctrl_cmd
                0x000a3208                ENGINE_ctrl_cmd_string
                0x000a3094                ENGINE_ctrl
                0x000a3488                ENGINE_cmd_is_executable
 .text          0x000a35e0      0x388 /usr/local/lib/libcrypto.a(eng_pkey.o)
                0x000a360c                ENGINE_get_load_pubkey_function
                0x000a361c                ENGINE_load_private_key
                0x000a3604                ENGINE_get_load_privkey_function
                0x000a3614                ENGINE_get_ssl_client_cert_function
                0x000a35e0                ENGINE_set_load_privkey_function
                0x000a35ec                ENGINE_set_load_pubkey_function
                0x000a384c                ENGINE_load_ssl_client_cert
                0x000a3734                ENGINE_load_public_key
                0x000a35f8                ENGINE_set_load_ssl_client_cert_function
 .text          0x000a3968      0x424 /usr/local/lib/libcrypto.a(eng_fat.o)