offender                30-Jun-93 22:17:24  Hunk Section                Page 1-1

 num hunk         size filename         punit    type         base  alv     size
   0 text          bb0 LIB:c.o          c        code            0    0      260
                       offender.o       offender code          260    0       48
                       LIB:sc.lib       _fpinit. code          2a8    0       30
                       LIB:sc.lib       _MemClea code          2d8    0       80
                       LIB:sc.lib       _write.c code          358    0      100
                       LIB:sc.lib       _lseek.c code          458    0       94
                       LIB:sc.lib       _cxovf.c code          4ec    0       a0
                       LIB:sc.lib       _xcovf   code          58c    0       10
                       LIB:sc.lib       _exit.c  code          59c    0       5c
                       LIB:sc.lib       _main.c  code          5f8    0      2a0
                       LIB:sc.lib       _cxbrk.c code          898    0      14c
                       LIB:sc.lib       _chkufb. code          9e4    0       4c
                       LIB:sc.lib       _chkabor code          a30    0       50
                       LIB:sc.lib       memchr   code          a80    0       24
                       LIB:sc.lib       strncat  code          aa4    0       24
                       LIB:sc.lib       strncpy  code          ac8    0       24
                       LIB:sc.lib       exit.c   code          aec    0       54
                       LIB:sc.lib       io2errno code          b40    0       60
                       LIB:sc.lib       main     code          ba0    0       10
   1 __MERGED      198 LIB:sc.lib       sigfunc. data            0    0       24
                       LIB:sc.lib       stack.c  data           24    0        4
                       LIB:sc.lib       _iob.c   data           28    0       68
                       LIB:sc.lib       _ufb.c   data           90    0        8
                       LIB:sc.lib       _fmode.c data           98    0        8
                       LIB:sc.lib       _cxovf.c data           a0    0       3c
                       LIB:sc.lib       _cxbrk.c data           dc    0       50
                       LIB:sc.lib       exitfunc data          12c    0        4
                       LIB:sc.lib       _stdv36. data          130    0       14
                       LIB:sc.lib       _stdwin. data          144    0       14
                       LIB:sc.lib       io2errno data          158    0       40
                       LIB:c.o          c        bss           198    0       54
                       LIB:sc.lib       errno.c  bss           1ec    0        4
                       LIB:sc.lib       memheap. bss           1f0    0        4
                       LIB:sc.lib       dosbase  bss           1f4    0        4
                       LIB:sc.lib       _top.c   bss           1f8    0        4
                       LIB:sc.lib       _exit.c  bss           1fc    0        4
                       LIB:sc.lib       _main.c  bss           200    0       c8
