; WLALINK ($VER: wlalink 5.17 (24.6.2022)) listing file
; 2022-06-24 14:12:17

;Line Bank Slot PC   Offset Hex                             Source
                                                            
                                                                    .MEMORYMAP
                                                                       DEFAULTSLOT 0
                                                                       SLOTSIZE $2000
                                                                       SLOT 0 $0000
                                                                    .ENDME
                                                            
                                                                    .ROMBANKMAP
                                                                       BANKSTOTAL 2
                                                                       BANKSIZE $2000
                                                                       BANKS 2
                                                                    .ENDRO
                                                            
                                                                    .BANK 0 SLOT 0
                                                                    .ORG 0
                                                            
                                                                    .DEFINE CABBAGE = %110011
                                                            
                                                                    ; @BT linked.rom
                                                            
   21 0000 0000 0000 0000   30 31 3E                                .DB "01>"                       ; @BT TEST-01 01 START
                                                                    ; CABBAGE == %110011
   23 0000 0000 0003 0003   CD EA                                   .BITS 6 CABBAGE, %011110        ; @BT CD
                                                                    ; 8 + 2 == %1010
                                                                    .BITS 4 8+2                     ; @BT EA
   26 0000 0000 0005 0005   B0                                      .BITS 4 %1011
                                                                    ; writes the final byte in the bitstream and resets the counters
                                                                    .ENDBITS                        ; @BT B0
   29 0000 0000 0006 0006   3C 30 31                                .DB "<01"                       ; @BT END
                                                            
   31 0000 0000 0009 0009   30 32 3E                                .DB "02>"                       ; @BT TEST-02 02 START
   32 0000 0000 000C 000C   12 34 56 78                             .BITS 8 $12, $34, $56, $78      ; @BT 12 34 56 78
                                                                    .ENDBITS
   34 0000 0000 0010 0010   3C 30 32                                .DB "<02"                       ; @BT END
                                                            
   36 0000 0000 0013 0013   30 33 3E                                .DB "03>"                                       ; @BT TEST-03 03 START
   37 0000 0000 0016 0016   5A                                      .BITS 4 %0101
   38 0000 0000 0017 0017   F0 96 0F A5                             .BITS 32 %10101111000010010110000011111010      ; @BT 5A F0 96 0F
                                                                    .BITS 4 %0101                                   ; @BT A5
                                                                    .ENDBITS
   41 0000 0000 001B 001B   3C 30 33                                .DB "<03"                                       ; @BT END
                                                                    
   43 0000 0000 001E 001E   30 34 3E                                .DB "04>"                                               ; @BT TEST-04 04 START
   44 0000 0000 0021 0021   CD EA                                   .BITS 6 DEFINE_110010 | 1, DEFINE_010010 | %001100      ; @BT CD
                                                                    .BITS 4 DEFINE_8 + DEFINE_2                             ; @BT EA
   46 0000 0000 0023 0023   B0                                      .BITS 4 DEFINE_8 + DEFINE_2 + DEFINE_1
                                                                    .ENDBITS                                                ; @BT B0
   48 0000 0000 0024 0024   3C 30 34                                .DB "<04"                                               ; @BT END
                                                                    
   50 0000 0000 0027 0027   30 35 3E                                .DB "05>"               ; @BT TEST-05 05 START
   51 0000 0000 002A 002A   AF                                      .BITS 1 1, 0, 1, 0
                                                                    .BITS 3 2+DEFINE_7-1-1
                                                                    .BITS 1 1               ; @BT AF
                                                                    .ENDBITS
   55 0000 0000 002B 002B   3C 30 35                                .DB "<05"               ; @BT END
                                                            
   57 0000 0000 002E 002E   30 36 3E                                .DB "06>"                               ; @BT TEST-06 06 START
   58 0000 0000 0031 0031   5A                                      .BITS 4 DEFINE_4 + 1
   59 0000 0000 0032 0032   F0 96 0F A5                             .BITS 32 1 + DEFINE_AF0960FA - 1        ; @BT 5A F0 96 0F
                                                                    .BITS 4 DEFINE_7 - 2                    ; @BT A5
                                                                    .ENDBITS
   62 0000 0000 0036 0036   3C 30 36                                .DB "<06"                               ; @BT END
                                                            
   64 0000 0000 0039 0039   30 37 3E                                .DB "07>"                               ; @BT TEST-07 07 START
   65 0000 0000 003C 003C   C9 28                                   .BITS 6 DEFINE_110010, DEFINE_010010    ; @BT C9
                                                                    .BITS 4 DEFINE_8                        ; @BT 28
   67 0000 0000 003E 003E   20                                      .BITS 4 DEFINE_2
                                                                    .ENDBITS                                ; @BT 20
   69 0000 0000 003F 003F   3C 30 37                                .DB "<07"                               ; @BT END
                                                            
   71 0000 0000 0042 0042   30 38 3E                                .DB "08>"               ; @BT TEST-08 08 START
   72 0000 0000 0045 0045   AF                                      .BITS 1 1, 0, 1, 0
                                                                    .BITS 3 DEFINE_7
                                                                    .BITS 1 1               ; @BT AF
                                                                    .ENDBITS
   76 0000 0000 0046 0046   3C 30 38                                .DB "<08"               ; @BT END
                                                            
   78 0000 0000 0049 0049   30 39 3E                                .DB "09>"                       ; @BT TEST-09 09 START
   79 0000 0000 004C 004C   4A                                      .BITS 4 DEFINE_4
   80 0000 0000 004D 004D   F0 96 0F A7                             .BITS 32 DEFINE_AF0960FA        ; @BT 4A F0 96 0F
                                                                    .BITS 4 DEFINE_7                ; @BT A7
                                                                    .ENDBITS                        ; @BT END
   83 0000 0000 0051 0051   3C 30 39                                .DB "<09"
                                                            
   85 0000 0000 0054 0054   31 30 3E                                .DB "10>"                                       ; @BT TEST-10 10 START
   86 0000 0000 0057 0057   C9 28                                   .BITS 6 HERE_DEFINE_110010, HERE_DEFINE_010010  ; @BT C9
                                                                    .BITS 4 HERE_DEFINE_8                           ; @BT 28
   88 0000 0000 0059 0059   20                                      .BITS 4 HERE_DEFINE_2
                                                                    .ENDBITS                                        ; @BT 20
   90 0000 0000 005A 005A   3C 31 30                                .DB "<10"                                       ; @BT END
                                                            
                                                                    .DEFINE HERE_DEFINE_110010 = 0b110010
                                                                    .DEFINE HERE_DEFINE_010010 = 0b010010
                                                                    .DEFINE HERE_DEFINE_8 = 8
                                                                    .DEFINE HERE_DEFINE_2 = 2
                                                            
   97 0000 0000 005D 005D   31 31 3E                                .DB "11>"               ; @BT TEST-11 11 START
   98 0000 0000 0060 0060   AF                                      .BITS 4 %1010
   99 0000 0000 0061 0061   E4                                      .BITS 7 label_0x7f      ; @BT AF
                                                                    .BITS 5 %00100          ; @BT E4
  101 0000 0000 0062 0062   F0                                      .BITS 3 %111
  102 0000 0000 0063 0063   0A                                      .BITS 9 label_0xff + 1  ; @BT F0
                                                                    .BITS 4 %1010           ; @BT 0A
  104 0000 0000 0064 0064   8F                                      .BITS 4 DEFINE_8
  105 0000 0000 0065 0065   FF B2                                   .BITS 13 label_0x1fff   ; @BT 8F FF
                                                                    .BITS 7 DEFINE_110010   ; @BT B2
                                                                    .ENDBITS
  108 0000 0000 0067 0067   3C 31 31                                .DB "<11"               ; @BT END
                                                            
                                                                    .ORG $7F
                                                            label_0x7f:
                                                                    .ORG $FF
                                                            label_0xff:
                                                                    .ORG $1FFF
                                                            label_0x1fff:
                                                                    
                                                                    .BANK 1 SLOT 0
                                                                    .ORG 0
                                                            
                                                                    .SECTION "BANKHEADER"
                                                            
  122 0001 0000 0000 0000   31 32 3E                                .DB "12>"                       ; @BT TEST-12 12 START
  123 0001 0000 0003 0003   7F 00                                   .DW label_0x7f                  ; @BT 7F 00
                                                                    ; CABBAGE == %110011
  125 0001 0000 0005 0005   CD EA                                   .BITS 6 CABBAGE, %011110        ; @BT CD
                                                                    ; 8 + 2 == %1010
                                                                    .BITS 4 8+2                     ; @BT EA
  128 0001 0000 0007 0007   BF                                      .BITS 4 %1011
                                                                    .BITS 1 1
                                                                    .BITS 3 DEFINE_7                ; @BT BF
  131 0001 0000 0008 0008   90                                      .BITS 3 DEFINE_4
                                                                    .BITS 1 1
                                                                    .ENDBITS                        ; @BT 90
  134 0001 0000 0009 0009   3C 31 32                                .DB "<12"                       ; @BT END
                                                            
  136 0001 0000 000C 000C   31 33 3E                                .DB "13>"                       ; @BT TEST-13 13 START
  137 0001 0000 000F 000F   4A                                      .BITS 4 DEFINE_4
  138 0001 0000 0010 0010   F0 96 0F A7                             .BITS 32 DEFINE_AF0960FA        ; @BT 4A F0 96 0F
                                                                    .BITS 4 DEFINE_7                ; @BT A7
                                                                    .ENDBITS
  141 0001 0000 0014 0014   3C 31 33                                .DB "<13"                       ; @BT END
                                                            
  143 0001 0000 0017 0017   31 34 3E                                .DB "14>"                                               ; @BT TEST-14 14 START
  144 0001 0000 001A 001A   CD EA                                   .BITS 6 DEFINE_110010 | 1, DEFINE_010010 | %001100      ; @BT CD
                                                                    .BITS 4 DEFINE_8 + DEFINE_2                             ; @BT EA
  146 0001 0000 001C 001C   BA                                      .BITS 4 DEFINE_8 + DEFINE_2 + DEFINE_1
  147 0001 0000 001D 001D   60                                      .BITS 4 HERE_DEFINE_2 | %1000, %1110 & %0110            ; @BT BA
                                                                    .ENDBITS                                                ; @BT 60
  149 0001 0000 001E 001E   3C 31 34                                .DB "<14"                                               ; @BT END
                                                                    
                                                                    .ENDS
