; WLALINK ($VER: wlalink 5.20 (23.6.2023)) listing file
; 2023-06-23 18:16:15

;Line Bank Slot PC   Offset Hex                             Source
                                                            
                                                                    ; WARNING: here we had a bug in WLA v10.1...
                                                            
                                                            .MEMORYMAP          ;Memory Map (For wla-gb)
                                                            SLOTSIZE $8000
                                                            DEFAULTSLOT 0
                                                            SLOT 0 $0000
                                                            .ENDME
                                                            
                                                            .ROMBANKMAP         ;ROM Bank Map (no mapping)
                                                            BANKSTOTAL 2
                                                            BANKSIZE $8000
                                                            BANKS 1
                                                            BANKSIZE 1
                                                            BANKS 1
                                                            .ENDRO
                                                            
                                                            .ROMSIZE
                                                                    
                                                                            .BANK 0 SLOT 0
                                                                            .ORG $148
   22 0000 0000 0148 0148   02                              org_0x148a:      .db 1
   23 0000 0000 0149 0149   02                              org_0x149a:      .db 2
                                                                            .ORG $148
   25 0000 0000 0148 0148   02                              org_0x148b:     .asc 10
   26 0000 0000 0149 0149   02                              org_0x149b:     nop
                                                                            .org $148
   28 0000 0000 0148 0148   02 02                           org_0x148c:     .dsb 2, 2
                                                                    
