No Global Construktors
No Global Destruktors
				M68K Code


			Hunk #0 ( Far Public )
                              _initclass = 80 (0x50) File Work:Programming/C/Projects/ClassFree/CFgroupgclass/class.o
                            _removeclass = 182 (0xB6) File Work:Programming/C/Projects/ClassFree/CFgroupgclass/class.o
                             _dispatcher = 224 (0xE0) File Work:Programming/C/Projects/ClassFree/CFgroupgclass/class.o
                              _newobject = 530 (0x212) File Work:Programming/C/Projects/ClassFree/CFgroupgclass/class.o
                                _dispose = 644 (0x284) File Work:Programming/C/Projects/ClassFree/CFgroupgclass/class.o
                              _addmember = 760 (0x2F8) File Work:Programming/C/Projects/ClassFree/CFgroupgclass/class.o
                              _remmember = 958 (0x3BE) File Work:Programming/C/Projects/ClassFree/CFgroupgclass/class.o
                                _hittest = 984 (0x3D8) File Work:Programming/C/Projects/ClassFree/CFgroupgclass/class.o
                            _handleinput = 1200 (0x4B0) File Work:Programming/C/Projects/ClassFree/CFgroupgclass/class.o
                             _goinactive = 1326 (0x52E) File Work:Programming/C/Projects/ClassFree/CFgroupgclass/class.o
                                 _render = 1382 (0x566) File Work:Programming/C/Projects/ClassFree/CFgroupgclass/class.o
                                _LibInit = 1488 (0x5D0) File Work:Programming/C/Projects/ClassFree/CFgroupgclass/class_lib.o
                                _LibOpen = 1526 (0x5F6) File Work:Programming/C/Projects/ClassFree/CFgroupgclass/class_lib.o
             __THISSHAREDLIBRARYBASESIZE = 1532 (0x5FC) File Work:Programming/C/Projects/ClassFree/CFgroupgclass/class_lib.o
                               _LibClose = 1570 (0x622) File Work:Programming/C/Projects/ClassFree/CFgroupgclass/class_lib.o
                             _LibExpunge = 1618 (0x652) File Work:Programming/C/Projects/ClassFree/CFgroupgclass/class_lib.o
                                _LibNull = 1776 (0x6F0) File Work:Programming/C/Projects/ClassFree/CFgroupgclass/class_lib.o
                               _openlibs = 1780 (0x6F4) File Work:Programming/C/Projects/ClassFree/CFgroupgclass/class_lib.o
                              _closelibs = 1830 (0x726) File Work:Programming/C/Projects/ClassFree/CFgroupgclass/class_lib.o
                              _hookEntry = 1852 (0x73C) File Work:Programming/C/Projects/ClassFree/CFgroupgclass/class_lib.o
                                _NewList = 1896 (0x768) File Work:Programming/C/StormC/Lib/amiga.lib
                               _DoMethod = 1916 (0x77C) File Work:Programming/C/StormC/Lib/amiga.lib
                          _DoSuperMethod = 1936 (0x790) File Work:Programming/C/StormC/Lib/amiga.lib
                           _CoerceMethod = 1962 (0x7AA) File Work:Programming/C/StormC/Lib/amiga.lib
                          _CoerceMethodA = 1984 (0x7C0) File Work:Programming/C/StormC/Lib/amiga.lib
                              _DoMethodA = 2020 (0x7E4) File Work:Programming/C/StormC/Lib/amiga.lib
                         _DoSuperMethodA = 2040 (0x7F8) File Work:Programming/C/StormC/Lib/amiga.lib
                          _SetSuperAttrs = 2066 (0x812) File Work:Programming/C/StormC/Lib/amiga.lib
                      __LIBRARYJUMPTABLE = 2124 (0x84C) File <Internal Assembled>
                          _LibNameString = 2144 (0x860) File <Internal Assembled>
                       _LibVersionString = 2160 (0x870) File <Internal Assembled>

				PowerPC Code


				Data


			Hunk #1 ( Far Public )
                                _SysBase = 0 (0x0) File Work:Programming/C/StormC/StormSYS/library_startup.o

				BSS


			Hunk #2 ( Far Public )
                          _IntuitionBase = 0 (0x0) File Work:Programming/C/Projects/ClassFree/CFgroupgclass/class_lib.o
				END
