Audio/Audio
Audio/Audio.c
Audio/audio_8svx
Audio/audio_8svx.c
Clipboard/cb.h
Clipboard/cbio.c
Clipboard/cbio.doc
Clipboard/changehook_test
Clipboard/changehook_test.c
Clipboard/clipdemo
Clipboard/clipdemo.c
Clipboard/hookface.a
Clipboard/lmkfile
Console/AskKeymap
Console/AskKeymap.c
Console/Console
Console/Console.c
Gameport/Absolute_Joystick
Gameport/Absolute_Joystick.c
IFF/Read_Me
Input/Inputhandler.a
Input/Set_Mouse
Input/Set_Mouse.c
Input/Swap_Buttons
Input/Swap_Buttons.c
Introduction/Pre_V36_Device_Use
Introduction/Pre_V36_Device_Use.c
Introduction/V36_Device_Use
Introduction/V36_Device_Use.c
Keyboard/Key_Reset
Keyboard/Key_Reset.c
Keyboard/Keyboard_Events
Keyboard/Keyboard_Events.c
Keyboard/Keyhandler.a
Keyboard/Read_Keyboard_Matrix
Keyboard/Read_Keyboard_Matrix.c
Narrator/Full_Narrator
Narrator/Full_Narrator.c
Narrator/Speak_Narrator
Narrator/Speak_Narrator.c
Parallel/Parallel
Parallel/Parallel.c
Parallel/Terminate_Parallel
Parallel/Terminate_Parallel.c
Printer/Demo_Dump
Printer/Demo_Dump.c
Printer/epsonx/data.c
Printer/epsonx/density.c
Printer/epsonx/dospecial.c
Printer/epsonx/EpsonX
Printer/epsonx/EpsonX.map
Printer/epsonx/EpsonX_rev.i
Printer/epsonx/init.asm
Printer/epsonx/lmkfile
Printer/epsonx/macros.i
Printer/epsonx/printertag.asm
Printer/epsonx/render.c
Printer/epsonx/transfer.asm
Printer/epsonx/transfer.c
Printer/hp/data.c
Printer/hp/density.c
Printer/hp/dospecial.c
Printer/hp/hp_laserjet
Printer/hp/hp_laserjet.map
Printer/hp/hp_rev.i
Printer/hp/init.asm
Printer/hp/lmkfile
Printer/hp/macros.i
Printer/hp/printertag.asm
Printer/hp/render.c
Printer/hp/transfer.asm
Printer/hp/transfer.c
Printer/Printer_Data
Printer/Printer_Data.c
Printer/Set_Prefs
Printer/Set_Prefs.c
Resources/Alloc_Misc
Resources/Alloc_Misc.a
Resources/Allocate_Misc
Resources/Allocate_Misc.c
Resources/CIA_interval
Resources/CIA_interval.c
Resources/Get_Disk_Unit_ID
Resources/Get_Disk_Unit_ID.c
Resources/Get_Filesys
Resources/Get_Filesys.c
Resources/Query_Serial
Resources/Query_Serial.c
Resources/Read_Battclock
Resources/Read_BattClock.c
Resources/Read_Potinp
Resources/Read_Potinp.c
SampleDevice/asmsupp.i
SampleDevice/makes
SampleDevice/ramdev-mountlist
SampleDevice/ramdev.device
SampleDevice/ramdev.device.asm
SampleDevice/ramdev.i
SampleDevice/script
SCSI/SCSI_Direct
SCSI/SCSI_Direct.c
Serial/Complex_Serial
Serial/Complex_Serial.c
Serial/Simple_Serial
Serial/Simple_Serial.c
Serial/Terminate_Serial
Serial/Terminate_Serial.c
Timer/Get_Systime
Timer/Get_Systime.c
Timer/Multiple_Timers
Timer/Multiple_Timers.c
Timer/Simple_Timer
Timer/Simple_Timer.c
Timer/Timer_Arithmetic
Timer/Timer_Arithmetic.c
Trackdisk/Track_Copy
Trackdisk/Track_Copy.c
