MUIM_Application_AboutMUI = 0x8042d21d /*            { ULONG MethodID; Object *refwindow; }; */
MUIM_Application_AddInputHandler = 0x8042f099 /*     { ULONG MethodID; struct MUI_InputHandlerNode *ihnode; }; */
MUIM_Application_CheckRefresh = 0x80424d68 /*        { ULONG MethodID; }; */
MUIM_Application_GetMenuCheck = 0x8042c0a7 /*        { ULONG MethodID; ULONG MenuID; }; */
MUIM_Application_GetMenuState = 0x8042a58f /*        { ULONG MethodID; ULONG MenuID; }; */
MUIM_Application_Input = 0x8042d0f5 /*               { ULONG MethodID; LONGBITS *signal; }; */
MUIM_Application_InputBuffered = 0x80427e59 /*       { ULONG MethodID; }; */
MUIM_Application_Load = 0x8042f90d /*                { ULONG MethodID; STRPTR name; }; */
MUIM_Application_NewInput = 0x80423ba6 /*            { ULONG MethodID; LONGBITS *signal; }; */
MUIM_Application_OpenConfigWindow = 0x804299ba /*    { ULONG MethodID; ULONG flags; }; */
MUIM_Application_PushMethod = 0x80429ef8 /*          { ULONG MethodID; Object *dest; LONG count; /* ... */ }; */
MUIM_Application_RemInputHandler = 0x8042e7af /*     { ULONG MethodID; struct MUI_InputHandlerNode *ihnode; }; */
MUIM_Application_ReturnID = 0x804276ef /*            { ULONG MethodID; ULONG retid; }; */
MUIM_Application_Save = 0x804227ef /*                { ULONG MethodID; STRPTR name; }; */
MUIM_Application_SetConfigItem = 0x80424a80 /*       { ULONG MethodID; ULONG item; APTR data; }; */
MUIM_Application_SetMenuCheck = 0x8042a707 /*        { ULONG MethodID; ULONG MenuID; LONG stat; }; */
MUIM_Application_SetMenuState = 0x80428bef /*        { ULONG MethodID; ULONG MenuID; LONG stat; }; */
MUIM_Application_ShowHelp = 0x80426479 /*            { ULONG MethodID; Object *window; char *name; char *node; LONG line; }; */
MUIM_AskMinMax = 0x80423874 /*                       { ULONG MethodID; struct MUI_MinMax *MinMaxInfo; }; /* Custom Class */ */
MUIM_CallHook = 0x8042b96b /*                        { ULONG MethodID; struct Hook *Hook; ULONG param1; /* ... */ }; */
MUIM_Cleanup = 0x8042d985 /*                         { ULONG MethodID; }; /* Custom Class */ */
MUIM_ContextMenuBuild = 0x80429d2e /*                { ULONG MethodID; LONG mx; LONG my; }; */
MUIM_ContextMenuChoice = 0x80420f0e /*               { ULONG MethodID; Object *item; }; */
MUIM_Dataspace_Add = 0x80423366 /*                   { ULONG MethodID; APTR data; LONG len; ULONG id; }; */
MUIM_Dataspace_Clear = 0x8042b6c9 /*                 { ULONG MethodID; }; */
MUIM_Dataspace_Merge = 0x80423e2b /*                 { ULONG MethodID; Object *dataspace; }; */
MUIM_Dataspace_ReadIFF = 0x80420dfb /*               { ULONG MethodID; struct IFFHandle *handle; }; */
MUIM_Dataspace_Remove = 0x8042dce1 /*                { ULONG MethodID; ULONG id; }; */
MUIM_Dataspace_WriteIFF = 0x80425e8e /*              { ULONG MethodID; struct IFFHandle *handle; ULONG type; ULONG id; }; */
MUIM_Dirlist_ReRead = 0x80422d71 /*                  { ULONG MethodID; }; */
MUIM_DragBegin = 0x8042c03a /*                       { ULONG MethodID; Object *obj; }; */
MUIM_DragDrop = 0x8042c555 /*                        { ULONG MethodID; Object *obj; LONG x; LONG y; }; */
MUIM_DragFinish = 0x804251f0 /*                      { ULONG MethodID; Object *obj; }; */
MUIM_DragQuery = 0x80420261 /*                       { ULONG MethodID; Object *obj; }; */
MUIM_DragReport = 0x8042edad /*                      { ULONG MethodID; Object *obj; LONG x; LONG y; LONG update; }; */
MUIM_Draw = 0x80426f3f /*                            { ULONG MethodID; ULONG flags; }; /* Custom Class */ */
MUIM_Export = 0x80420f1c /*                          { ULONG MethodID; Object *dataspace; }; */
MUIM_Family_AddHead = 0x8042e200 /*                  { ULONG MethodID; Object *obj; }; */
MUIM_Family_AddTail = 0x8042d752 /*                  { ULONG MethodID; Object *obj; }; */
MUIM_Family_Insert = 0x80424d34 /*                   { ULONG MethodID; Object *obj; Object *pred; }; */
MUIM_Family_Remove = 0x8042f8a9 /*                   { ULONG MethodID; Object *obj; }; */
MUIM_Family_Sort = 0x80421c49 /*                     { ULONG MethodID; Object *obj[1]; }; */
MUIM_Family_Transfer = 0x8042c14a /*                 { ULONG MethodID; Object *family; }; */
MUIM_FindUData = 0x8042c196 /*                       { ULONG MethodID; ULONG udata; }; */
MUIM_GetUData = 0x8042ed0c /*                        { ULONG MethodID; ULONG udata; ULONG attr; ULONG *storage; }; */
MUIM_Group_ExitChange = 0x8042d1cc /*                { ULONG MethodID; }; */
MUIM_Group_InitChange = 0x80420887 /*                { ULONG MethodID; }; */
MUIM_HandleInput = 0x80422a1a /*                     { ULONG MethodID; struct IntuiMessage *imsg; LONG muikey; }; /* Custom Class */ */
MUIM_Hide = 0x8042f20f /*                            { ULONG MethodID; }; /* Custom Class */ */
MUIM_Import = 0x8042d012 /*                          { ULONG MethodID; Object *dataspace; }; */
MUIM_KillNotify = 0x8042d240 /*                      { ULONG MethodID; ULONG TrigAttr; }; */
MUIM_List_Clear = 0x8042ad89 /*                      { ULONG MethodID; }; */
MUIM_List_CreateImage = 0x80429804 /*                { ULONG MethodID; Object *obj; ULONG flags; }; */
MUIM_List_DeleteImage = 0x80420f58 /*                { ULONG MethodID; APTR listimg; }; */
MUIM_List_Exchange = 0x8042468c /*                   { ULONG MethodID; LONG pos1; LONG pos2; }; */
MUIM_List_GetEntry = 0x804280ec /*                   { ULONG MethodID; LONG pos; APTR *entry; }; */
MUIM_List_Insert = 0x80426c87 /*                     { ULONG MethodID; APTR *entries; LONG count; LONG pos; }; */
MUIM_List_InsertSingle = 0x804254d5 /*               { ULONG MethodID; APTR entry; LONG pos; }; */
MUIM_List_Jump = 0x8042baab /*                       { ULONG MethodID; LONG pos; }; */
MUIM_List_Move = 0x804253c2 /*                       { ULONG MethodID; LONG from; LONG to; }; */
MUIM_List_NextSelected = 0x80425f17 /*               { ULONG MethodID; LONG *pos; }; */
MUIM_List_Redraw = 0x80427993 /*                     { ULONG MethodID; LONG pos; }; */
MUIM_List_Remove = 0x8042647e /*                     { ULONG MethodID; LONG pos; }; */
MUIM_List_Select = 0x804252d8 /*                     { ULONG MethodID; LONG pos; LONG seltype; LONG *state; }; */
MUIM_List_Sort = 0x80422275 /*                       { ULONG MethodID; }; */
MUIM_List_TestPos = 0x80425f48 /*                    { ULONG MethodID; LONG x; LONG y; struct MUI_List_TestPos_Result *res; }; */
MUIM_MultiSet = 0x8042d356 /*                        { ULONG MethodID; ULONG attr; ULONG val; APTR obj; /* ... */ }; */
MUIM_NoNotifySet = 0x8042216f /*                     { ULONG MethodID; ULONG attr; char *format; ULONG val; /* ... */ }; */
MUIM_Notify = 0x8042c9cb /*                          { ULONG MethodID; ULONG TrigAttr; ULONG TrigVal; APTR DestObj; ULONG FollowParams; /* ... */ }; */
MUIM_Numeric_Decrease = 0x804243a7 /*                { ULONG MethodID; LONG amount; }; */
MUIM_Numeric_Increase = 0x80426ecd /*                { ULONG MethodID; LONG amount; }; */
MUIM_Numeric_ScaleToValue = 0x8042032c /*            { ULONG MethodID; LONG scalemin; LONG scalemax; LONG scale; }; */
MUIM_Numeric_SetDefault = 0x8042ab0a /*              { ULONG MethodID; }; */
MUIM_Numeric_Stringify = 0x80424891 /*               { ULONG MethodID; LONG value; }; */
MUIM_Numeric_ValueToScale = 0x80423e4f /*            { ULONG MethodID; LONG scalemin; LONG scalemax; }; */
MUIM_Pendisplay_SetColormap = 0x80426c80 /*          { ULONG MethodID; LONG colormap; }; */
MUIM_Pendisplay_SetMUIPen = 0x8042039d /*            { ULONG MethodID; LONG muipen; }; */
MUIM_Pendisplay_SetRGB = 0x8042c131 /*               { ULONG MethodID; ULONG red; ULONG green; ULONG blue; }; */
MUIM_Popstring_Close = 0x8042dc52 /*                 { ULONG MethodID; LONG result; }; */
MUIM_Popstring_Open = 0x804258ba /*                  { ULONG MethodID; }; */
MUIM_Semaphore_Attempt = 0x80426ce2 /*               { ULONG MethodID; }; */
MUIM_Semaphore_AttemptShared = 0x80422551 /*         { ULONG MethodID; }; */
MUIM_Semaphore_Obtain = 0x804276f0 /*                { ULONG MethodID; }; */
MUIM_Semaphore_ObtainShared = 0x8042ea02 /*          { ULONG MethodID; }; */
MUIM_Semaphore_Release = 0x80421f2d /*               { ULONG MethodID; }; */
MUIM_Set = 0x8042549a /*                             { ULONG MethodID; ULONG attr; ULONG val; }; */
MUIM_SetAsString = 0x80422590 /*                     { ULONG MethodID; ULONG attr; char *format; ULONG val; /* ... */ }; */
MUIM_SetUData = 0x8042c920 /*                        { ULONG MethodID; ULONG udata; ULONG attr; ULONG val; }; */
MUIM_SetUDataOnce = 0x8042ca19 /*                    { ULONG MethodID; ULONG udata; ULONG attr; ULONG val; }; */
MUIM_Setup = 0x80428354 /*                           { ULONG MethodID; struct MUI_RenderInfo *RenderInfo; }; /* Custom Class */ */
MUIM_Show = 0x8042cc84 /*                            { ULONG MethodID; }; /* Custom Class */ */
MUIM_Window_GetMenuCheck = 0x80420414 /*             { ULONG MethodID; ULONG MenuID; }; */
MUIM_Window_GetMenuState = 0x80420d2f /*             { ULONG MethodID; ULONG MenuID; }; */
MUIM_Window_ScreenToBack = 0x8042913d /*             { ULONG MethodID; }; */
MUIM_Window_ScreenToFront = 0x804227a4 /*            { ULONG MethodID; }; */
MUIM_Window_SetCycleChain = 0x80426510 /*            { ULONG MethodID; Object *obj[1]; }; */
MUIM_Window_SetMenuCheck = 0x80422243 /*             { ULONG MethodID; ULONG MenuID; LONG stat; }; */
MUIM_Window_SetMenuState = 0x80422b5e /*             { ULONG MethodID; ULONG MenuID; LONG stat; }; */
MUIM_Window_ToBack = 0x8042152e /*                   { ULONG MethodID; }; */
MUIM_Window_ToFront = 0x8042554f /*                  { ULONG MethodID; }; */
MUIM_WriteLong = 0x80428d86 /*                       { ULONG MethodID; ULONG val; ULONG *memory; }; */
MUIM_WriteString = 0x80424bf4 /*                     { ULONG MethodID; char *str; char *memory; }; */
