; WLALINK ($VER: wlalink 5.20 (23.6.2023)) listing file
; 2023-06-23 15:57:15

;Line Base Bank Slot PC   Offset Hex
                                                                 
                                                                 .memorymap
                                                                     slotsize $8000
                                                                     defaultslot 1
                                                                     slot 0 $0000
                                                                     slot 1 $8000
                                                                 .endme                    
                                                                 
                                                                 .lorom
                                                                 
                                                                 .rombanksize $8000
                                                                 .rombanks 3
                                                                 
                                                                 .macro macro_increment
                                                                 .redefine _out \1+1
                                                                 .endm
                                                                 
   14 0000 0000 0000 0005 0005   04                              ; @BT result.rom
   14 0000 0000 0000 0004 0004   03                              
   14 0000 0000 0000 0003 0003   02                              .bank 0 slot 0
   14 0000 0000 0000 0011 0011   04 00                           .section "Section1" force
   22 0000 0000 0000 0000 0000   30 31 3E                            .DB "01>"                           ; @BT TEST-01 01 START
   14 0000 0000 0000 000F 000F   03 00 
   23 0000 0000 0000 0006 0006   05                                  .dbm macro_increment 1, 2, 3, FOUR  ; @BT 02 03 04 05
   14 0000 0000 0000 000D 000D   02 00 
   24 0000 0000 0000 0007 0007   3C 30 31                            .DB "<01"                           ; @BT END
   14 0000 0000 0000 0021 0021   04 00 00 
   25 0000 0000 0000 000A 000A   30 32 3E                            .DB "02>"                           ; @BT TEST-02 02 START
   14 0000 0000 0000 001E 001E   03 00 00 
   26 0000 0000 0000 0013 0013   05 00                               .dwm macro_increment 1, 2, 3, FOUR  ; @BT 02 00 03 00 04 00 05 00
   14 0000 0000 0000 001B 001B   02 00 00 
   27 0000 0000 0000 0015 0015   3C 30 32                            .DB "<02"                           ; @BT END
   28 0000 0000 0000 0018 0018   30 33 3E                            .DB "03>"                           ; @BT TEST-03 03 START
   29 0000 0000 0000 0024 0024   05 00 00                            .dlm macro_increment 1, 2, 3, FOUR  ; @BT 02 00 00 03 00 00 04 00 00 05 00 00
   30 0000 0000 0000 0027 0027   3C 30 33                            .DB "<03"                           ; @BT END
                                                                 .ends
                                                                 
