Global Construktors
	_INIT_0_InitFiles
	_INIT_1_DOS_c__DOSBase
	_INIT_2_MathIEEEDoubBas_c__MathIeeeDoubBasBase
	_INIT_2_Graphics_c__GfxBase
	_INIT_2_Intuition_c__IntuitionBase
	_INIT_5_InitStdIOFiles
Global Destruktors
	_EXIT_5_InitStdIOFiles
	_EXIT_5_InitFiles
	_EXIT_4_free
	_EXIT_2_MathIEEEDoubBas_c__MathIeeeDoubBasBase
	_EXIT_2_Graphics_c__GfxBase
	_EXIT_2_Intuition_c__IntuitionBase
	_EXIT_1_DOS_c__DOSBase
	_EXIT_0_Main
				M68K Code


			Hunk #0 ( Far Public )
                                   _exit = 128 (0x80) File Work:Programming/C/StormC/StormSYS/startup.o
                                   _main = 176 (0xB0) File Work:Programming/C/Projects/ClassFree/CFlistviewclass/test.o
                                ___neg64 = 1532 (0x5FC) File Work:Programming/C/StormC/Lib/storm020.lib
                                   Neg64 = 1532 (0x5FC) File Work:Programming/C/StormC/Lib/storm020.lib
                                ___cmp64 = 1540 (0x604) File Work:Programming/C/StormC/Lib/storm020.lib
                                   Cmp64 = 1540 (0x604) File Work:Programming/C/StormC/Lib/storm020.lib
                          ___intdivmod64 = 1548 (0x60C) File Work:Programming/C/StormC/Lib/storm020.lib
                                  SDiv64 = 1548 (0x60C) File Work:Programming/C/StormC/Lib/storm020.lib
                         ___uintdivmod64 = 1588 (0x634) File Work:Programming/C/StormC/Lib/storm020.lib
                                  UDiv64 = 1588 (0x634) File Work:Programming/C/StormC/Lib/storm020.lib
                            ___uintmod64 = 1688 (0x698) File Work:Programming/C/StormC/Lib/storm020.lib
                                  UMod64 = 1688 (0x698) File Work:Programming/C/StormC/Lib/storm020.lib
                             ___intmod64 = 1700 (0x6A4) File Work:Programming/C/StormC/Lib/storm020.lib
                                  SMod64 = 1700 (0x6A4) File Work:Programming/C/StormC/Lib/storm020.lib
                                   main_ = 1712 (0x6B0) File Work:Programming/C/StormC/Lib/storm020.lib
                              main__iPPc = 1720 (0x6B8) File Work:Programming/C/StormC/Lib/storm020.lib
                    wbmain__P09WBStartup = 1728 (0x6C0) File Work:Programming/C/StormC/Lib/storm020.lib
                                 _wbmain = 1736 (0x6C8) File Work:Programming/C/StormC/Lib/storm020.lib
                               main__iPc = 1740 (0x6CC) File Work:Programming/C/StormC/Lib/storm020.lib
                            _EXIT_0_Main = 2220 (0x8AC) File Work:Programming/C/StormC/Lib/storm020.lib
                  _INIT_1_DOS_c__DOSBase = 2272 (0x8E0) File Work:Programming/C/StormC/Lib/storm020.lib
                  _EXIT_1_DOS_c__DOSBase = 2304 (0x900) File Work:Programming/C/StormC/Lib/storm020.lib
                                 _fflush = 2332 (0x91C) File Work:Programming/C/StormC/Lib/storm020.lib
                                _setvbuf = 2400 (0x960) File Work:Programming/C/StormC/Lib/storm020.lib
                              _amigaread = 2620 (0xA3C) File Work:Programming/C/StormC/Lib/storm020.lib
                         _amigareadunget = 3088 (0xC10) File Work:Programming/C/StormC/Lib/storm020.lib
                             _amigawrite = 3188 (0xC74) File Work:Programming/C/StormC/Lib/storm020.lib
                               _amigaeof = 3740 (0xE9C) File Work:Programming/C/StormC/Lib/storm020.lib
                              _amigaseek = 3764 (0xEB4) File Work:Programming/C/StormC/Lib/storm020.lib
                              _amigagetc = 3840 (0xF00) File Work:Programming/C/StormC/Lib/storm020.lib
                         _amigagetcunget = 3896 (0xF38) File Work:Programming/C/StormC/Lib/storm020.lib
                            _amigaungetc = 3928 (0xF58) File Work:Programming/C/StormC/Lib/storm020.lib
                              _amigaputc = 3960 (0xF78) File Work:Programming/C/StormC/Lib/storm020.lib
                             _amigaflush = 4020 (0xFB4) File Work:Programming/C/StormC/Lib/storm020.lib
                             _amigaclose = 4252 (0x109C) File Work:Programming/C/StormC/Lib/storm020.lib
                       _INIT_0_InitFiles = 4376 (0x1118) File Work:Programming/C/StormC/Lib/storm020.lib
                       _EXIT_5_InitFiles = 4448 (0x1160) File Work:Programming/C/StormC/Lib/storm020.lib
             _INIT_2_Graphics_c__GfxBase = 4536 (0x11B8) File Work:Programming/C/StormC/Lib/storm020.lib
             _EXIT_2_Graphics_c__GfxBase = 4568 (0x11D8) File Work:Programming/C/StormC/Lib/storm020.lib
      _INIT_2_Intuition_c__IntuitionBase = 4604 (0x11FC) File Work:Programming/C/StormC/Lib/storm020.lib
      _EXIT_2_Intuition_c__IntuitionBase = 4636 (0x121C) File Work:Programming/C/StormC/Lib/storm020.lib
                  _0ct__LibBaseC__TPcUjs = 4712 (0x1268) File Work:Programming/C/StormC/Lib/storm020.lib
                       _0dt__LibBaseC__T = 5168 (0x1430) File Work:Programming/C/StormC/Lib/storm020.lib
_INIT_2_MathIEEEDoubBas_c__MathIeeeDoubBasBase = 5208 (0x1458) File Work:Programming/C/StormC/Lib/storm020.lib
_EXIT_2_MathIEEEDoubBas_c__MathIeeeDoubBasBase = 5240 (0x1478) File Work:Programming/C/StormC/Lib/storm020.lib
                                 _memcpy = 5280 (0x14A0) File Work:Programming/C/StormC/Lib/storm020.lib
                                 _malloc = 5352 (0x14E8) File Work:Programming/C/StormC/Lib/storm020.lib
                                   _free = 5772 (0x168C) File Work:Programming/C/StormC/Lib/storm020.lib
                            _EXIT_4_free = 5968 (0x1750) File Work:Programming/C/StormC/Lib/storm020.lib
                          _formatted_out = 6564 (0x19A4) File Work:Programming/C/StormC/Lib/storm020.lib
                                 _printf = 8532 (0x2154) File Work:Programming/C/StormC/Lib/storm020.lib
                  _INIT_5_InitStdIOFiles = 8584 (0x2188) File Work:Programming/C/StormC/Lib/storm020.lib
                  _EXIT_5_InitStdIOFiles = 8850 (0x2292) File Work:Programming/C/StormC/Lib/storm020.lib
                                 _strlen = 8896 (0x22C0) File Work:Programming/C/StormC/Lib/storm020.lib
                             _signed_out = 8920 (0x22D8) File Work:Programming/C/StormC/Lib/storm020.lib
                           _signed_out_l = 9570 (0x2562) File Work:Programming/C/StormC/Lib/storm020.lib
                           _unsigned_out = 10112 (0x2780) File Work:Programming/C/StormC/Lib/storm020.lib
                               _char_out = 10704 (0x29D0) File Work:Programming/C/StormC/Lib/storm020.lib
                             _string_out = 10844 (0x2A5C) File Work:Programming/C/StormC/Lib/storm020.lib
                                _AddTail = 11036 (0x2B1C) File Work:Programming/C/StormC/Lib/amiga.lib
                           _CloseLibrary = 11060 (0x2B34) File Work:Programming/C/StormC/Lib/amiga.lib
                                 _GetMsg = 11080 (0x2B48) File Work:Programming/C/StormC/Lib/amiga.lib
                            _OpenLibrary = 11100 (0x2B5C) File Work:Programming/C/StormC/Lib/amiga.lib
                               _ReplyMsg = 11124 (0x2B74) File Work:Programming/C/StormC/Lib/amiga.lib
                               _WaitPort = 11144 (0x2B88) File Work:Programming/C/StormC/Lib/amiga.lib
                                _SetAPen = 11164 (0x2B9C) File Work:Programming/C/StormC/Lib/amiga.lib
                               _AddGList = 11188 (0x2BB4) File Work:Programming/C/StormC/Lib/amiga.lib
                            _CloseWindow = 11220 (0x2BD4) File Work:Programming/C/StormC/Lib/amiga.lib
                          _DisposeObject = 11240 (0x2BE8) File Work:Programming/C/StormC/Lib/amiga.lib
                     _FreeScreenDrawInfo = 11260 (0x2BFC) File Work:Programming/C/StormC/Lib/amiga.lib
                      _GetScreenDrawInfo = 11284 (0x2C14) File Work:Programming/C/StormC/Lib/amiga.lib
                          _LockPubScreen = 11304 (0x2C28) File Work:Programming/C/StormC/Lib/amiga.lib
                              _NewObject = 11324 (0x2C3C) File Work:Programming/C/StormC/Lib/amiga.lib
                         _OpenWindowTags = 11352 (0x2C58) File Work:Programming/C/StormC/Lib/amiga.lib
                         _RefreshGadgets = 11376 (0x2C70) File Work:Programming/C/StormC/Lib/amiga.lib
                            _RemoveGList = 11404 (0x2C8C) File Work:Programming/C/StormC/Lib/amiga.lib
                        _UnlockPubScreen = 11432 (0x2CA8) File Work:Programming/C/StormC/Lib/amiga.lib
                                _NewList = 11456 (0x2CC0) File Work:Programming/C/StormC/Lib/amiga.lib
                                  _floor = 11476 (0x2CD4) File Work:Programming/C/StormC/StormSYS/lib/math020.lib
                                  _frexp = 11500 (0x2CEC) File Work:Programming/C/StormC/StormSYS/lib/math020.lib
                             _double_out = 12156 (0x2F7C) File Work:Programming/C/StormC/StormSYS/lib/math020.lib
                            _InitModules = 13612 (0x352C) File <Internal Assembled>
                         _CleanupModules = 13652 (0x3554) File <Internal Assembled>

				PowerPC Code


				Data


			Hunk #1 ( Far Public )
                                _SysBase = 0 (0x0) File Work:Programming/C/StormC/StormSYS/startup.o
                                _DOSBase = 12 (0xC) File Work:Programming/C/StormC/Lib/storm020.lib
                                _GfxBase = 16 (0x10) File Work:Programming/C/StormC/Lib/storm020.lib
                          _IntuitionBase = 20 (0x14) File Work:Programming/C/StormC/Lib/storm020.lib
                     _not_open__LibBaseC = 24 (0x18) File Work:Programming/C/StormC/Lib/storm020.lib
                    _MathIeeeDoubBasBase = 28 (0x1C) File Work:Programming/C/StormC/Lib/storm020.lib
                               _std__out = 32 (0x20) File Work:Programming/C/StormC/Lib/storm020.lib
                                _std__in = 116 (0x74) File Work:Programming/C/StormC/Lib/storm020.lib
                               _std__err = 200 (0xC8) File Work:Programming/C/StormC/Lib/storm020.lib

				BSS


			Hunk #2 ( Far Public )
                                _CFBbase = 0 (0x0) File Work:Programming/C/Projects/ClassFree/CFlistviewclass/test.o
                                _CFLbase = 4 (0x4) File Work:Programming/C/Projects/ClassFree/CFlistviewclass/test.o
				END
