AO_INSTALL_MODULES:OberonLib
SET AO3r10
AO_INSTALL_INTERFACES:Exec
CLEAR AO3r10
AO_INSTALL_INTERFACES:ExecSupport
AO_INSTALL_INTERFACES:Utility
AO_INSTALL_INTERFACES:Timer
AO_INSTALL_INTERFACES:Dos
AO_INSTALL_INTERFACES:Hardware
AO_INSTALL_INTERFACES:Graphics
AO_INSTALL_INTERFACES:InputEvent
AO_INSTALL_INTERFACES:KeyMap
AO_INSTALL_INTERFACES:KeyMapLib
AO_INSTALL_INTERFACES:Intuition
AO_INSTALL_INTERFACES:Workbench
AO_INSTALL_INTERFACES:ClipBoard
AO_INSTALL_INTERFACES:IFFParse
AO_INSTALL_INTERFACES:MathLibrary
AO_INSTALL_INTERFACES:MathFFP
AO_INSTALL_INTERFACES:MathTrans
AO_INSTALL_INTERFACES:Icon
AO_INSTALL_INTERFACES:Keyboard
AO_INSTALL_INTERFACES:SCSIDisk
AO_INSTALL_INTERFACES:Disk
AO_INSTALL_INTERFACES:MathResource
AO_INSTALL_INTERFACES:MathIEEEDoubBas
AO_INSTALL_INTERFACES:MathIEEEDoubTrans
AO_INSTALL_INTERFACES:FileSysRes
AO_INSTALL_INTERFACES:GadTools
AO_INSTALL_INTERFACES:Config
AO_INSTALL_INTERFACES:MathIEEESingBas
AO_INSTALL_INTERFACES:MathIEEESingTrans
AO_INSTALL_INTERFACES:ASL
AO_INSTALL_INTERFACES:Input
AO_INSTALL_INTERFACES:DiskFont
AO_INSTALL_INTERFACES:Commodities
AO_INSTALL_INTERFACES:Misc
AO_INSTALL_INTERFACES:Expansion
AO_INSTALL_INTERFACES:Layers
AO_INSTALL_INTERFACES:HardBlocks
AO_INSTALL_INTERFACES:Rexx
AO_INSTALL_INTERFACES:RexxSysLib
AO_INSTALL_INTERFACES:Potgo
AO_INSTALL_INTERFACES:Cia
AO_INSTALL_INTERFACES:Console
AO_INSTALL_INTERFACES:BattClock
AO_INSTALL_INTERFACES:BattMem
AO_INSTALL_INTERFACES:BootBlock
AO_INSTALL_INTERFACES:GamePort
AO_INSTALL_INTERFACES:ConUnit
AO_INSTALL_INTERFACES:Parallel
AO_INSTALL_INTERFACES:Serial
AO_INSTALL_INTERFACES:Audio
AO_INSTALL_INTERFACES:Printer
AO_INSTALL_INTERFACES:RamDrive
AO_INSTALL_INTERFACES:Translator
AO_INSTALL_INTERFACES:TrackDisk
AO_INSTALL_INTERFACES:Narrator
AO_INSTALL_INTERFACES:Locale
AO_INSTALL_INTERFACES:AmigaGuide
AO_INSTALL_INTERFACES:Bullet
AO_INSTALL_INTERFACES:CardRes
AO_INSTALL_INTERFACES:Gadgets
AO_INSTALL_INTERFACES:DataTypes
AO_INSTALL_INTERFACES:Prefs
AO_INSTALL_INTERFACES:Sana2
AO_INSTALL_INTERFACES:RealTime
AO_INSTALL_INTERFACES:LowLevel
AO_INSTALL_INTERFACES:CDDevice
AO_INSTALL_INTERFACES:nonvolatile
AO_INSTALL_INTERFACES:Classface
AO_INSTALL_INTERFACES:RVI
AO_INSTALL_INTERFACES:ARP
AO_INSTALL_MODULES:GarbageCollector
AO_INSTALL_MODULES:MATHLIB
AO_INSTALL_MODULES:Strings
AO_INSTALL_MODULES:BasicTypes
AO_INSTALL_MODULES:Arguments
AO_INSTALL_MODULES:Requests
AO_INSTALL_MODULES:FArrays
AO_INSTALL_MODULES:LinkedLists
AO_INSTALL_MODULES:BinaryTrees
AO_INSTALL_MODULES:AVLTrees
AO_INSTALL_MODULES:COMPLEX
AO_INSTALL_MODULES:VECTOR
AO_INSTALL_MODULES:STRING
AO_INSTALL_MODULES:Alerts
AO_INSTALL_MODULES:Concurrency
AO_INSTALL_MODULES:ASCII
AO_INSTALL_MODULES:Lists
AO_INSTALL_MODULES:SecureDos
AO_INSTALL_MODULES:io
AO_INSTALL_MODULES:NoGuru
AO_INSTALL_MODULES:FileSystem
AO_INSTALL_MODULES:Mouse
AO_INSTALL_MODULES:Conversions
AO_INSTALL_MODULES:RealConversions
AO_INSTALL_MODULES:RealInOut
AO_INSTALL_MODULES:LongRealConversions
AO_INSTALL_MODULES:LongRealInOut
AO_INSTALL_MODULES:Beep
AO_INSTALL_MODULES:Display
AO_INSTALL_MODULES:AVL
AO_INSTALL_MODULES:Random
AO_INSTALL_MODULES:FileReq
AO_INSTALL_MODULES:Break
SET BreakRq
AO_INSTALL_MODULES:Break
CLEAR BreakRq
SET NoGuruRq
AO_INSTALL_MODULES:NoGuru
CLEAR NoGuruRq
AO_INSTALL_MODULES:Icons
AO_INSTALL_MODULES:Debug
AO_INSTALL_MODULES:UntracedAVL
AO_INSTALL_MODULES:UntracedLists
AO_INSTALL_MODULES:BigIntegers
AO_INSTALL_MODULES:BigQuotients
AO_INSTALL_MODULES:BigSets
AO_INSTALL_MODULES:Queues
AO_INSTALL_MODULES:Stacks
AO_INSTALL_MODULES:In
AO_INSTALL_MODULES:Out
AO_INSTALL_MODULES:XYplane
AO_INSTALL_MODULES:OberonSupport
AO_INSTALL_MODULES:Objects
