MMBase                  08-Apr-96 14:50:31  Hunk Section                Page 1-1

 num hunk         size filename         punit    type         base  alv     size
   0 text         2530 lib:c.o          c        code            0    0      2a0
                       MMBase.o         MMBase.c code          2a0    0      2fc
                       Control.o        Control. code          59c    0      660
                       Control_temp.o   Control_ code          bfc    0      428
                       lib:sc.lib       _constru code         1024    0       38
                       lib:sc.lib       _fpinit. code         105c    0       3c
                       lib:sc.lib       writes.c code         1098    0       30
                       lib:sc.lib       tinyprin code         10c8    0       bc
                       lib:sc.lib       _memclea code         1184    0       2c
                       lib:sc.lib       _stpcpy. code         11b0    0       14
                       lib:sc.lib       stcl_d.o code         11c4    0       3c
                       lib:sc.lib       _getbuff code         1200    0       48
                       lib:sc.lib       _ufb.c   code         1248    0       7c
                       lib:sc.lib       _write.c code         12c4    0      118
                       lib:sc.lib       _lseek.c code         13dc    0       98
                       lib:sc.lib       _cxovf.c code         1474    0       a0
                       lib:sc.lib       _CXD33.o code         1514    0       c4
                       lib:sc.lib       xcovf.o  code         15d8    0       10
                       lib:sc.lib       _exit.c  code         15e8    0       10
                       lib:sc.lib       _main.c  code         15f8    0      188
                       lib:sc.lib       _cxbrk.c code         1780    0      14c
                       lib:sc.lib       _chkufb. code         18cc    0       48
                       lib:sc.lib       _chkabor code         1914    0       4c
                       lib:sc.lib       memchr.o code         1960    0       24
                       lib:sc.lib       free.o   code         1984    0      16c
                       lib:sc.lib       malloc.o code         1af0    0      174
                       lib:sc.lib       exit.c   code         1c64    0       28
                       lib:sc.lib       puts.c   code         1c8c    0       28
                       lib:sc.lib       fputc.c  code         1cb4    0      190
                       lib:sc.lib       putc.o   code         1e44    0        8
                       lib:sc.lib       fflush.c code         1e4c    0       d8
                       lib:sc.lib       autoopen code         1f24    0      104
                       lib:sc.lib       gadtools code         2028    0       60
                       lib:sc.lib       diskfont code         2088    0       60
                       lib:sc.lib       asllib.c code         20e8    0       5c
                       lib:sc.lib       gfxlib.c code         2144    0       60
                       lib:sc.lib       intuitli code         21a4    0       60
                       lib:sc.lib       io2errno code         2204    0       68
                       lib:sc.lib       _iob.c   code         226c    0      22c
                       tdlib:toolbox.li TdDBaseL code         2498    0       98
   1 __MERGED      66c MMBase.o         MMBase.c data            0    0       8c
                       Control.o        Control. data           8c    0      1d8
                       Control_temp.o   Control_ data          264    0      1bc
                       T:VY1R5.0001     _ctdt.o  data          420    0       4c
                       lib:sc.lib       mstep.c  data          46c    0        4
                       lib:sc.lib       sigfunc. data          470    0       24
                       lib:sc.lib       _constru data          494    0        4
                       lib:sc.lib       stack.c  data          498    0        4
                       lib:sc.lib       _buffsiz data          49c    0        4
                       lib:sc.lib       _ufb.c   data          4a0    0        8
                       lib:sc.lib       _fmode.c data          4a8    0        8
                       lib:sc.lib       _cxovf.c data          4b0    0       3c
                       lib:sc.lib       _cxbrk.c data          4ec    0       50
MMBase                  08-Apr-96 14:50:31  Hunk Section                Page 1-2

 num hunk         size filename         punit    type         base  alv     size
                       lib:sc.lib       exitfunc data          53c    0        4
                       lib:sc.lib       _stdv36. data          540    0       14
                       lib:sc.lib       _stdwin. data          554    0       14
                       lib:sc.lib       io2errno data          568    0       40
                       lib:sc.lib       _iob.c   data          5a8    0       68
                       tdlib:toolbox.li TdDBver. data          610    0        4
                       tdlib:toolbox.li TdDBaseL data          614    0       58
                       lib:c.o          c        bss           66c    0       34
                       MMBase.o         MMBase.c bss           6a0    0        8
                       Control.o        Control. bss           6a8    0       58
                       lib:sc.lib       base.c   bss           700    0        4
                       lib:sc.lib       stkptr.c bss           704    0        4
                       lib:sc.lib       prgname. bss           708    0        4
                       lib:sc.lib       _onexit. bss           70c    0        4
                       lib:sc.lib       oserr.c  bss           710    0        4
                       lib:sc.lib       curdir.c bss           714    0        4
                       lib:sc.lib       wbmsg.c  bss           718    0        4
                       lib:sc.lib       errno.c  bss           71c    0        4
                       lib:sc.lib       memtype. bss           720    0        4
                       lib:sc.lib       _constru bss           724    0        4
                       lib:sc.lib       _memclea bss           728    0        4
                       lib:sc.lib       _ufb.c   bss           72c    0        8
                       lib:sc.lib       _main.c  bss           734    0        c
                       lib:sc.lib       stdioptr bss           740    0        8
                       lib:sc.lib       oslibver bss           748    0        4
                       lib:sc.lib       gadtools bss           74c    0        8
                       lib:sc.lib       diskfont bss           754    0        8
                       lib:sc.lib       asllib.c bss           75c    0        8
                       lib:sc.lib       gfxlib.c bss           764    0        8
                       lib:sc.lib       intuitli bss           76c    0        8
                       lib:sc.lib       _iob.c   bss           774    0       30
                       tdlib:toolbox.li TdDBaseL bss           7a4    0        8
