; WLALINK ($VER: wlalink 5.17 (24.6.2022)) listing file
; 2022-06-24 14:19:44

;Line Bank Slot PC   Offset Hex                             Source
                                                            
                                                            ;»»»»»»»»»»»»»»»»»»»»»»»»»»»»»»»»»»»»»»»»»»»»»»»»»»»»»»»»»»»»»»»»»»»»»»»»»»»»»»
                                                            ; a small example showing the wla z80 syntax
                                                            ; written by ville helin <vhelin@cc.hut.fi> in 1998-2000
                                                            ;»»»»»»»»»»»»»»»»»»»»»»»»»»»»»»»»»»»»»»»»»»»»»»»»»»»»»»»»»»»»»»»»»»»»»»»»»»»»»»
                                                            
                                                            .INCLUDE "defines.i"
                                                            
                                                            ;»»»»»»»»»»»»»»»»»»»»»»»»»»»»»»»»»»»»»»»»»»»»»»»»»»»»»»»»»»»»»»»»»»»»»»»»»»»»»»
                                                            ; main
                                                            ;»»»»»»»»»»»»»»»»»»»»»»»»»»»»»»»»»»»»»»»»»»»»»»»»»»»»»»»»»»»»»»»»»»»»»»»»»»»»»»
                                                            
                                                            .BANK 0 SLOT 0
                                                            .ORG 0
                                                            
                                                            .SECTION "BANKHEADER"
   17 0000 0000 0000 0000   07 00                                   .DW     MAIN            ; 07 00
   18 0000 0000 0002 0002   06                                      .DB     1+2+3           ; 06
   19 0000 0000 0003 0003   08 00                                   .DW     MAIN+1          ; 08 00
                                                            .ENDS
                                                            
                                                            
                                                            
                                                            .SECTION "Beginning"
                                                            
   26 0000 0000 0007 0007   00                              MAIN:   NOP
   27 0000 0000 0008 0008   C3 00 00                                JP      MORE_ACTION
                                                            .ENDS
                                                            
                                                            
                                                            
                                                            .SECTION "Action"
                                                            
                                                            MORE_ACTION:
   35 0000 0000 0000 0000   D9                                      EXX                     ; D9
   36 0000 0000 0001 0001   3D                                      DEC     A               ; 3D
   37 0000 0000 0002 0002   30 FC                                   JR      NC, MORE_ACTION
   38 0000 0000 0004 0004   C3 00 00                                JP      MORE_ACTION
                                                            
                                                            .ENDS
                                                            
                                                            
   43 0000 0000 0010 0010   10                              LOOSE:  .DB     $10             ; 10
   44 0000 0000 0011 0011   22 11                                   .DW     $1122           ; 22 11
                                                                    
                                                            
                                                                    .BANK 4 SLOT 1
                                                                    .ORG 0
                                                            
   50 0004 0001 2000 0000   20                              LATER:  .DB     $20             ; 20
   51 0004 0001 2001 0001   44 33                                   .DW     $3344           ; 44 33
                                                                    
